      |                                                      ~^                ~~~~~~~~~~~~~
      |                                                       |                  |
      |                                                       int                misterplex::CodedWidth {aka misterplex::PxCount<misterplex::CodedWidthTag>}
/home/flynnsbit/Projects/MisterPlex/tools/push_frame.cpp:192:58: warning: format ‘%d’ expects argument of type ‘int’, but argument 4 has type ‘misterplex::CodedHeight’ {aka ‘misterplex::PxCount<misterplex::CodedHeightTag>’} [-Wformat=]
  192 |             std::fprintf(stderr, "file too small for %dx%d YUV420p\n", g.coded_width,
      |                                                         ~^
      |                                                          |
      |                                                          int
  193 |                          g.coded_height);
      |                          ~~~~~~~~~~~~~~                   
      |                            |
      |                            misterplex::CodedHeight {aka misterplex::PxCount<misterplex::CodedHeightTag>}
/home/flynnsbit/Projects/mistercast-linux/third_party/arm-gnu-toolchain/bin/arm-none-linux-gnueabihf-g++ -std=c++17 -O2 -Wall -I/home/flynnsbit/Projects/MisterPlex/arm/misterplexd -I/home/flynnsbit/Projects/MisterPlex/host \
	-o /home/flynnsbit/Projects/MisterPlex/build/arm/set_status \
	/home/flynnsbit/Projects/MisterPlex/tools/set_status.cpp /home/flynnsbit/Projects/MisterPlex/arm/misterplexd/fpga_spi.cpp \
	-static
/home/flynnsbit/Projects/mistercast-linux/third_party/arm-gnu-toolchain/bin/arm-none-linux-gnueabihf-g++ -std=c++17 -O2 -Wall -I/home/flynnsbit/Projects/MisterPlex/host \
	-o /home/flynnsbit/Projects/MisterPlex/build/arm/input_mailbox_probe \
	/home/flynnsbit/Projects/MisterPlex/tools/input_mailbox_probe.cpp \
	-static
/home/flynnsbit/Projects/MisterPlex/build/arm/misterplexd:         ELF 32-bit LSB executable, ARM, EABI5 version 1 (GNU/Linux), statically linked, for GNU/Linux 3.2.0, with debug_info, not stripped
/home/flynnsbit/Projects/MisterPlex/build/arm/push_frame:          ELF 32-bit LSB executable, ARM, EABI5 version 1 (GNU/Linux), statically linked, for GNU/Linux 3.2.0, with debug_info, not stripped
/home/flynnsbit/Projects/MisterPlex/build/arm/set_status:          ELF 32-bit LSB executable, ARM, EABI5 version 1 (GNU/Linux), statically linked, for GNU/Linux 3.2.0, with debug_info, not stripped
/home/flynnsbit/Projects/MisterPlex/build/arm/input_mailbox_probe: ELF 32-bit LSB executable, ARM, EABI5 version 1 (GNU/Linux), statically linked, for GNU/Linux 3.2.0, with debug_info, not stripped
Built /home/flynnsbit/Projects/MisterPlex/build/arm/misterplexd + push_frame + set_status + input_mailbox_probe
