+-----------------------------------------------------------------------------------------------------------------------------------------------------------------------------------------------------------------------+
; Setup Transfers                                                                                                                                                                                                       ;
+-----------------------------------------------------------------------------------+-----------------------------------------------------------------------------------+--------------+----------+----------+----------+
; From Clock                                                                        ; To Clock                                                                          ; RR Paths     ; FR Paths ; RF Paths ; FF Paths ;
+-----------------------------------------------------------------------------------+-----------------------------------------------------------------------------------+--------------+----------+----------+----------+
; emu|pll|pll_inst|altera_pll_i|general[0].gpll~PLL_OUTPUT_COUNTER|divclk           ; emu|pll|pll_inst|altera_pll_i|general[0].gpll~PLL_OUTPUT_COUNTER|divclk           ; > 2147483647 ; 0        ; 0        ; 0        ;
; emu|pll|pll_inst|altera_pll_i|general[2].gpll~PLL_OUTPUT_COUNTER|divclk           ; emu|pll|pll_inst|altera_pll_i|general[0].gpll~PLL_OUTPUT_COUNTER|divclk           ; 76339        ; 0        ; 0        ; 0        ;
; FPGA_CLK1_50                                                                      ; emu|pll|pll_inst|altera_pll_i|general[0].gpll~PLL_OUTPUT_COUNTER|divclk           ; false path   ; 0        ; 0        ; 0        ;
; FPGA_CLK2_50                                                                      ; emu|pll|pll_inst|altera_pll_i|general[0].gpll~PLL_OUTPUT_COUNTER|divclk           ; false path   ; 0        ; 0        ; 0        ;
; pll_audio|pll_audio_inst|altera_pll_i|general[0].gpll~PLL_OUTPUT_COUNTER|divclk   ; emu|pll|pll_inst|altera_pll_i|general[0].gpll~PLL_OUTPUT_COUNTER|divclk           ; false path   ; 0        ; 0        ; 0        ;
; pll_hdmi|pll_hdmi_inst|altera_pll_i|cyclonev_pll|counter[0].output_counter|divclk ; emu|pll|pll_inst|altera_pll_i|general[0].gpll~PLL_OUTPUT_COUNTER|divclk           ; false path   ; 0        ; 0        ; 0        ;
; sysmem|fpga_interfaces|clocks_resets|h2f_user0_clk                                ; emu|pll|pll_inst|altera_pll_i|general[0].gpll~PLL_OUTPUT_COUNTER|divclk           ; false path   ; 0        ; 0        ; 0        ;
; emu|pll|pll_inst|altera_pll_i|general[0].gpll~PLL_OUTPUT_COUNTER|divclk           ; emu|pll|pll_inst|altera_pll_i|general[2].gpll~PLL_OUTPUT_COUNTER|divclk           ; 2307         ; 0        ; 0        ; 0        ;
; emu|pll|pll_inst|altera_pll_i|general[2].gpll~PLL_OUTPUT_COUNTER|divclk           ; emu|pll|pll_inst|altera_pll_i|general[2].gpll~PLL_OUTPUT_COUNTER|divclk           ; 1761083      ; 0        ; 0        ; 0        ;
; FPGA_CLK2_50                                                                      ; emu|pll|pll_inst|altera_pll_i|general[2].gpll~PLL_OUTPUT_COUNTER|divclk           ; false path   ; 0        ; 0        ; 0        ;
; pll_audio|pll_audio_inst|altera_pll_i|general[0].gpll~PLL_OUTPUT_COUNTER|divclk   ; emu|pll|pll_inst|altera_pll_i|general[2].gpll~PLL_OUTPUT_COUNTER|divclk           ; false path   ; 0        ; 0        ; 0        ;
; sysmem|fpga_interfaces|clocks_resets|h2f_user0_clk                                ; emu|pll|pll_inst|altera_pll_i|general[2].gpll~PLL_OUTPUT_COUNTER|divclk           ; false path   ; 0        ; 0        ; 0        ;
; emu|pll|pll_inst|altera_pll_i|general[0].gpll~PLL_OUTPUT_COUNTER|divclk           ; FPGA_CLK1_50                                                                      ; false path   ; 0        ; 0        ; 0        ;
; FPGA_CLK1_50                                                                      ; FPGA_CLK1_50                                                                      ; 2625771      ; 0        ; 0        ; 0        ;
; FPGA_CLK2_50                                                                      ; FPGA_CLK1_50                                                                      ; false path   ; 0        ; 0        ; 0        ;
; pll_hdmi|pll_hdmi_inst|altera_pll_i|cyclonev_pll|counter[0].output_counter|divclk ; FPGA_CLK1_50                                                                      ; false path   ; 0        ; 0        ; 0        ;
; emu|pll|pll_inst|altera_pll_i|general[0].gpll~PLL_OUTPUT_COUNTER|divclk           ; FPGA_CLK2_50                                                                      ; false path   ; 0        ; 0        ; 0        ;
; FPGA_CLK2_50                                                                      ; FPGA_CLK2_50                                                                      ; 18356        ; 0        ; 0        ; 0        ;
; pll_audio|pll_audio_inst|altera_pll_i|general[0].gpll~PLL_OUTPUT_COUNTER|divclk   ; FPGA_CLK2_50                                                                      ; false path   ; 0        ; 0        ; 0        ;
; sysmem|fpga_interfaces|clocks_resets|h2f_user0_clk                                ; FPGA_CLK2_50                                                                      ; false path   ; 0        ; 0        ; 0        ;
; emu|pll|pll_inst|altera_pll_i|general[0].gpll~PLL_OUTPUT_COUNTER|divclk           ; pll_audio|pll_audio_inst|altera_pll_i|general[0].gpll~PLL_OUTPUT_COUNTER|divclk   ; false path   ; 0        ; 0        ; 0        ;
; emu|pll|pll_inst|altera_pll_i|general[2].gpll~PLL_OUTPUT_COUNTER|divclk           ; pll_audio|pll_audio_inst|altera_pll_i|general[0].gpll~PLL_OUTPUT_COUNTER|divclk   ; false path   ; 0        ; 0        ; 0        ;
; FPGA_CLK2_50                                                                      ; pll_audio|pll_audio_inst|altera_pll_i|general[0].gpll~PLL_OUTPUT_COUNTER|divclk   ; false path   ; 0        ; 0        ; 0        ;
; pll_audio|pll_audio_inst|altera_pll_i|general[0].gpll~PLL_OUTPUT_COUNTER|divclk   ; pll_audio|pll_audio_inst|altera_pll_i|general[0].gpll~PLL_OUTPUT_COUNTER|divclk   ; > 2147483647 ; 0        ; 0        ; 0        ;
; pll_hdmi|pll_hdmi_inst|altera_pll_i|cyclonev_pll|counter[0].output_counter|divclk ; pll_audio|pll_audio_inst|altera_pll_i|general[0].gpll~PLL_OUTPUT_COUNTER|divclk   ; false path   ; 0        ; 0        ; 0        ;
; spi_sck                                                                           ; pll_audio|pll_audio_inst|altera_pll_i|general[0].gpll~PLL_OUTPUT_COUNTER|divclk   ; false path   ; 0        ; 0        ; 0        ;
; sysmem|fpga_interfaces|clocks_resets|h2f_user0_clk                                ; pll_audio|pll_audio_inst|altera_pll_i|general[0].gpll~PLL_OUTPUT_COUNTER|divclk   ; false path   ; 0        ; 0        ; 0        ;
; emu|pll|pll_inst|altera_pll_i|general[0].gpll~PLL_OUTPUT_COUNTER|divclk           ; pll_hdmi|pll_hdmi_inst|altera_pll_i|cyclonev_pll|counter[0].output_counter|divclk ; false path   ; 0        ; 0        ; 0        ;
; pll_hdmi|pll_hdmi_inst|altera_pll_i|cyclonev_pll|counter[0].output_counter|divclk ; pll_hdmi|pll_hdmi_inst|altera_pll_i|cyclonev_pll|counter[0].output_counter|divclk ; 141102       ; 0        ; 0        ; 0        ;
; sysmem|fpga_interfaces|clocks_resets|h2f_user0_clk                                ; pll_hdmi|pll_hdmi_inst|altera_pll_i|cyclonev_pll|counter[0].output_counter|divclk ; false path   ; 0        ; 0        ; 0        ;
; spi_sck                                                                           ; spi_sck                                                                           ; 1004         ; 0        ; 0        ; 0        ;
; emu|pll|pll_inst|altera_pll_i|general[0].gpll~PLL_OUTPUT_COUNTER|divclk           ; sysmem|fpga_interfaces|clocks_resets|h2f_user0_clk                                ; false path   ; 0        ; 0        ; 0        ;
; emu|pll|pll_inst|altera_pll_i|general[2].gpll~PLL_OUTPUT_COUNTER|divclk           ; sysmem|fpga_interfaces|clocks_resets|h2f_user0_clk                                ; false path   ; 0        ; 0        ; 0        ;
; FPGA_CLK2_50                                                                      ; sysmem|fpga_interfaces|clocks_resets|h2f_user0_clk                                ; false path   ; 0        ; 0        ; 0        ;
; pll_audio|pll_audio_inst|altera_pll_i|general[0].gpll~PLL_OUTPUT_COUNTER|divclk   ; sysmem|fpga_interfaces|clocks_resets|h2f_user0_clk                                ; false path   ; 0        ; 0        ; 0        ;
; pll_hdmi|pll_hdmi_inst|altera_pll_i|cyclonev_pll|counter[0].output_counter|divclk ; sysmem|fpga_interfaces|clocks_resets|h2f_user0_clk                                ; false path   ; 0        ; 0        ; 0        ;
; sysmem|fpga_interfaces|clocks_resets|h2f_user0_clk                                ; sysmem|fpga_interfaces|clocks_resets|h2f_user0_clk                                ; 10137        ; 0        ; 0        ; 0        ;
+-----------------------------------------------------------------------------------+-----------------------------------------------------------------------------------+--------------+----------+----------+----------+
Entries labeled "false path" only account for clock-to-clock false paths and not path-based false paths. As a result, actual path counts may be lower than reported.

+-----------------------------------------------------------------------------------------------------------------------------------------------------------------------------------------------------------------------+
; Hold Transfers                                                                                                                                                                                                        ;
+-----------------------------------------------------------------------------------+-----------------------------------------------------------------------------------+--------------+----------+----------+----------+
; From Clock                                                                        ; To Clock                                                                          ; RR Paths     ; FR Paths ; RF Paths ; FF Paths ;
+-----------------------------------------------------------------------------------+-----------------------------------------------------------------------------------+--------------+----------+----------+----------+
; emu|pll|pll_inst|altera_pll_i|general[0].gpll~PLL_OUTPUT_COUNTER|divclk           ; emu|pll|pll_inst|altera_pll_i|general[0].gpll~PLL_OUTPUT_COUNTER|divclk           ; > 2147483647 ; 0        ; 0        ; 0        ;
; emu|pll|pll_inst|altera_pll_i|general[2].gpll~PLL_OUTPUT_COUNTER|divclk           ; emu|pll|pll_inst|altera_pll_i|general[0].gpll~PLL_OUTPUT_COUNTER|divclk           ; 76339        ; 0        ; 0        ; 0        ;
; FPGA_CLK1_50                                                                      ; emu|pll|pll_inst|altera_pll_i|general[0].gpll~PLL_OUTPUT_COUNTER|divclk           ; false path   ; 0        ; 0        ; 0        ;
; FPGA_CLK2_50                                                                      ; emu|pll|pll_inst|altera_pll_i|general[0].gpll~PLL_OUTPUT_COUNTER|divclk           ; false path   ; 0        ; 0        ; 0        ;
; pll_audio|pll_audio_inst|altera_pll_i|general[0].gpll~PLL_OUTPUT_COUNTER|divclk   ; emu|pll|pll_inst|altera_pll_i|general[0].gpll~PLL_OUTPUT_COUNTER|divclk           ; false path   ; 0        ; 0        ; 0        ;
; pll_hdmi|pll_hdmi_inst|altera_pll_i|cyclonev_pll|counter[0].output_counter|divclk ; emu|pll|pll_inst|altera_pll_i|general[0].gpll~PLL_OUTPUT_COUNTER|divclk           ; false path   ; 0        ; 0        ; 0        ;
; sysmem|fpga_interfaces|clocks_resets|h2f_user0_clk                                ; emu|pll|pll_inst|altera_pll_i|general[0].gpll~PLL_OUTPUT_COUNTER|divclk           ; false path   ; 0        ; 0        ; 0        ;
; emu|pll|pll_inst|altera_pll_i|general[0].gpll~PLL_OUTPUT_COUNTER|divclk           ; emu|pll|pll_inst|altera_pll_i|general[2].gpll~PLL_OUTPUT_COUNTER|divclk           ; 2307         ; 0        ; 0        ; 0        ;
; emu|pll|pll_inst|altera_pll_i|general[2].gpll~PLL_OUTPUT_COUNTER|divclk           ; emu|pll|pll_inst|altera_pll_i|general[2].gpll~PLL_OUTPUT_COUNTER|divclk           ; 1761083      ; 0        ; 0        ; 0        ;
; FPGA_CLK2_50                                                                      ; emu|pll|pll_inst|altera_pll_i|general[2].gpll~PLL_OUTPUT_COUNTER|divclk           ; false path   ; 0        ; 0        ; 0        ;
; pll_audio|pll_audio_inst|altera_pll_i|general[0].gpll~PLL_OUTPUT_COUNTER|divclk   ; emu|pll|pll_inst|altera_pll_i|general[2].gpll~PLL_OUTPUT_COUNTER|divclk           ; false path   ; 0        ; 0        ; 0        ;
; sysmem|fpga_interfaces|clocks_resets|h2f_user0_clk                                ; emu|pll|pll_inst|altera_pll_i|general[2].gpll~PLL_OUTPUT_COUNTER|divclk           ; false path   ; 0        ; 0        ; 0        ;
; emu|pll|pll_inst|altera_pll_i|general[0].gpll~PLL_OUTPUT_COUNTER|divclk           ; FPGA_CLK1_50                                                                      ; false path   ; 0        ; 0        ; 0        ;
; FPGA_CLK1_50                                                                      ; FPGA_CLK1_50                                                                      ; 2625771      ; 0        ; 0        ; 0        ;
; FPGA_CLK2_50                                                                      ; FPGA_CLK1_50                                                                      ; false path   ; 0        ; 0        ; 0        ;
; pll_hdmi|pll_hdmi_inst|altera_pll_i|cyclonev_pll|counter[0].output_counter|divclk ; FPGA_CLK1_50                                                                      ; false path   ; 0        ; 0        ; 0        ;
; emu|pll|pll_inst|altera_pll_i|general[0].gpll~PLL_OUTPUT_COUNTER|divclk           ; FPGA_CLK2_50                                                                      ; false path   ; 0        ; 0        ; 0        ;
; FPGA_CLK2_50                                                                      ; FPGA_CLK2_50                                                                      ; 18356        ; 0        ; 0        ; 0        ;
; pll_audio|pll_audio_inst|altera_pll_i|general[0].gpll~PLL_OUTPUT_COUNTER|divclk   ; FPGA_CLK2_50                                                                      ; false path   ; 0        ; 0        ; 0        ;
; sysmem|fpga_interfaces|clocks_resets|h2f_user0_clk                                ; FPGA_CLK2_50                                                                      ; false path   ; 0        ; 0        ; 0        ;
; emu|pll|pll_inst|altera_pll_i|general[0].gpll~PLL_OUTPUT_COUNTER|divclk           ; pll_audio|pll_audio_inst|altera_pll_i|general[0].gpll~PLL_OUTPUT_COUNTER|divclk   ; false path   ; 0        ; 0        ; 0        ;
; emu|pll|pll_inst|altera_pll_i|general[2].gpll~PLL_OUTPUT_COUNTER|divclk           ; pll_audio|pll_audio_inst|altera_pll_i|general[0].gpll~PLL_OUTPUT_COUNTER|divclk   ; false path   ; 0        ; 0        ; 0        ;
; FPGA_CLK2_50                                                                      ; pll_audio|pll_audio_inst|altera_pll_i|general[0].gpll~PLL_OUTPUT_COUNTER|divclk   ; false path   ; 0        ; 0        ; 0        ;
; pll_audio|pll_audio_inst|altera_pll_i|general[0].gpll~PLL_OUTPUT_COUNTER|divclk   ; pll_audio|pll_audio_inst|altera_pll_i|general[0].gpll~PLL_OUTPUT_COUNTER|divclk   ; > 2147483647 ; 0        ; 0        ; 0        ;
; pll_hdmi|pll_hdmi_inst|altera_pll_i|cyclonev_pll|counter[0].output_counter|divclk ; pll_audio|pll_audio_inst|altera_pll_i|general[0].gpll~PLL_OUTPUT_COUNTER|divclk   ; false path   ; 0        ; 0        ; 0        ;
; spi_sck                                                                           ; pll_audio|pll_audio_inst|altera_pll_i|general[0].gpll~PLL_OUTPUT_COUNTER|divclk   ; false path   ; 0        ; 0        ; 0        ;
; sysmem|fpga_interfaces|clocks_resets|h2f_user0_clk                                ; pll_audio|pll_audio_inst|altera_pll_i|general[0].gpll~PLL_OUTPUT_COUNTER|divclk   ; false path   ; 0        ; 0        ; 0        ;
; emu|pll|pll_inst|altera_pll_i|general[0].gpll~PLL_OUTPUT_COUNTER|divclk           ; pll_hdmi|pll_hdmi_inst|altera_pll_i|cyclonev_pll|counter[0].output_counter|divclk ; false path   ; 0        ; 0        ; 0        ;
; pll_hdmi|pll_hdmi_inst|altera_pll_i|cyclonev_pll|counter[0].output_counter|divclk ; pll_hdmi|pll_hdmi_inst|altera_pll_i|cyclonev_pll|counter[0].output_counter|divclk ; 141102       ; 0        ; 0        ; 0        ;
; sysmem|fpga_interfaces|clocks_resets|h2f_user0_clk                                ; pll_hdmi|pll_hdmi_inst|altera_pll_i|cyclonev_pll|counter[0].output_counter|divclk ; false path   ; 0        ; 0        ; 0        ;
; spi_sck                                                                           ; spi_sck                                                                           ; 1004         ; 0        ; 0        ; 0        ;
; emu|pll|pll_inst|altera_pll_i|general[0].gpll~PLL_OUTPUT_COUNTER|divclk           ; sysmem|fpga_interfaces|clocks_resets|h2f_user0_clk                                ; false path   ; 0        ; 0        ; 0        ;
; emu|pll|pll_inst|altera_pll_i|general[2].gpll~PLL_OUTPUT_COUNTER|divclk           ; sysmem|fpga_interfaces|clocks_resets|h2f_user0_clk                                ; false path   ; 0        ; 0        ; 0        ;
; FPGA_CLK2_50                                                                      ; sysmem|fpga_interfaces|clocks_resets|h2f_user0_clk                                ; false path   ; 0        ; 0        ; 0        ;
; pll_audio|pll_audio_inst|altera_pll_i|general[0].gpll~PLL_OUTPUT_COUNTER|divclk   ; sysmem|fpga_interfaces|clocks_resets|h2f_user0_clk                                ; false path   ; 0        ; 0        ; 0        ;
; pll_hdmi|pll_hdmi_inst|altera_pll_i|cyclonev_pll|counter[0].output_counter|divclk ; sysmem|fpga_interfaces|clocks_resets|h2f_user0_clk                                ; false path   ; 0        ; 0        ; 0        ;
; sysmem|fpga_interfaces|clocks_resets|h2f_user0_clk                                ; sysmem|fpga_interfaces|clocks_resets|h2f_user0_clk                                ; 10137        ; 0        ; 0        ; 0        ;
+-----------------------------------------------------------------------------------+-----------------------------------------------------------------------------------+--------------+----------+----------+----------+
Entries labeled "false path" only account for clock-to-clock false paths and not path-based false paths. As a result, actual path counts may be lower than reported.

+---------------------------------------------------------------------------------------------------------------------------------------------------------------------------------------------------------------------+
; Recovery Transfers                                                                                                                                                                                                  ;
+-----------------------------------------------------------------------------------+-----------------------------------------------------------------------------------+------------+----------+----------+----------+
; From Clock                                                                        ; To Clock                                                                          ; RR Paths   ; FR Paths ; RF Paths ; FF Paths ;
+-----------------------------------------------------------------------------------+-----------------------------------------------------------------------------------+------------+----------+----------+----------+
; emu|pll|pll_inst|altera_pll_i|general[0].gpll~PLL_OUTPUT_COUNTER|divclk           ; emu|pll|pll_inst|altera_pll_i|general[0].gpll~PLL_OUTPUT_COUNTER|divclk           ; 2          ; 0        ; 0        ; 0        ;
; FPGA_CLK2_50                                                                      ; emu|pll|pll_inst|altera_pll_i|general[0].gpll~PLL_OUTPUT_COUNTER|divclk           ; false path ; 0        ; 0        ; 0        ;
; emu|pll|pll_inst|altera_pll_i|general[0].gpll~PLL_OUTPUT_COUNTER|divclk           ; emu|pll|pll_inst|altera_pll_i|general[2].gpll~PLL_OUTPUT_COUNTER|divclk           ; 4          ; 0        ; 0        ; 0        ;
; FPGA_CLK2_50                                                                      ; emu|pll|pll_inst|altera_pll_i|general[2].gpll~PLL_OUTPUT_COUNTER|divclk           ; false path ; 0        ; 0        ; 0        ;
; sysmem|fpga_interfaces|clocks_resets|h2f_user0_clk                                ; emu|pll|pll_inst|altera_pll_i|general[2].gpll~PLL_OUTPUT_COUNTER|divclk           ; false path ; 0        ; 0        ; 0        ;
; FPGA_CLK1_50                                                                      ; FPGA_CLK1_50                                                                      ; 10         ; 0        ; 0        ; 0        ;
; FPGA_CLK2_50                                                                      ; FPGA_CLK1_50                                                                      ; false path ; 0        ; 0        ; 0        ;
; emu|pll|pll_inst|altera_pll_i|general[0].gpll~PLL_OUTPUT_COUNTER|divclk           ; pll_audio|pll_audio_inst|altera_pll_i|general[0].gpll~PLL_OUTPUT_COUNTER|divclk   ; false path ; 0        ; 0        ; 0        ;
; FPGA_CLK2_50                                                                      ; pll_audio|pll_audio_inst|altera_pll_i|general[0].gpll~PLL_OUTPUT_COUNTER|divclk   ; false path ; 0        ; 0        ; 0        ;
; sysmem|fpga_interfaces|clocks_resets|h2f_user0_clk                                ; pll_audio|pll_audio_inst|altera_pll_i|general[0].gpll~PLL_OUTPUT_COUNTER|divclk   ; false path ; 0        ; 0        ; 0        ;
; FPGA_CLK2_50                                                                      ; pll_hdmi|pll_hdmi_inst|altera_pll_i|cyclonev_pll|counter[0].output_counter|divclk ; false path ; 0        ; 0        ; 0        ;
; pll_hdmi|pll_hdmi_inst|altera_pll_i|cyclonev_pll|counter[0].output_counter|divclk ; pll_hdmi|pll_hdmi_inst|altera_pll_i|cyclonev_pll|counter[0].output_counter|divclk ; 13         ; 0        ; 0        ; 0        ;
; FPGA_CLK2_50                                                                      ; sysmem|fpga_interfaces|clocks_resets|h2f_user0_clk                                ; false path ; 0        ; 0        ; 0        ;
; sysmem|fpga_interfaces|clocks_resets|h2f_user0_clk                                ; sysmem|fpga_interfaces|clocks_resets|h2f_user0_clk                                ; 7          ; 0        ; 0        ; 0        ;
+-----------------------------------------------------------------------------------+-----------------------------------------------------------------------------------+------------+----------+----------+----------+
Entries labeled "false path" only account for clock-to-clock false paths and not path-based false paths. As a result, actual path counts may be lower than reported.

+---------------------------------------------------------------------------------------------------------------------------------------------------------------------------------------------------------------------+
; Removal Transfers                                                                                                                                                                                                   ;
+-----------------------------------------------------------------------------------+-----------------------------------------------------------------------------------+------------+----------+----------+----------+
; From Clock                                                                        ; To Clock                                                                          ; RR Paths   ; FR Paths ; RF Paths ; FF Paths ;
+-----------------------------------------------------------------------------------+-----------------------------------------------------------------------------------+------------+----------+----------+----------+
; emu|pll|pll_inst|altera_pll_i|general[0].gpll~PLL_OUTPUT_COUNTER|divclk           ; emu|pll|pll_inst|altera_pll_i|general[0].gpll~PLL_OUTPUT_COUNTER|divclk           ; 2          ; 0        ; 0        ; 0        ;
; FPGA_CLK2_50                                                                      ; emu|pll|pll_inst|altera_pll_i|general[0].gpll~PLL_OUTPUT_COUNTER|divclk           ; false path ; 0        ; 0        ; 0        ;
; emu|pll|pll_inst|altera_pll_i|general[0].gpll~PLL_OUTPUT_COUNTER|divclk           ; emu|pll|pll_inst|altera_pll_i|general[2].gpll~PLL_OUTPUT_COUNTER|divclk           ; 4          ; 0        ; 0        ; 0        ;
; FPGA_CLK2_50                                                                      ; emu|pll|pll_inst|altera_pll_i|general[2].gpll~PLL_OUTPUT_COUNTER|divclk           ; false path ; 0        ; 0        ; 0        ;
; sysmem|fpga_interfaces|clocks_resets|h2f_user0_clk                                ; emu|pll|pll_inst|altera_pll_i|general[2].gpll~PLL_OUTPUT_COUNTER|divclk           ; false path ; 0        ; 0        ; 0        ;
; FPGA_CLK1_50                                                                      ; FPGA_CLK1_50                                                                      ; 10         ; 0        ; 0        ; 0        ;
; FPGA_CLK2_50                                                                      ; FPGA_CLK1_50                                                                      ; false path ; 0        ; 0        ; 0        ;
; emu|pll|pll_inst|altera_pll_i|general[0].gpll~PLL_OUTPUT_COUNTER|divclk           ; pll_audio|pll_audio_inst|altera_pll_i|general[0].gpll~PLL_OUTPUT_COUNTER|divclk   ; false path ; 0        ; 0        ; 0        ;
; FPGA_CLK2_50                                                                      ; pll_audio|pll_audio_inst|altera_pll_i|general[0].gpll~PLL_OUTPUT_COUNTER|divclk   ; false path ; 0        ; 0        ; 0        ;
; sysmem|fpga_interfaces|clocks_resets|h2f_user0_clk                                ; pll_audio|pll_audio_inst|altera_pll_i|general[0].gpll~PLL_OUTPUT_COUNTER|divclk   ; false path ; 0        ; 0        ; 0        ;
; FPGA_CLK2_50                                                                      ; pll_hdmi|pll_hdmi_inst|altera_pll_i|cyclonev_pll|counter[0].output_counter|divclk ; false path ; 0        ; 0        ; 0        ;
; pll_hdmi|pll_hdmi_inst|altera_pll_i|cyclonev_pll|counter[0].output_counter|divclk ; pll_hdmi|pll_hdmi_inst|altera_pll_i|cyclonev_pll|counter[0].output_counter|divclk ; 13         ; 0        ; 0        ; 0        ;
; FPGA_CLK2_50                                                                      ; sysmem|fpga_interfaces|clocks_resets|h2f_user0_clk                                ; false path ; 0        ; 0        ; 0        ;
; sysmem|fpga_interfaces|clocks_resets|h2f_user0_clk                                ; sysmem|fpga_interfaces|clocks_resets|h2f_user0_clk                                ; 7          ; 0        ; 0        ; 0        ;
+-----------------------------------------------------------------------------------+-----------------------------------------------------------------------------------+------------+----------+----------+----------+
Entries labeled "false path" only account for clock-to-clock false paths and not path-based false paths. As a result, actual path counts may be lower than reported.

