%Warning-WIDTHEXPAND: fpga/Plex_MiSTer/rtl/h264_intra_pred.sv:266:22: Operator ADD expects 32 bits on the LHS, but LHS's ARRAYSEL generates 8 bits.
                                                                    : ... note: In instance 'p3_i16_plane_tb.uut'
  266 |    sa_lo = ((above[0]+above[1]) + (above[2]+above[3]))
      |                      ^
                      ... For warning description see https://verilator.org/warn/WIDTHEXPAND?v=5.051
                      ... Use "/* verilator lint_off WIDTHEXPAND */" and lint_on around source to disable this message.
%Warning-WIDTHEXPAND: fpga/Plex_MiSTer/rtl/h264_intra_pred.sv:266:22: Operator ADD expects 32 bits on the RHS, but RHS's ARRAYSEL generates 8 bits.
                                                                    : ... note: In instance 'p3_i16_plane_tb.uut'
  266 |    sa_lo = ((above[0]+above[1]) + (above[2]+above[3]))
      |                      ^
%Warning-WIDTHEXPAND: fpga/Plex_MiSTer/rtl/h264_intra_pred.sv:266:44: Operator ADD expects 32 bits on the LHS, but LHS's ARRAYSEL generates 8 bits.
                                                                    : ... note: In instance 'p3_i16_plane_tb.uut'
  266 |    sa_lo = ((above[0]+above[1]) + (above[2]+above[3]))
      |                                            ^
%Warning-WIDTHEXPAND: fpga/Plex_MiSTer/rtl/h264_intra_pred.sv:266:44: Operator ADD expects 32 bits on the RHS, but RHS's ARRAYSEL generates 8 bits.
                                                                    : ... note: In instance 'p3_i16_plane_tb.uut'
  266 |    sa_lo = ((above[0]+above[1]) + (above[2]+above[3]))
      |                                            ^
%Warning-WIDTHEXPAND: fpga/Plex_MiSTer/rtl/h264_intra_pred.sv:267:22: Operator ADD expects 32 bits on the LHS, but LHS's ARRAYSEL generates 8 bits.
                                                                    : ... note: In instance 'p3_i16_plane_tb.uut'
  267 |          + ((above[4]+above[5]) + (above[6]+above[7]));
      |                      ^
%Warning-WIDTHEXPAND: fpga/Plex_MiSTer/rtl/h264_intra_pred.sv:267:22: Operator ADD expects 32 bits on the RHS, but RHS's ARRAYSEL generates 8 bits.
                                                                    : ... note: In instance 'p3_i16_plane_tb.uut'
  267 |          + ((above[4]+above[5]) + (above[6]+above[7]));
      |                      ^
%Warning-WIDTHEXPAND: fpga/Plex_MiSTer/rtl/h264_intra_pred.sv:267:44: Operator ADD expects 32 bits on the LHS, but LHS's ARRAYSEL generates 8 bits.
                                                                    : ... note: In instance 'p3_i16_plane_tb.uut'
  267 |          + ((above[4]+above[5]) + (above[6]+above[7]));
      |                                            ^
%Warning-WIDTHEXPAND: fpga/Plex_MiSTer/rtl/h264_intra_pred.sv:267:44: Operator ADD expects 32 bits on the RHS, but RHS's ARRAYSEL generates 8 bits.
                                                                    : ... note: In instance 'p3_i16_plane_tb.uut'
  267 |          + ((above[4]+above[5]) + (above[6]+above[7]));
      |                                            ^
%Warning-WIDTHEXPAND: fpga/Plex_MiSTer/rtl/h264_intra_pred.sv:268:22: Operator ADD expects 32 bits on the LHS, but LHS's ARRAYSEL generates 8 bits.
                                                                    : ... note: In instance 'p3_i16_plane_tb.uut'
  268 |    sa_hi = ((above[8]+above[9]) + (above[10]+above[11]))
      |                      ^
%Warning-WIDTHEXPAND: fpga/Plex_MiSTer/rtl/h264_intra_pred.sv:268:22: Operator ADD expects 32 bits on the RHS, but RHS's ARRAYSEL generates 8 bits.
                                                                    : ... note: In instance 'p3_i16_plane_tb.uut'
  268 |    sa_hi = ((above[8]+above[9]) + (above[10]+above[11]))
      |                      ^
%Warning-WIDTHEXPAND: fpga/Plex_MiSTer/rtl/h264_intra_pred.sv:268:45: Operator ADD expects 32 bits on the LHS, but LHS's ARRAYSEL generates 8 bits.
                                                                    : ... note: In instance 'p3_i16_plane_tb.uut'
  268 |    sa_hi = ((above[8]+above[9]) + (above[10]+above[11]))
      |                                             ^
%Warning-WIDTHEXPAND: fpga/Plex_MiSTer/rtl/h264_intra_pred.sv:268:45: Operator ADD expects 32 bits on the RHS, but RHS's ARRAYSEL generates 8 bits.
                                                                    : ... note: In instance 'p3_i16_plane_tb.uut'
  268 |    sa_hi = ((above[8]+above[9]) + (above[10]+above[11]))
      |                                             ^
%Warning-WIDTHEXPAND: fpga/Plex_MiSTer/rtl/h264_intra_pred.sv:269:23: Operator ADD expects 32 bits on the LHS, but LHS's ARRAYSEL generates 8 bits.
                                                                    : ... note: In instance 'p3_i16_plane_tb.uut'
  269 |          + ((above[12]+above[13]) + (above[14]+above[15]));
      |                       ^
%Warning-WIDTHEXPAND: fpga/Plex_MiSTer/rtl/h264_intra_pred.sv:269:23: Operator ADD expects 32 bits on the RHS, but RHS's ARRAYSEL generates 8 bits.
                                                                    : ... note: In instance 'p3_i16_plane_tb.uut'
  269 |          + ((above[12]+above[13]) + (above[14]+above[15]));
      |                       ^
%Warning-WIDTHEXPAND: fpga/Plex_MiSTer/rtl/h264_intra_pred.sv:269:47: Operator ADD expects 32 bits on the LHS, but LHS's ARRAYSEL generates 8 bits.
                                                                    : ... note: In instance 'p3_i16_plane_tb.uut'
  269 |          + ((above[12]+above[13]) + (above[14]+above[15]));
      |                                               ^
%Warning-WIDTHEXPAND: fpga/Plex_MiSTer/rtl/h264_intra_pred.sv:269:47: Operator ADD expects 32 bits on the RHS, but RHS's ARRAYSEL generates 8 bits.
                                                                    : ... note: In instance 'p3_i16_plane_tb.uut'
  269 |          + ((above[12]+above[13]) + (above[14]+above[15]));
      |                                               ^
%Warning-WIDTHEXPAND: fpga/Plex_MiSTer/rtl/h264_intra_pred.sv:270:21: Operator ADD expects 32 bits on the LHS, but LHS's ARRAYSEL generates 8 bits.
                                                                    : ... note: In instance 'p3_i16_plane_tb.uut'
  270 |    sl_lo = ((left[0]+left[1]) + (left[2]+left[3]))
      |                     ^
%Warning-WIDTHEXPAND: fpga/Plex_MiSTer/rtl/h264_intra_pred.sv:270:21: Operator ADD expects 32 bits on the RHS, but RHS's ARRAYSEL generates 8 bits.
                                                                    : ... note: In instance 'p3_i16_plane_tb.uut'
  270 |    sl_lo = ((left[0]+left[1]) + (left[2]+left[3]))
      |                     ^
%Warning-WIDTHEXPAND: fpga/Plex_MiSTer/rtl/h264_intra_pred.sv:270:41: Operator ADD expects 32 bits on the LHS, but LHS's ARRAYSEL generates 8 bits.
                                                                    : ... note: In instance 'p3_i16_plane_tb.uut'
  270 |    sl_lo = ((left[0]+left[1]) + (left[2]+left[3]))
      |                                         ^
%Warning-WIDTHEXPAND: fpga/Plex_MiSTer/rtl/h264_intra_pred.sv:270:41: Operator ADD expects 32 bits on the RHS, but RHS's ARRAYSEL generates 8 bits.
                                                                    : ... note: In instance 'p3_i16_plane_tb.uut'
  270 |    sl_lo = ((left[0]+left[1]) + (left[2]+left[3]))
      |                                         ^
%Warning-WIDTHEXPAND: fpga/Plex_MiSTer/rtl/h264_intra_pred.sv:271:21: Operator ADD expects 32 bits on the LHS, but LHS's ARRAYSEL generates 8 bits.
                                                                    : ... note: In instance 'p3_i16_plane_tb.uut'
  271 |          + ((left[4]+left[5]) + (left[6]+left[7]));
      |                     ^
%Warning-WIDTHEXPAND: fpga/Plex_MiSTer/rtl/h264_intra_pred.sv:271:21: Operator ADD expects 32 bits on the RHS, but RHS's ARRAYSEL generates 8 bits.
                                                                    : ... note: In instance 'p3_i16_plane_tb.uut'
  271 |          + ((left[4]+left[5]) + (left[6]+left[7]));
      |                     ^
%Warning-WIDTHEXPAND: fpga/Plex_MiSTer/rtl/h264_intra_pred.sv:271:41: Operator ADD expects 32 bits on the LHS, but LHS's ARRAYSEL generates 8 bits.
                                                                    : ... note: In instance 'p3_i16_plane_tb.uut'
  271 |          + ((left[4]+left[5]) + (left[6]+left[7]));
      |                                         ^
%Warning-WIDTHEXPAND: fpga/Plex_MiSTer/rtl/h264_intra_pred.sv:271:41: Operator ADD expects 32 bits on the RHS, but RHS's ARRAYSEL generates 8 bits.
                                                                    : ... note: In instance 'p3_i16_plane_tb.uut'
  271 |          + ((left[4]+left[5]) + (left[6]+left[7]));
      |                                         ^
%Warning-WIDTHEXPAND: fpga/Plex_MiSTer/rtl/h264_intra_pred.sv:272:21: Operator ADD expects 32 bits on the LHS, but LHS's ARRAYSEL generates 8 bits.
                                                                    : ... note: In instance 'p3_i16_plane_tb.uut'
  272 |    sl_hi = ((left[8]+left[9]) + (left[10]+left[11]))
      |                     ^
%Warning-WIDTHEXPAND: fpga/Plex_MiSTer/rtl/h264_intra_pred.sv:272:21: Operator ADD expects 32 bits on the RHS, but RHS's ARRAYSEL generates 8 bits.
                                                                    : ... note: In instance 'p3_i16_plane_tb.uut'
  272 |    sl_hi = ((left[8]+left[9]) + (left[10]+left[11]))
      |                     ^
%Warning-WIDTHEXPAND: fpga/Plex_MiSTer/rtl/h264_intra_pred.sv:272:42: Operator ADD expects 32 bits on the LHS, but LHS's ARRAYSEL generates 8 bits.
                                                                    : ... note: In instance 'p3_i16_plane_tb.uut'
  272 |    sl_hi = ((left[8]+left[9]) + (left[10]+left[11]))
      |                                          ^
%Warning-WIDTHEXPAND: fpga/Plex_MiSTer/rtl/h264_intra_pred.sv:272:42: Operator ADD expects 32 bits on the RHS, but RHS's ARRAYSEL generates 8 bits.
                                                                    : ... note: In instance 'p3_i16_plane_tb.uut'
  272 |    sl_hi = ((left[8]+left[9]) + (left[10]+left[11]))
      |                                          ^
%Warning-WIDTHEXPAND: fpga/Plex_MiSTer/rtl/h264_intra_pred.sv:273:22: Operator ADD expects 32 bits on the LHS, but LHS's ARRAYSEL generates 8 bits.
                                                                    : ... note: In instance 'p3_i16_plane_tb.uut'
  273 |          + ((left[12]+left[13]) + (left[14]+left[15]));
      |                      ^
%Warning-WIDTHEXPAND: fpga/Plex_MiSTer/rtl/h264_intra_pred.sv:273:22: Operator ADD expects 32 bits on the RHS, but RHS's ARRAYSEL generates 8 bits.
                                                                    : ... note: In instance 'p3_i16_plane_tb.uut'
  273 |          + ((left[12]+left[13]) + (left[14]+left[15]));
      |                      ^
%Warning-WIDTHEXPAND: fpga/Plex_MiSTer/rtl/h264_intra_pred.sv:273:44: Operator ADD expects 32 bits on the LHS, but LHS's ARRAYSEL generates 8 bits.
                                                                    : ... note: In instance 'p3_i16_plane_tb.uut'
  273 |          + ((left[12]+left[13]) + (left[14]+left[15]));
      |                                            ^
%Warning-WIDTHEXPAND: fpga/Plex_MiSTer/rtl/h264_intra_pred.sv:273:44: Operator ADD expects 32 bits on the RHS, but RHS's ARRAYSEL generates 8 bits.
                                                                    : ... note: In instance 'p3_i16_plane_tb.uut'
  273 |          + ((left[12]+left[13]) + (left[14]+left[15]));
      |                                            ^
%Warning-WIDTHTRUNC: fpga/Plex_MiSTer/rtl/h264_intra_pred.sv:278:36: Operator ASSIGNDLY expects 8 bits on the Assign RHS, but Assign RHS's SHIFTRS generates 32 bits.
                                                                   : ... note: In instance 'p3_i16_plane_tb.uut'
  278 |    if (has_above && has_left) dc_r <= (sum + 16) >>> 5;
      |                                    ^~
                     ... For warning description see https://verilator.org/warn/WIDTHTRUNC?v=5.051
                     ... Use "/* verilator lint_off WIDTHTRUNC */" and lint_on around source to disable this message.
%Warning-WIDTHTRUNC: fpga/Plex_MiSTer/rtl/h264_intra_pred.sv:279:41: Operator ASSIGNDLY expects 8 bits on the Assign RHS, but Assign RHS's SHIFTRS generates 32 bits.
                                                                   : ... note: In instance 'p3_i16_plane_tb.uut'
  279 |    else if (has_above || has_left) dc_r <= (sum + 8) >>> 4;
      |                                         ^~
%Warning-WIDTHEXPAND: fpga/Plex_MiSTer/rtl/h264_intra_pred.sv:285:43: Operator SUB expects 32 bits on the LHS, but LHS's SIGNED generates 9 bits.
                                                                    : ... note: In instance 'p3_i16_plane_tb.uut'
  285 |     diff = $signed({1'b0, above[8 + gi]}) -
      |                                           ^
%Warning-WIDTHEXPAND: fpga/Plex_MiSTer/rtl/h264_intra_pred.sv:286:17: Operator COND expects 32 bits on the Conditional True, but Conditional True's SIGNED generates 9 bits.
                                                                    : ... note: In instance 'p3_i16_plane_tb.uut'
  286 |      ((gi == 7) ? $signed({1'b0, top_left}) : $signed({1'b0, above[6 - gi]}));
      |                 ^
%Warning-WIDTHEXPAND: fpga/Plex_MiSTer/rtl/h264_intra_pred.sv:286:17: Operator COND expects 32 bits on the Conditional False, but Conditional False's SIGNED generates 9 bits.
                                                                    : ... note: In instance 'p3_i16_plane_tb.uut'
  286 |      ((gi == 7) ? $signed({1'b0, top_left}) : $signed({1'b0, above[6 - gi]}));
      |                 ^
%Warning-WIDTHEXPAND: fpga/Plex_MiSTer/rtl/h264_intra_pred.sv:288:42: Operator SUB expects 32 bits on the LHS, but LHS's SIGNED generates 9 bits.
                                                                    : ... note: In instance 'p3_i16_plane_tb.uut'
  288 |     diff = $signed({1'b0, left[8 + gi]}) -
      |                                          ^
%Warning-WIDTHEXPAND: fpga/Plex_MiSTer/rtl/h264_intra_pred.sv:289:17: Operator COND expects 32 bits on the Conditional True, but Conditional True's SIGNED generates 9 bits.
                                                                    : ... note: In instance 'p3_i16_plane_tb.uut'
  289 |      ((gi == 7) ? $signed({1'b0, top_left}) : $signed({1'b0, left[6 - gi]}));
      |                 ^
%Warning-WIDTHEXPAND: fpga/Plex_MiSTer/rtl/h264_intra_pred.sv:289:17: Operator COND expects 32 bits on the Conditional False, but Conditional False's SIGNED generates 9 bits.
                                                                    : ... note: In instance 'p3_i16_plane_tb.uut'
  289 |      ((gi == 7) ? $signed({1'b0, top_left}) : $signed({1'b0, left[6 - gi]}));
      |                 ^
%Warning-WIDTHEXPAND: fpga/Plex_MiSTer/rtl/h264_intra_pred.sv:293:38: Operator ADD expects 32 bits on the LHS, but LHS's SIGNED generates 9 bits.
                                                                    : ... note: In instance 'p3_i16_plane_tb.uut'
  293 |    a_c = ($signed({1'b0, above[15]}) + $signed({1'b0, left[15]})) <<< 4;
      |                                      ^
%Warning-WIDTHEXPAND: fpga/Plex_MiSTer/rtl/h264_intra_pred.sv:293:38: Operator ADD expects 32 bits on the RHS, but RHS's SIGNED generates 9 bits.
                                                                    : ... note: In instance 'p3_i16_plane_tb.uut'
  293 |    a_c = ($signed({1'b0, above[15]}) + $signed({1'b0, left[15]})) <<< 4;
      |                                      ^
%Warning-WIDTHEXPAND: fpga/Plex_MiSTer/rtl/h264_intra_pred.sv:305:7: Operator ASSIGN expects 32 bits on the Assign RHS, but Assign RHS's SEL generates 4 bits.
                                                                   : ... note: In instance 'p3_i16_plane_tb.uut'
  305 |     x = k[3:0];
      |       ^
%Warning-WIDTHEXPAND: fpga/Plex_MiSTer/rtl/h264_intra_pred.sv:306:7: Operator ASSIGN expects 32 bits on the Assign RHS, but Assign RHS's SEL generates 4 bits.
                                                                   : ... note: In instance 'p3_i16_plane_tb.uut'
  306 |     y = k[7:4];
      |       ^
make: Entering directory '/home/flynnsbit/Projects/MisterPlex/.worktrees/rtl-real-ref-measure/build/verilator/p3_i16_plane_serial'
g++  -I.  -MMD -I/home/flynnsbit/.local/oss-cad-suite/share/verilator/include -I/home/flynnsbit/.local/oss-cad-suite/share/verilator/include/vltstd -DVERILATOR=1 -DVM_COVERAGE=0 -DVM_SC=0 -DVM_TIMING=0 -DVM_TRACE=0 -DVM_TRACE_FST=0 -DVM_TRACE_VCD=0 -DVM_TRACE_SAIF=0 -DVM_VPI=0 -faligned-new -fcf-protection=none -Wno-bool-operation -Wno-int-in-bool-context -Wno-shadow -Wno-sign-compare -Wno-subobject-linkage -Wno-tautological-compare -Wno-uninitialized -Wno-unused-but-set-parameter -Wno-unused-but-set-variable -Wno-unused-parameter -Wno-unused-variable    -std=c++17 -O2   -Os  -c -o test_p3_i16_plane_verilator.o ../../../tests/unit/test_p3_i16_plane_verilator.cpp
g++ -Os  -I.  -MMD -I/home/flynnsbit/.local/oss-cad-suite/share/verilator/include -I/home/flynnsbit/.local/oss-cad-suite/share/verilator/include/vltstd -DVERILATOR=1 -DVM_COVERAGE=0 -DVM_SC=0 -DVM_TIMING=0 -DVM_TRACE=0 -DVM_TRACE_FST=0 -DVM_TRACE_VCD=0 -DVM_TRACE_SAIF=0 -DVM_VPI=0 -faligned-new -fcf-protection=none -Wno-bool-operation -Wno-int-in-bool-context -Wno-shadow -Wno-sign-compare -Wno-subobject-linkage -Wno-tautological-compare -Wno-uninitialized -Wno-unused-but-set-parameter -Wno-unused-but-set-variable -Wno-unused-parameter -Wno-unused-variable    -std=c++17 -O2   -c -o verilated.o /home/flynnsbit/.local/oss-cad-suite/share/verilator/include/verilated.cpp
g++ -Os  -I.  -MMD -I/home/flynnsbit/.local/oss-cad-suite/share/verilator/include -I/home/flynnsbit/.local/oss-cad-suite/share/verilator/include/vltstd -DVERILATOR=1 -DVM_COVERAGE=0 -DVM_SC=0 -DVM_TIMING=0 -DVM_TRACE=0 -DVM_TRACE_FST=0 -DVM_TRACE_VCD=0 -DVM_TRACE_SAIF=0 -DVM_VPI=0 -faligned-new -fcf-protection=none -Wno-bool-operation -Wno-int-in-bool-context -Wno-shadow -Wno-sign-compare -Wno-subobject-linkage -Wno-tautological-compare -Wno-uninitialized -Wno-unused-but-set-parameter -Wno-unused-but-set-variable -Wno-unused-parameter -Wno-unused-variable    -std=c++17 -O2   -c -o verilated_threads.o /home/flynnsbit/.local/oss-cad-suite/share/verilator/include/verilated_threads.cpp
python3 /home/flynnsbit/.local/oss-cad-suite/share/verilator/bin/verilator_includer -DVL_INCLUDE_OPT=include Vp3_i16_plane_tb.cpp Vp3_i16_plane_tb___024root__0.cpp Vp3_i16_plane_tb___024root__Slow.cpp Vp3_i16_plane_tb___024root__0__Slow.cpp Vp3_i16_plane_tb__Syms__Slow.cpp > Vp3_i16_plane_tb__ALL.cpp
g++ -Os  -I.  -MMD -I/home/flynnsbit/.local/oss-cad-suite/share/verilator/include -I/home/flynnsbit/.local/oss-cad-suite/share/verilator/include/vltstd -DVERILATOR=1 -DVM_COVERAGE=0 -DVM_SC=0 -DVM_TIMING=0 -DVM_TRACE=0 -DVM_TRACE_FST=0 -DVM_TRACE_VCD=0 -DVM_TRACE_SAIF=0 -DVM_VPI=0 -faligned-new -fcf-protection=none -Wno-bool-operation -Wno-int-in-bool-context -Wno-shadow -Wno-sign-compare -Wno-subobject-linkage -Wno-tautological-compare -Wno-uninitialized -Wno-unused-but-set-parameter -Wno-unused-but-set-variable -Wno-unused-parameter -Wno-unused-variable    -std=c++17 -O2   -c -o Vp3_i16_plane_tb__ALL.o Vp3_i16_plane_tb__ALL.cpp
g++    test_p3_i16_plane_verilator.o verilated.o verilated_threads.o Vp3_i16_plane_tb__ALL.a    -pthread -lpthread -latomic   -o Vp3_i16_plane_tb
rm Vp3_i16_plane_tb__ALL.verilator_deplist.tmp
make: Leaving directory '/home/flynnsbit/Projects/MisterPlex/.worktrees/rtl-real-ref-measure/build/verilator/p3_i16_plane_serial'
- V e r i l a t i o n   R e p o r t: Verilator 5.051 devel rev v5.050-99-gf8fb1d664 (mod)
- Verilator: Built from 0.063 MB sources in 6 modules, into 0.082 MB in 5 C++ files needing 0.000 MB
- Verilator: Walltime 5.933 s (elab=0.003, cvt=0.005, bld=5.919); cpu 0.015 s on 1 threads; allocated 23.531 MB

=== I16 Plane Prediction Coverage Table ===
Mode 0 (Vertical):   1 regression test
Mode 1 (Horizontal): 1 regression test
Mode 2 (DC):         1 regression test
Mode 3 (Plane):      32 spec-vs-RTL vectors

PASS: All 35 tests passed — RTL matches spec reference model
  - Intermediate arithmetic verified signed (H, V can be negative)
  - Clipping to [0, 255] verified at extreme sample values
  - Neighbour unavailability verified (falls back to 128)
  - 20 random vectors verified against independent spec model
