** WARNING: connection is not using a post-quantum key exchange algorithm.
** This session may be vulnerable to "store now, decrypt later" attacks.
** The server may need to be upgraded. See https://openssh.com/pq.html
BASE=http://YOUR-PLEX-SERVER:32400 ADDR=YOUR-PLEX-SERVER PORT=32400 token_len=20
CORENAME=Plex
live_md5=fb9f76192a8f7d248411c2ab2b332542
n_d=1
/media/fat/misterplex/bin/misterplexd --name MiSTerPlex --id misterplex-dev --port 3005 --conf /media/fat/misterplex/misterplex.conf 
R0_identity_rc=0
<?xml version="1.0" encoding="UTF-8"?>
<MediaContainer size="0" apiVersion="1.2.2" claimed="1" machineIdentifier="4edd44aac1de0b731553a3a187104ecd175571a0" version="1.43.3.10828-00f62d37d">
</MediaContainer>

R0_VERDICT=HIT
R1_clients_rc=0
name="MiSTerPlex"
address="192.168.1.183"
port="3005"
machineIdentifier="misterplex-dev"
product="MiSTerPlex"
name=""
address="192.168.1.24"
port="3000"
R1_VERDICT=HIT
items_rc=0
size_attr 7
SELECTED_KEY=/library/metadata/6
play_curl_rc=0
play_http_code=200
<?xml version="1.0" encoding="UTF-8"?><MediaContainer machineIdentifier="misterplex-dev" size="1" commandID="real-cast-v10" location="fullScreenVideo"><Timeline type="video" state="buffering" time="0" duration="0" volume="100" mute="0" controllable="playPause,stop,volume,audioStream,subtitleStream,seekTo,skipPrevious,skipNext,stepBack,stepForward" location="fullScreenVideo" mediaIndex="0" partIndex="0" machineIdentifier="4edd44aac1de0b731553a3a187104ecd175571a0" protocol="http" address="YOUR-PLEX-SERVER" port="32400" providerIdentifier="com.plexapp.plugins.library" key="/library/metadata/6" rating
R2_body_timeline=1
=== log after playMedia ===
=== REAL_CAST_BEGIN 2026-07-30T14:32:28Z key=/library/metadata/6 ===
HTTP IN GET /player/playback/playMedia?key=%2Flibrary%2Fmetadata%2F6&offset=0&commandID=real-cast-v10&protocol=http&address=YOUR-PLEX-SERVER&port=32400&machineIdentifier=4edd44aac1de0b731553a3a187104ecd175571a0&X-Plex-Token=REDACTED HTTP/1.1
HTTP OUT 200 playMedia <Timeline type="video" state="buffering" time="0" duration="0" volume="100" mute="0" controllable="playPause,stop,volume,audioStream,subtitleStream,seekTo,skipPrevious,skipNext,stepBack,stepForward" location="fullScreenVideo" mediaIndex="0"
playMedia ACK key=/library/metadata/6 offMs=0
misterplexd: resolved PMS universal 480p 320x240 /library/metadata/6 title=Sync 24fps Blip dur=30021 transcode=1 base=http://YOUR-PLEX-SERVER:32400
misterplexd: Content FPS hint=24 (SOURCE_FPS=auto pms_vfr=24p frameRate=24.000 resolved=24) — exact pacing uses resolved rate; switchres TODO
misterplexd: PLAY http://YOUR-PLEX-SERVER:32400/video/:/transcode/universal/start.mp4?hasMDE=1&path=%2Flibrary%2Fmetadata%2F6&mediaIndex=0&partIndex=0&protocol=http&fastSeek=1&directPlay=0&directStream=0&subtitleSize=100&audioBoost=100&location=lan&copyts=1&session=mplex-9e3779b1&videoQuality=60&videoResolution=320x240&maxVideoBitrate=1000&videoCodec=h264&audioCodec=aac&videoProfile=baseline&videoLevel=30&X-Plex-Token=REDACTED off=0 dur=30021
media: spawn single-process /media/fat/misterplex/bin/ffmpeg -hide_banner -loglevel error -nostdin -headers [...] -reconnect 1 -reconnect_streamed 1 -reconnect_delay_max 5 -i http://YOUR-PLEX-SERVER:32400/video/:/transcode/universal/start.mp4?hasMDE=1&path=%2Flibrary%2Fmetadata%2F6&mediaIndex=0&partIndex=0&protocol=http&fastSeek=1&directPlay=0&directStream=0&subtitleSize=100&audioBoost=100&location=lan&copyts=1&session=mplex-9e3779b1&videoQuality=60&videoResolution=320x240&maxVideoBitrate=1000&videoCodec=h264&audioCodec=aac&videoProfile=baseline&videoLevel=30&X-Plex-Token=REDACTED -map 0:v:0 -an -f rawvideo -pix_fmt yuv420p -vf fps=24/1,scale=320:240:force_original_aspect_ratio=decrease,pad=320:240:(ow-iw)/2:(oh-ih)/2 pipe:1 -map 0:a:0? -vn -af aresample=48000 -f s16le -ac 2 -ar 48000 pipe:3
media: session end frames=719 recon=0 cabac=0 stream=off rawvideo=on present=fpga skip_rgb=0
misterplexd: ERROR Plex core NOT loaded (CORENAME=MENU) at startup — PRESENT=fpga so /resources still advertises this player but HDMI/presents cannot work. Load _Utility/Plex.rbf from the OSD (F12), or set bootcore only if the user wants autoload. Casting now will look like it 'doesn't stick'.
misterplexd: ERROR Plex core NOT loaded (CORENAME=MENU) at after-initPresent — PRESENT=fpga so /resources still advertises this player but HDMI/presents cannot work. Load _Utility/Plex.rbf from the OSD (F12), or set bootcore only if the user wants autoload. Casting now will look like it 'doesn't stick'.
=== REAL_CAST_BEGIN 2026-07-30T16:40:37Z key=/library/metadata/6 ===
HTTP IN GET /player/playback/playMedia?key=%2Flibrary%2Fmetadata%2F6&offset=0&commandID=real-cast-v10&protocol=http&address=YOUR-PLEX-SERVER&port=32400&machineIdentifier=4edd44aac1de0b731553a3a187104ecd175571a0&X-Plex-Token=REDACTED HTTP/1.1
HTTP OUT 200 playMedia <Timeline type="video" state="buffering" time="0" duration="0" volume="100" mute="0" controllable="playPause,stop,volume,audioStream,subtitleStream,seekTo,skipPrevious,skipNext,stepBack,stepForward" location="fullScreenVideo" mediaIndex="0"
playMedia ACK key=/library/metadata/6 offMs=0
misterplexd: resolved PMS universal 480p 320x240 /library/metadata/6 title=Sync 24fps Blip dur=30021 transcode=1 base=http://YOUR-PLEX-SERVER:32400
misterplexd: Content FPS hint=24 (SOURCE_FPS=auto pms_vfr=24p frameRate=24.000 resolved=24) — exact pacing uses resolved rate; switchres TODO
misterplexd: PLAY http://YOUR-PLEX-SERVER:32400/video/:/transcode/universal/start.mp4?hasMDE=1&path=%2Flibrary%2Fmetadata%2F6&mediaIndex=0&partIndex=0&protocol=http&fastSeek=1&directPlay=0&directStream=0&subtitleSize=100&audioBoost=100&location=lan&copyts=1&session=mplex-9e3779b1&videoQuality=60&videoResolution=320x240&maxVideoBitrate=1000&videoCodec=h264&audioCodec=aac&videoProfile=baseline&videoLevel=30&X-Plex-Token=REDACTED off=0 dur=30021
media: spawn single-process /media/fat/misterplex/bin/ffmpeg -hide_banner -loglevel error -nostdin -headers [...] -reconnect 1 -reconnect_streamed 1 -reconnect_delay_max 5 -i http://YOUR-PLEX-SERVER:32400/video/:/transcode/universal/start.mp4?hasMDE=1&path=%2Flibrary%2Fmetadata%2F6&mediaIndex=0&partIndex=0&protocol=http&fastSeek=1&directPlay=0&directStream=0&subtitleSize=100&audioBoost=100&location=lan&copyts=1&session=mplex-9e3779b1&videoQuality=60&videoResolution=320x240&maxVideoBitrate=1000&videoCodec=h264&audioCodec=aac&videoProfile=baseline&videoLevel=30&X-Plex-Token=REDACTED -map 0:v:0 -an -f rawvideo -pix_fmt yuv420p -vf fps=24/1,scale=320:240:force_original_aspect_ratio=decrease,pad=320:240:(ow-iw)/2:(oh-ih)/2 pipe:1 -map 0:a:0? -vn -af aresample=48000 -f s16le -ac 2 -ar 48000 pipe:3
R3_VERDICT=HIT_or_progress
=== timeline poll ===
<?xml version="1.0" encoding="UTF-8"?><MediaContainer machineIdentifier="misterplex-dev" size="1" commandID="tl1" location="fullScreenVideo"><Timeline type="video" state="playing" time="9517" duration="30021" seekRange="0-30021" volume="100" mute="0" controllable="playPause,stop,volume,audioStream,subtitleStream,seekTo,skipPrevious,skipNext,stepBack,stepForward" location="fullScreenVideo" mediaIndex="0" partIndex="0" machineIdentifier="4edd44aac1de0b731553a3a187104ecd175571a0" protocol="http" ad
type="video"
state="playing"
time="9517"
duration="30021"
=== frames snapshot1 ===
media: frames=127 vfps=20.9 pfps=20.6 audio_s=5.362 wall_s=6.054 audio=on clock=av-lock av_drift_ms=-34 drops=2 fps=24/1 decode=320x240
media: frames=151 vfps=21.4 pfps=21.1 audio_s=6.362 wall_s=7.054 audio=on clock=av-lock av_drift_ms=-34 drops=2 fps=24/1 decode=320x240
media: frames=175 vfps=21.7 pfps=21.4 audio_s=7.362 wall_s=8.055 audio=on clock=av-lock av_drift_ms=-33 drops=2 fps=24/1 decode=320x240
media: frames=199 vfps=21.9 pfps=21.7 audio_s=8.362 wall_s=9.056 audio=on clock=av-lock av_drift_ms=-33 drops=2 fps=24/1 decode=320x240
media: frames=223 vfps=22.1 pfps=21.9 audio_s=9.362 wall_s=10.06 audio=on clock=av-lock av_drift_ms=-32 drops=2 fps=24/1 decode=320x240
mpid=30026
PLAY_WALL_S=20.039
PLAY_DJ=251
PLAY_P_ONECPU=12.526
PLAY_HYB_200DJ=25.051
PLAY_TID_BEGIN
tid=1282 dj=112 rate=5.589 state=S start=5012766
tid=1258 dj=77 rate=3.843 state=S start=5012599
tid=1285 dj=40 rate=1.996 state=S start=5012769
tid=30026 dj=13 rate=0.649 state=S start=4247763
tid=30031 dj=6 rate=0.299 state=S start=4247767
tid=30034 dj=2 rate=0.100 state=S start=4247767
tid=30033 dj=1 rate=0.050 state=S start=4247767
tid=30032 dj=0 rate=0.000 state=S start=4247767
PLAY_TID_END
FRAME media: frames=611 vfps=23.2 pfps=23.2 audio_s=25.52 wall_s=26.23 audio=on clock=av-lock av_drift_ms=-36 drops=2 fps=24/1 decode=320x240
FRAME media: frames=635 vfps=23.3 pfps=23.2 audio_s=26.52 wall_s=27.23 audio=on clock=av-lock av_drift_ms=-36 drops=2 fps=24/1 decode=320x240
FRAME media: frames=659 vfps=23.3 pfps=23.2 audio_s=27.52 wall_s=28.23 audio=on clock=av-lock av_drift_ms=-36 drops=2 fps=24/1 decode=320x240
FRAME media: frames=683 vfps=23.3 pfps=23.2 audio_s=28.52 wall_s=29.23 audio=on clock=av-lock av_drift_ms=-36 drops=2 fps=24/1 decode=320x240
FRAME media: frames=707 vfps=23.3 pfps=23.3 audio_s=29.52 wall_s=30.23 audio=on clock=av-lock av_drift_ms=-36 drops=2 fps=24/1 decode=320x240
PLAYLOG HTTP IN GET /player/playback/playMedia?key=%2Flibrary%2Fmetadata%2F6&offset=0&commandID=real-cast-v10&protocol=http&address=YOUR-PLEX-SERVER&port=32400&machineIdentifier=4edd44aac1de0b731553a3a187104ecd175571a0&X-Plex-Token=REDACTED HTTP/1.1
PLAYLOG HTTP OUT 200 playMedia <Timeline type="video" state="buffering" time="0" duration="0" volume="100" mute="0" controllable="playPause,stop,volume,audioStream,subtitleStream,seekTo,skipPrevious,skipNext,stepBack,stepForward" location="fullScreenVideo" mediaIndex="0"
PLAYLOG playMedia ACK key=/library/metadata/6 offMs=0
PLAYLOG HTTP IN GET /player/playback/playMedia?key=%2Flibrary%2Fmetadata%2F6&offset=0&commandID=real-cast-v10&protocol=http&address=YOUR-PLEX-SERVER&port=32400&machineIdentifier=4edd44aac1de0b731553a3a187104ecd175571a0&X-Plex-Token=REDACTED HTTP/1.1
PLAYLOG HTTP OUT 200 playMedia <Timeline type="video" state="buffering" time="0" duration="0" volume="100" mute="0" controllable="playPause,stop,volume,audioStream,subtitleStream,seekTo,skipPrevious,skipNext,stepBack,stepForward" location="fullScreenVideo" mediaIndex="0"
PLAYLOG playMedia ACK key=/library/metadata/6 offMs=0
=== frames snapshot2 ===
media: frames=537 vfps=23.1 pfps=23.1 audio_s=22.44 wall_s=23.15 audio=on clock=av-lock av_drift_ms=-33 drops=2 fps=24/1 decode=320x240
media: frames=562 vfps=23.2 pfps=23.1 audio_s=23.48 wall_s=24.19 audio=on clock=av-lock av_drift_ms=-34 drops=2 fps=24/1 decode=320x240
media: frames=587 vfps=23.2 pfps=23.1 audio_s=24.52 wall_s=25.23 audio=on clock=av-lock av_drift_ms=-36 drops=2 fps=24/1 decode=320x240
media: frames=611 vfps=23.2 pfps=23.2 audio_s=25.52 wall_s=26.23 audio=on clock=av-lock av_drift_ms=-36 drops=2 fps=24/1 decode=320x240
media: frames=635 vfps=23.3 pfps=23.2 audio_s=26.52 wall_s=27.23 audio=on clock=av-lock av_drift_ms=-36 drops=2 fps=24/1 decode=320x240
media: frames=659 vfps=23.3 pfps=23.2 audio_s=27.52 wall_s=28.23 audio=on clock=av-lock av_drift_ms=-36 drops=2 fps=24/1 decode=320x240
media: frames=683 vfps=23.3 pfps=23.2 audio_s=28.52 wall_s=29.23 audio=on clock=av-lock av_drift_ms=-36 drops=2 fps=24/1 decode=320x240
media: frames=707 vfps=23.3 pfps=23.3 audio_s=29.52 wall_s=30.23 audio=on clock=av-lock av_drift_ms=-36 drops=2 fps=24/1 decode=320x240
=== log tail session ===
media: fpga frame_tx ok via DDR presents=240 frames=242 ms=4
media: frames=248 vfps=22.3 pfps=22.1 audio_s=10.40 wall_s=11.09 audio=on clock=av-lock av_drift_ms=-34 drops=2 fps=24/1 decode=320x240
media: frames=272 vfps=22.4 pfps=22.2 audio_s=11.42 wall_s=12.11 audio=on clock=av-lock av_drift_ms=-33 drops=2 fps=24/1 decode=320x240
media: fpga frame_tx ok via DDR presents=288 frames=290 ms=4
media: frames=297 vfps=22.6 pfps=22.4 audio_s=12.44 wall_s=13.14 audio=on clock=av-lock av_drift_ms=-35 drops=2 fps=24/1 decode=320x240
media: frames=321 vfps=22.6 pfps=22.5 audio_s=13.44 wall_s=14.14 audio=on clock=av-lock av_drift_ms=-35 drops=2 fps=24/1 decode=320x240
media: fpga frame_tx ok via DDR presents=336 frames=338 ms=4
media: frames=345 vfps=22.7 pfps=22.6 audio_s=14.44 wall_s=15.14 audio=on clock=av-lock av_drift_ms=-35 drops=2 fps=24/1 decode=320x240
media: frames=369 vfps=22.8 pfps=22.7 audio_s=15.44 wall_s=16.14 audio=on clock=av-lock av_drift_ms=-34 drops=2 fps=24/1 decode=320x240
media: fpga frame_tx ok via DDR presents=384 frames=386 ms=4
media: frames=393 vfps=22.9 pfps=22.8 audio_s=16.44 wall_s=17.14 audio=on clock=av-lock av_drift_ms=-34 drops=2 fps=24/1 decode=320x240
media: frames=417 vfps=22.9 pfps=22.8 audio_s=17.44 wall_s=18.14 audio=on clock=av-lock av_drift_ms=-34 drops=2 fps=24/1 decode=320x240
media: fpga frame_tx ok via DDR presents=432 frames=434 ms=4
media: frames=441 vfps=23.0 pfps=22.9 audio_s=18.44 wall_s=19.14 audio=on clock=av-lock av_drift_ms=-34 drops=2 fps=24/1 decode=320x240
media: frames=465 vfps=23.0 pfps=22.9 audio_s=19.44 wall_s=20.14 audio=on clock=av-lock av_drift_ms=-34 drops=2 fps=24/1 decode=320x240
media: fpga frame_tx ok via DDR presents=480 frames=482 ms=4
media: frames=489 vfps=23.1 pfps=23.0 audio_s=20.44 wall_s=21.14 audio=on clock=av-lock av_drift_ms=-34 drops=2 fps=24/1 decode=320x240
media: frames=513 vfps=23.1 pfps=23.0 audio_s=21.44 wall_s=22.14 audio=on clock=av-lock av_drift_ms=-34 drops=2 fps=24/1 decode=320x240
media: fpga frame_tx ok via DDR presents=528 frames=530 ms=4
media: frames=537 vfps=23.1 pfps=23.1 audio_s=22.44 wall_s=23.15 audio=on clock=av-lock av_drift_ms=-33 drops=2 fps=24/1 decode=320x240
media: frames=562 vfps=23.2 pfps=23.1 audio_s=23.48 wall_s=24.19 audio=on clock=av-lock av_drift_ms=-34 drops=2 fps=24/1 decode=320x240
media: fpga frame_tx ok via DDR presents=576 frames=578 ms=4
media: frames=587 vfps=23.2 pfps=23.1 audio_s=24.52 wall_s=25.23 audio=on clock=av-lock av_drift_ms=-36 drops=2 fps=24/1 decode=320x240
media: frames=611 vfps=23.2 pfps=23.2 audio_s=25.52 wall_s=26.23 audio=on clock=av-lock av_drift_ms=-36 drops=2 fps=24/1 decode=320x240
media: fpga frame_tx ok via DDR presents=624 frames=626 ms=4
media: frames=635 vfps=23.3 pfps=23.2 audio_s=26.52 wall_s=27.23 audio=on clock=av-lock av_drift_ms=-36 drops=2 fps=24/1 decode=320x240
media: frames=659 vfps=23.3 pfps=23.2 audio_s=27.52 wall_s=28.23 audio=on clock=av-lock av_drift_ms=-36 drops=2 fps=24/1 decode=320x240
media: fpga frame_tx ok via DDR presents=672 frames=674 ms=4
media: frames=683 vfps=23.3 pfps=23.2 audio_s=28.52 wall_s=29.23 audio=on clock=av-lock av_drift_ms=-36 drops=2 fps=24/1 decode=320x240
media: frames=707 vfps=23.3 pfps=23.3 audio_s=29.52 wall_s=30.23 audio=on clock=av-lock av_drift_ms=-36 drops=2 fps=24/1 decode=320x240
=== after stop timeline ===
state="buffering"
time="0"
R1_AFTER=HIT
CORENAME=Plex
live_md5=fb9f76192a8f7d248411c2ab2b332542
n_d=1
misterplexd: PRESENT_PROFILE=0
misterplexd: PRESENT_PROFILE=0
misterplexd: PRESENT_PROFILE=0
REAL_CAST_WINDOW_DONE
