== scan mailbox region 0x3007F100..0x3007F17C ==
== scan CTRL region 0x30140000..0x3014001C ==
  NONZERO +0x08 = 0x504C5852
  NONZERO +0x10 = 0x504C5845
  NONZERO +0x14 = 0x00000001
  NONZERO +0x18 = 0x504C5854
== scan framebuffer probe 0x30000000..0x30000040 ==
  NONZERO fb+0x0 = 0x10101010
  NONZERO fb+0x4 = 0x10101010
  NONZERO fb+0x8 = 0x10101010
  NONZERO fb+0xC = 0x10101010
  NONZERO fb+0x10 = 0x10101010
  NONZERO fb+0x14 = 0x10101010
  NONZERO fb+0x18 = 0x10101010
  NONZERO fb+0x1C = 0x10101010
  NONZERO fb+0x20 = 0x10101010
  NONZERO fb+0x24 = 0x10101010
  NONZERO fb+0x28 = 0x10101010
  NONZERO fb+0x2C = 0x10101010
  NONZERO fb+0x30 = 0x10101010
  NONZERO fb+0x34 = 0x10101010
  NONZERO fb+0x38 = 0x10101010
  NONZERO fb+0x3C = 0x10101010
SCAN_TOTAL=56 NONZERO=20
