=== test_ddr_publish_contended_rtl_sim EXECUTED ===
=== A) FAULT sticky-no-quantum (expect REPRO_OK) ===
%Warning-TIMESCALEMOD: /home/flynnsbit/Projects/MisterPlex-wt-integ-product-v2/fpga/Plex_MiSTer/rtl/async_fifo.sv:2:8: Timescale missing on this module as other modules have it (IEEE 1800-2023 3.14.2.3)
    2 | module async_fifo #(
      |        ^~~~~~~~~~
                       /home/flynnsbit/Projects/MisterPlex-wt-integ-product-v2/tests/rtl/ddr_publish_contended_tb.sv:16:8: ... Location of module with timescale
   16 | module ddr_publish_contended_tb;
      |        ^~~~~~~~~~~~~~~~~~~~~~~~
                       ... For warning description see https://verilator.org/warn/TIMESCALEMOD?v=5.051
                       ... Use "/* verilator lint_off TIMESCALEMOD */" and lint_on around source to disable this message.
%Warning-TIMESCALEMOD: /home/flynnsbit/Projects/MisterPlex-wt-integ-product-v2/fpga/Plex_MiSTer/rtl/ddr_bus_arbiter3.sv:35:8: Timescale missing on this module as other modules have it (IEEE 1800-2023 3.14.2.3)
   35 | module ddr_bus_arbiter3 #(
      |        ^~~~~~~~~~~~~~~~
                       /home/flynnsbit/Projects/MisterPlex-wt-integ-product-v2/tests/rtl/ddr_publish_contended_tb.sv:16:8: ... Location of module with timescale
   16 | module ddr_publish_contended_tb;
      |        ^~~~~~~~~~~~~~~~~~~~~~~~
%Warning-TIMESCALEMOD: /home/flynnsbit/Projects/MisterPlex-wt-integ-product-v2/fpga/Plex_MiSTer/rtl/ddr_i420_bank_geom.sv:14:8: Timescale missing on this module as other modules have it (IEEE 1800-2023 3.14.2.3)
   14 | module ddr_i420_bank_geom #(
      |        ^~~~~~~~~~~~~~~~~~
                       /home/flynnsbit/Projects/MisterPlex-wt-integ-product-v2/tests/rtl/ddr_publish_contended_tb.sv:16:8: ... Location of module with timescale
   16 | module ddr_publish_contended_tb;
      |        ^~~~~~~~~~~~~~~~~~~~~~~~
%Warning-TIMESCALEMOD: /home/flynnsbit/Projects/MisterPlex-wt-integ-product-v2/fpga/Plex_MiSTer/rtl/ddr_publish_job.sv:14:8: Timescale missing on this module as other modules have it (IEEE 1800-2023 3.14.2.3)
   14 | module ddr_publish_job #(
      |        ^~~~~~~~~~~~~~~
                       /home/flynnsbit/Projects/MisterPlex-wt-integ-product-v2/tests/rtl/ddr_publish_contended_tb.sv:16:8: ... Location of module with timescale
   16 | module ddr_publish_contended_tb;
      |        ^~~~~~~~~~~~~~~~~~~~~~~~
%Warning-TIMESCALEMOD: /home/flynnsbit/Projects/MisterPlex-wt-integ-product-v2/fpga/Plex_MiSTer/rtl/ddr_publish_engine.sv:17:8: Timescale missing on this module as other modules have it (IEEE 1800-2023 3.14.2.3)
   17 | module ddr_publish_engine #(
      |        ^~~~~~~~~~~~~~~~~~
                       /home/flynnsbit/Projects/MisterPlex-wt-integ-product-v2/tests/rtl/ddr_publish_contended_tb.sv:16:8: ... Location of module with timescale
   16 | module ddr_publish_contended_tb;
      |        ^~~~~~~~~~~~~~~~~~~~~~~~
%Warning-TIMESCALEMOD: /home/flynnsbit/Projects/MisterPlex-wt-integ-product-v2/fpga/Plex_MiSTer/rtl/ddr_publish_path.sv:17:8: Timescale missing on this module as other modules have it (IEEE 1800-2023 3.14.2.3)
   17 | module ddr_publish_path #(
      |        ^~~~~~~~~~~~~~~~
                       /home/flynnsbit/Projects/MisterPlex-wt-integ-product-v2/tests/rtl/ddr_publish_contended_tb.sv:16:8: ... Location of module with timescale
   16 | module ddr_publish_contended_tb;
      |        ^~~~~~~~~~~~~~~~~~~~~~~~
%Warning-WIDTHTRUNC: /home/flynnsbit/Projects/MisterPlex-wt-integ-product-v2/fpga/Plex_MiSTer/rtl/ddr_publish_engine.sv:222:12: Bit extraction of array[7:0] requires 3 bit index, not 5 bits.
                                                                                                                              : ... note: In instance 'ddr_publish_contended_tb.path.u_eng'
  222 |      bounce[got] <= DDRAM_DOUT;
      |            ^
                     ... For warning description see https://verilator.org/warn/WIDTHTRUNC?v=5.051
                     ... Use "/* verilator lint_off WIDTHTRUNC */" and lint_on around source to disable this message.
%Warning-WIDTHTRUNC: /home/flynnsbit/Projects/MisterPlex-wt-integ-product-v2/fpga/Plex_MiSTer/rtl/ddr_publish_engine.sv:242:26: Bit extraction of array[7:0] requires 3 bit index, not 5 bits.
                                                                                                                              : ... note: In instance 'ddr_publish_contended_tb.path.u_eng'
  242 |       DDRAM_DIN <= bounce[wr_i];
      |                          ^
%Warning-WIDTHEXPAND: /home/flynnsbit/Projects/MisterPlex-wt-integ-product-v2/tests/rtl/ddr_publish_contended_tb.sv:87:69: Operator OR expects 64 bits on the RHS, but RHS's SEL generates 32 bits.
                                                                                                                         : ... note: In instance 'ddr_publish_contended_tb'
   87 |    for (i = 0; i < MEM_W; i = i + 1) emem[i] = 64'hDEAD000000000000 | i[31:0];
      |                                                                     ^
                      ... For warning description see https://verilator.org/warn/WIDTHEXPAND?v=5.051
                      ... Use "/* verilator lint_off WIDTHEXPAND */" and lint_on around source to disable this message.
%Warning-WIDTHEXPAND: /home/flynnsbit/Projects/MisterPlex-wt-integ-product-v2/tests/rtl/ddr_publish_contended_tb.sv:88:48: Operator ADD expects 32 bits on the LHS, but LHS's CONST '12'h10' generates 12 bits.
                                                                                                                         : ... note: In instance 'ddr_publish_contended_tb'
   88 |    for (i = 0; i < 32; i = i + 1) emem[12'h010 + i] = 64'hA5A5000000000000 | (i + 1);
      |                                                ^
%Warning-WIDTHEXPAND: /home/flynnsbit/Projects/MisterPlex-wt-integ-product-v2/tests/rtl/ddr_publish_contended_tb.sv:88:81: Operator ADD expects 64 bits on the LHS, but LHS's VARREF 'i' generates 32 bits.
                                                                                                                         : ... note: In instance 'ddr_publish_contended_tb'
   88 |    for (i = 0; i < 32; i = i + 1) emem[12'h010 + i] = 64'hA5A5000000000000 | (i + 1);
      |                                                                                 ^
%Warning-WIDTHEXPAND: /home/flynnsbit/Projects/MisterPlex-wt-integ-product-v2/tests/rtl/ddr_publish_contended_tb.sv:89:48: Operator ADD expects 32 bits on the LHS, but LHS's CONST '12'h100' generates 12 bits.
                                                                                                                         : ... note: In instance 'ddr_publish_contended_tb'
   89 |    for (i = 0; i < 32; i = i + 1) emem[12'h100 + i] = 64'd0;
      |                                                ^
%Warning-WIDTHEXPAND: /home/flynnsbit/Projects/MisterPlex-wt-integ-product-v2/tests/rtl/ddr_publish_contended_tb.sv:102:54: Operator ADD expects 32 bits on the LHS, but LHS's CONST '12'h100' generates 12 bits.
                                                                                                                          : ... note: In instance 'ddr_publish_contended_tb'
  102 |      $display("FAIL G0 dst[%0d]=%h", i, emem[12'h100 + i]);
      |                                                      ^
%Warning-WIDTHEXPAND: /home/flynnsbit/Projects/MisterPlex-wt-integ-product-v2/tests/rtl/ddr_publish_contended_tb.sv:101:22: Operator ADD expects 32 bits on the LHS, but LHS's CONST '12'h100' generates 12 bits.
                                                                                                                          : ... note: In instance 'ddr_publish_contended_tb'
  101 |     if (emem[12'h100 + i] !== (64'hA5A5000000000000 | (i + 1))) begin
      |                      ^
%Warning-WIDTHEXPAND: /home/flynnsbit/Projects/MisterPlex-wt-integ-product-v2/tests/rtl/ddr_publish_contended_tb.sv:101:58: Operator ADD expects 64 bits on the LHS, but LHS's VARREF 'i' generates 32 bits.
                                                                                                                          : ... note: In instance 'ddr_publish_contended_tb'
  101 |     if (emem[12'h100 + i] !== (64'hA5A5000000000000 | (i + 1))) begin
      |                                                          ^
%Warning-WIDTHTRUNC: /home/flynnsbit/Projects/MisterPlex-wt-integ-product-v2/tests/rtl/ddr_publish_contended_tb.sv:109:8: Logical operator LOGNOT expects 1 bit on the LHS, but LHS's VARREF 'local_fail' generates 32 bits.
                                                                                                                        : ... note: In instance 'ddr_publish_contended_tb'
  109 |    if (!local_fail) $display("PASS G0 copied=%0d cyc=%0d brd=%0d bwr=%0d",
      |        ^
%Warning-WIDTHTRUNC: /home/flynnsbit/Projects/MisterPlex-wt-integ-product-v2/tests/rtl/ddr_publish_contended_tb.sv:279:8: Logical operator LOGNOT expects 1 bit on the LHS, but LHS's VARREF 'local_fail' generates 32 bits.
                                                                                                                        : ... note: In instance 'ddr_publish_contended_tb'
  279 |    if (!local_fail)
      |        ^
%Warning-WIDTHTRUNC: /home/flynnsbit/Projects/MisterPlex-wt-integ-product-v2/tests/rtl/ddr_publish_contended_tb.sv:302:8: Logical operator LOGNOT expects 1 bit on the LHS, but LHS's VARREF 'local_fail' generates 32 bits.
                                                                                                                        : ... note: In instance 'ddr_publish_contended_tb'
  302 |    if (!local_fail)
      |        ^
make: Entering directory '/home/flynnsbit/Projects/MisterPlex-wt-integ-product-v2/build/verilator/ddr_publish_contended_fault'
g++ -Os  -I.  -MMD -I/home/flynnsbit/.local/oss-cad-suite/share/verilator/include -I/home/flynnsbit/.local/oss-cad-suite/share/verilator/include/vltstd -DVERILATOR=1 -DVM_COVERAGE=0 -DVM_SC=0 -DVM_TIMING=1 -DVM_TRACE=0 -DVM_TRACE_FST=0 -DVM_TRACE_VCD=0 -DVM_TRACE_SAIF=0 -DVM_VPI=0 -faligned-new -fcf-protection=none -Wno-bool-operation -Wno-int-in-bool-context -Wno-shadow -Wno-sign-compare -Wno-subobject-linkage -Wno-tautological-compare -Wno-uninitialized -Wno-unused-but-set-parameter -Wno-unused-but-set-variable -Wno-unused-parameter -Wno-unused-variable    -DVL_TIME_CONTEXT   -fcoroutines -c -o verilated.o /home/flynnsbit/.local/oss-cad-suite/share/verilator/include/verilated.cpp
g++ -Os  -I.  -MMD -I/home/flynnsbit/.local/oss-cad-suite/share/verilator/include -I/home/flynnsbit/.local/oss-cad-suite/share/verilator/include/vltstd -DVERILATOR=1 -DVM_COVERAGE=0 -DVM_SC=0 -DVM_TIMING=1 -DVM_TRACE=0 -DVM_TRACE_FST=0 -DVM_TRACE_VCD=0 -DVM_TRACE_SAIF=0 -DVM_VPI=0 -faligned-new -fcf-protection=none -Wno-bool-operation -Wno-int-in-bool-context -Wno-shadow -Wno-sign-compare -Wno-subobject-linkage -Wno-tautological-compare -Wno-uninitialized -Wno-unused-but-set-parameter -Wno-unused-but-set-variable -Wno-unused-parameter -Wno-unused-variable    -DVL_TIME_CONTEXT   -fcoroutines -c -o verilated_timing.o /home/flynnsbit/.local/oss-cad-suite/share/verilator/include/verilated_timing.cpp
g++ -Os  -I.  -MMD -I/home/flynnsbit/.local/oss-cad-suite/share/verilator/include -I/home/flynnsbit/.local/oss-cad-suite/share/verilator/include/vltstd -DVERILATOR=1 -DVM_COVERAGE=0 -DVM_SC=0 -DVM_TIMING=1 -DVM_TRACE=0 -DVM_TRACE_FST=0 -DVM_TRACE_VCD=0 -DVM_TRACE_SAIF=0 -DVM_VPI=0 -faligned-new -fcf-protection=none -Wno-bool-operation -Wno-int-in-bool-context -Wno-shadow -Wno-sign-compare -Wno-subobject-linkage -Wno-tautological-compare -Wno-uninitialized -Wno-unused-but-set-parameter -Wno-unused-but-set-variable -Wno-unused-parameter -Wno-unused-variable    -DVL_TIME_CONTEXT   -fcoroutines -c -o verilated_threads.o /home/flynnsbit/.local/oss-cad-suite/share/verilator/include/verilated_threads.cpp
python3 /home/flynnsbit/.local/oss-cad-suite/share/verilator/bin/verilator_includer -DVL_INCLUDE_OPT=include Vddr_publish_contended_tb.cpp Vddr_publish_contended_tb___024root__0.cpp Vddr_publish_contended_tb__main.cpp Vddr_publish_contended_tb__ConstPool__0__Slow.cpp Vddr_publish_contended_tb___024root__Slow.cpp Vddr_publish_contended_tb___024root__0__Slow.cpp Vddr_publish_contended_tb__Syms__Slow.cpp > Vddr_publish_contended_tb__ALL.cpp
g++ -Os  -I.  -MMD -I/home/flynnsbit/.local/oss-cad-suite/share/verilator/include -I/home/flynnsbit/.local/oss-cad-suite/share/verilator/include/vltstd -DVERILATOR=1 -DVM_COVERAGE=0 -DVM_SC=0 -DVM_TIMING=1 -DVM_TRACE=0 -DVM_TRACE_FST=0 -DVM_TRACE_VCD=0 -DVM_TRACE_SAIF=0 -DVM_VPI=0 -faligned-new -fcf-protection=none -Wno-bool-operation -Wno-int-in-bool-context -Wno-shadow -Wno-sign-compare -Wno-subobject-linkage -Wno-tautological-compare -Wno-uninitialized -Wno-unused-but-set-parameter -Wno-unused-but-set-variable -Wno-unused-parameter -Wno-unused-variable    -DVL_TIME_CONTEXT   -fcoroutines -c -o Vddr_publish_contended_tb__ALL.o Vddr_publish_contended_tb__ALL.cpp
g++    verilated.o verilated_timing.o verilated_threads.o Vddr_publish_contended_tb__ALL.a    -pthread -lpthread -latomic   -o Vddr_publish_contended_tb
rm Vddr_publish_contended_tb__ALL.verilator_deplist.tmp
make: Leaving directory '/home/flynnsbit/Projects/MisterPlex-wt-integ-product-v2/build/verilator/ddr_publish_contended_fault'
- V e r i l a t i o n   R e p o r t: Verilator 5.051 devel rev v5.050-99-gf8fb1d664 (mod)
- Verilator: Built from 0.288 MB sources in 8 modules, into 0.087 MB in 7 C++ files needing 0.000 MB
- Verilator: Walltime 3.339 s (elab=0.004, cvt=0.012, bld=3.315); cpu 0.029 s on 20 threads; allocated 384.570 MB
=== G2 geom job ===
PASS G2 frame_bytes=1382400 dst=30180000 db=3047f000
=== G2N illegal misaligned src ===
PASS G2N misalign err
=== G_NEG FAULT sticky-no-quantum ===
REPRO_OK G_NEG FAULT max_deny=387 grants=8
PASS ddr_publish_contended_tb FAULT_REPRO
- /home/flynnsbit/Projects/MisterPlex-wt-integ-product-v2/tests/rtl/ddr_publish_contended_tb.sv:339: Verilog $finish
- S i m u l a t i o n   R e p o r t: Verilator 5.051 devel
- Verilator: $finish at 4us; walltime 0.000 s; speed 15.093 ms/s
- Verilator: cpu 0.000 s on 1 threads; allocated 7 MB
fault true rc=0
=== B) PRODUCT quantum + present fence (expect PASS all) ===
%Warning-TIMESCALEMOD: /home/flynnsbit/Projects/MisterPlex-wt-integ-product-v2/fpga/Plex_MiSTer/rtl/async_fifo.sv:2:8: Timescale missing on this module as other modules have it (IEEE 1800-2023 3.14.2.3)
    2 | module async_fifo #(
      |        ^~~~~~~~~~
                       /home/flynnsbit/Projects/MisterPlex-wt-integ-product-v2/tests/rtl/ddr_publish_contended_tb.sv:16:8: ... Location of module with timescale
   16 | module ddr_publish_contended_tb;
      |        ^~~~~~~~~~~~~~~~~~~~~~~~
                       ... For warning description see https://verilator.org/warn/TIMESCALEMOD?v=5.051
                       ... Use "/* verilator lint_off TIMESCALEMOD */" and lint_on around source to disable this message.
%Warning-TIMESCALEMOD: /home/flynnsbit/Projects/MisterPlex-wt-integ-product-v2/fpga/Plex_MiSTer/rtl/ddr_bus_arbiter3.sv:35:8: Timescale missing on this module as other modules have it (IEEE 1800-2023 3.14.2.3)
   35 | module ddr_bus_arbiter3 #(
      |        ^~~~~~~~~~~~~~~~
                       /home/flynnsbit/Projects/MisterPlex-wt-integ-product-v2/tests/rtl/ddr_publish_contended_tb.sv:16:8: ... Location of module with timescale
   16 | module ddr_publish_contended_tb;
      |        ^~~~~~~~~~~~~~~~~~~~~~~~
%Warning-TIMESCALEMOD: /home/flynnsbit/Projects/MisterPlex-wt-integ-product-v2/fpga/Plex_MiSTer/rtl/ddr_i420_bank_geom.sv:14:8: Timescale missing on this module as other modules have it (IEEE 1800-2023 3.14.2.3)
   14 | module ddr_i420_bank_geom #(
      |        ^~~~~~~~~~~~~~~~~~
                       /home/flynnsbit/Projects/MisterPlex-wt-integ-product-v2/tests/rtl/ddr_publish_contended_tb.sv:16:8: ... Location of module with timescale
   16 | module ddr_publish_contended_tb;
      |        ^~~~~~~~~~~~~~~~~~~~~~~~
%Warning-TIMESCALEMOD: /home/flynnsbit/Projects/MisterPlex-wt-integ-product-v2/fpga/Plex_MiSTer/rtl/ddr_publish_job.sv:14:8: Timescale missing on this module as other modules have it (IEEE 1800-2023 3.14.2.3)
   14 | module ddr_publish_job #(
      |        ^~~~~~~~~~~~~~~
                       /home/flynnsbit/Projects/MisterPlex-wt-integ-product-v2/tests/rtl/ddr_publish_contended_tb.sv:16:8: ... Location of module with timescale
   16 | module ddr_publish_contended_tb;
      |        ^~~~~~~~~~~~~~~~~~~~~~~~
%Warning-TIMESCALEMOD: /home/flynnsbit/Projects/MisterPlex-wt-integ-product-v2/fpga/Plex_MiSTer/rtl/ddr_publish_engine.sv:17:8: Timescale missing on this module as other modules have it (IEEE 1800-2023 3.14.2.3)
   17 | module ddr_publish_engine #(
      |        ^~~~~~~~~~~~~~~~~~
                       /home/flynnsbit/Projects/MisterPlex-wt-integ-product-v2/tests/rtl/ddr_publish_contended_tb.sv:16:8: ... Location of module with timescale
   16 | module ddr_publish_contended_tb;
      |        ^~~~~~~~~~~~~~~~~~~~~~~~
%Warning-TIMESCALEMOD: /home/flynnsbit/Projects/MisterPlex-wt-integ-product-v2/fpga/Plex_MiSTer/rtl/ddr_publish_path.sv:17:8: Timescale missing on this module as other modules have it (IEEE 1800-2023 3.14.2.3)
   17 | module ddr_publish_path #(
      |        ^~~~~~~~~~~~~~~~
                       /home/flynnsbit/Projects/MisterPlex-wt-integ-product-v2/tests/rtl/ddr_publish_contended_tb.sv:16:8: ... Location of module with timescale
   16 | module ddr_publish_contended_tb;
      |        ^~~~~~~~~~~~~~~~~~~~~~~~
%Warning-WIDTHTRUNC: /home/flynnsbit/Projects/MisterPlex-wt-integ-product-v2/fpga/Plex_MiSTer/rtl/ddr_publish_engine.sv:222:12: Bit extraction of array[7:0] requires 3 bit index, not 5 bits.
                                                                                                                              : ... note: In instance 'ddr_publish_contended_tb.path.u_eng'
  222 |      bounce[got] <= DDRAM_DOUT;
      |            ^
                     ... For warning description see https://verilator.org/warn/WIDTHTRUNC?v=5.051
                     ... Use "/* verilator lint_off WIDTHTRUNC */" and lint_on around source to disable this message.
%Warning-WIDTHTRUNC: /home/flynnsbit/Projects/MisterPlex-wt-integ-product-v2/fpga/Plex_MiSTer/rtl/ddr_publish_engine.sv:242:26: Bit extraction of array[7:0] requires 3 bit index, not 5 bits.
                                                                                                                              : ... note: In instance 'ddr_publish_contended_tb.path.u_eng'
  242 |       DDRAM_DIN <= bounce[wr_i];
      |                          ^
%Warning-WIDTHEXPAND: /home/flynnsbit/Projects/MisterPlex-wt-integ-product-v2/tests/rtl/ddr_publish_contended_tb.sv:87:69: Operator OR expects 64 bits on the RHS, but RHS's SEL generates 32 bits.
                                                                                                                         : ... note: In instance 'ddr_publish_contended_tb'
   87 |    for (i = 0; i < MEM_W; i = i + 1) emem[i] = 64'hDEAD000000000000 | i[31:0];
      |                                                                     ^
                      ... For warning description see https://verilator.org/warn/WIDTHEXPAND?v=5.051
                      ... Use "/* verilator lint_off WIDTHEXPAND */" and lint_on around source to disable this message.
%Warning-WIDTHEXPAND: /home/flynnsbit/Projects/MisterPlex-wt-integ-product-v2/tests/rtl/ddr_publish_contended_tb.sv:88:48: Operator ADD expects 32 bits on the LHS, but LHS's CONST '12'h10' generates 12 bits.
                                                                                                                         : ... note: In instance 'ddr_publish_contended_tb'
   88 |    for (i = 0; i < 32; i = i + 1) emem[12'h010 + i] = 64'hA5A5000000000000 | (i + 1);
      |                                                ^
%Warning-WIDTHEXPAND: /home/flynnsbit/Projects/MisterPlex-wt-integ-product-v2/tests/rtl/ddr_publish_contended_tb.sv:88:81: Operator ADD expects 64 bits on the LHS, but LHS's VARREF 'i' generates 32 bits.
                                                                                                                         : ... note: In instance 'ddr_publish_contended_tb'
   88 |    for (i = 0; i < 32; i = i + 1) emem[12'h010 + i] = 64'hA5A5000000000000 | (i + 1);
      |                                                                                 ^
%Warning-WIDTHEXPAND: /home/flynnsbit/Projects/MisterPlex-wt-integ-product-v2/tests/rtl/ddr_publish_contended_tb.sv:89:48: Operator ADD expects 32 bits on the LHS, but LHS's CONST '12'h100' generates 12 bits.
                                                                                                                         : ... note: In instance 'ddr_publish_contended_tb'
   89 |    for (i = 0; i < 32; i = i + 1) emem[12'h100 + i] = 64'd0;
      |                                                ^
%Warning-WIDTHEXPAND: /home/flynnsbit/Projects/MisterPlex-wt-integ-product-v2/tests/rtl/ddr_publish_contended_tb.sv:102:54: Operator ADD expects 32 bits on the LHS, but LHS's CONST '12'h100' generates 12 bits.
                                                                                                                          : ... note: In instance 'ddr_publish_contended_tb'
  102 |      $display("FAIL G0 dst[%0d]=%h", i, emem[12'h100 + i]);
      |                                                      ^
%Warning-WIDTHEXPAND: /home/flynnsbit/Projects/MisterPlex-wt-integ-product-v2/tests/rtl/ddr_publish_contended_tb.sv:101:22: Operator ADD expects 32 bits on the LHS, but LHS's CONST '12'h100' generates 12 bits.
                                                                                                                          : ... note: In instance 'ddr_publish_contended_tb'
  101 |     if (emem[12'h100 + i] !== (64'hA5A5000000000000 | (i + 1))) begin
      |                      ^
%Warning-WIDTHEXPAND: /home/flynnsbit/Projects/MisterPlex-wt-integ-product-v2/tests/rtl/ddr_publish_contended_tb.sv:101:58: Operator ADD expects 64 bits on the LHS, but LHS's VARREF 'i' generates 32 bits.
                                                                                                                          : ... note: In instance 'ddr_publish_contended_tb'
  101 |     if (emem[12'h100 + i] !== (64'hA5A5000000000000 | (i + 1))) begin
      |                                                          ^
%Warning-WIDTHTRUNC: /home/flynnsbit/Projects/MisterPlex-wt-integ-product-v2/tests/rtl/ddr_publish_contended_tb.sv:109:8: Logical operator LOGNOT expects 1 bit on the LHS, but LHS's VARREF 'local_fail' generates 32 bits.
                                                                                                                        : ... note: In instance 'ddr_publish_contended_tb'
  109 |    if (!local_fail) $display("PASS G0 copied=%0d cyc=%0d brd=%0d bwr=%0d",
      |        ^
%Warning-WIDTHTRUNC: /home/flynnsbit/Projects/MisterPlex-wt-integ-product-v2/tests/rtl/ddr_publish_contended_tb.sv:279:8: Logical operator LOGNOT expects 1 bit on the LHS, but LHS's VARREF 'local_fail' generates 32 bits.
                                                                                                                        : ... note: In instance 'ddr_publish_contended_tb'
  279 |    if (!local_fail)
      |        ^
make: Entering directory '/home/flynnsbit/Projects/MisterPlex-wt-integ-product-v2/build/verilator/ddr_publish_contended_good'
g++ -Os  -I.  -MMD -I/home/flynnsbit/.local/oss-cad-suite/share/verilator/include -I/home/flynnsbit/.local/oss-cad-suite/share/verilator/include/vltstd -DVERILATOR=1 -DVM_COVERAGE=0 -DVM_SC=0 -DVM_TIMING=1 -DVM_TRACE=0 -DVM_TRACE_FST=0 -DVM_TRACE_VCD=0 -DVM_TRACE_SAIF=0 -DVM_VPI=0 -faligned-new -fcf-protection=none -Wno-bool-operation -Wno-int-in-bool-context -Wno-shadow -Wno-sign-compare -Wno-subobject-linkage -Wno-tautological-compare -Wno-uninitialized -Wno-unused-but-set-parameter -Wno-unused-but-set-variable -Wno-unused-parameter -Wno-unused-variable    -DVL_TIME_CONTEXT   -fcoroutines -c -o verilated.o /home/flynnsbit/.local/oss-cad-suite/share/verilator/include/verilated.cpp
g++ -Os  -I.  -MMD -I/home/flynnsbit/.local/oss-cad-suite/share/verilator/include -I/home/flynnsbit/.local/oss-cad-suite/share/verilator/include/vltstd -DVERILATOR=1 -DVM_COVERAGE=0 -DVM_SC=0 -DVM_TIMING=1 -DVM_TRACE=0 -DVM_TRACE_FST=0 -DVM_TRACE_VCD=0 -DVM_TRACE_SAIF=0 -DVM_VPI=0 -faligned-new -fcf-protection=none -Wno-bool-operation -Wno-int-in-bool-context -Wno-shadow -Wno-sign-compare -Wno-subobject-linkage -Wno-tautological-compare -Wno-uninitialized -Wno-unused-but-set-parameter -Wno-unused-but-set-variable -Wno-unused-parameter -Wno-unused-variable    -DVL_TIME_CONTEXT   -fcoroutines -c -o verilated_timing.o /home/flynnsbit/.local/oss-cad-suite/share/verilator/include/verilated_timing.cpp
g++ -Os  -I.  -MMD -I/home/flynnsbit/.local/oss-cad-suite/share/verilator/include -I/home/flynnsbit/.local/oss-cad-suite/share/verilator/include/vltstd -DVERILATOR=1 -DVM_COVERAGE=0 -DVM_SC=0 -DVM_TIMING=1 -DVM_TRACE=0 -DVM_TRACE_FST=0 -DVM_TRACE_VCD=0 -DVM_TRACE_SAIF=0 -DVM_VPI=0 -faligned-new -fcf-protection=none -Wno-bool-operation -Wno-int-in-bool-context -Wno-shadow -Wno-sign-compare -Wno-subobject-linkage -Wno-tautological-compare -Wno-uninitialized -Wno-unused-but-set-parameter -Wno-unused-but-set-variable -Wno-unused-parameter -Wno-unused-variable    -DVL_TIME_CONTEXT   -fcoroutines -c -o verilated_threads.o /home/flynnsbit/.local/oss-cad-suite/share/verilator/include/verilated_threads.cpp
python3 /home/flynnsbit/.local/oss-cad-suite/share/verilator/bin/verilator_includer -DVL_INCLUDE_OPT=include Vddr_publish_contended_tb.cpp Vddr_publish_contended_tb___024root__0.cpp Vddr_publish_contended_tb__main.cpp Vddr_publish_contended_tb__ConstPool__0__Slow.cpp Vddr_publish_contended_tb___024root__Slow.cpp Vddr_publish_contended_tb___024root__0__Slow.cpp Vddr_publish_contended_tb__Syms__Slow.cpp > Vddr_publish_contended_tb__ALL.cpp
g++ -Os  -I.  -MMD -I/home/flynnsbit/.local/oss-cad-suite/share/verilator/include -I/home/flynnsbit/.local/oss-cad-suite/share/verilator/include/vltstd -DVERILATOR=1 -DVM_COVERAGE=0 -DVM_SC=0 -DVM_TIMING=1 -DVM_TRACE=0 -DVM_TRACE_FST=0 -DVM_TRACE_VCD=0 -DVM_TRACE_SAIF=0 -DVM_VPI=0 -faligned-new -fcf-protection=none -Wno-bool-operation -Wno-int-in-bool-context -Wno-shadow -Wno-sign-compare -Wno-subobject-linkage -Wno-tautological-compare -Wno-uninitialized -Wno-unused-but-set-parameter -Wno-unused-but-set-variable -Wno-unused-parameter -Wno-unused-variable    -DVL_TIME_CONTEXT   -fcoroutines -c -o Vddr_publish_contended_tb__ALL.o Vddr_publish_contended_tb__ALL.cpp
g++    verilated.o verilated_timing.o verilated_threads.o Vddr_publish_contended_tb__ALL.a    -pthread -lpthread -latomic   -o Vddr_publish_contended_tb
rm Vddr_publish_contended_tb__ALL.verilator_deplist.tmp
make: Leaving directory '/home/flynnsbit/Projects/MisterPlex-wt-integ-product-v2/build/verilator/ddr_publish_contended_good'
- V e r i l a t i o n   R e p o r t: Verilator 5.051 devel rev v5.050-99-gf8fb1d664 (mod)
- Verilator: Built from 0.289 MB sources in 8 modules, into 0.157 MB in 7 C++ files needing 0.001 MB
- Verilator: Walltime 3.345 s (elab=0.005, cvt=0.015, bld=3.314); cpu 0.036 s on 20 threads; allocated 896.957 MB
=== G2 geom job ===
PASS G2 frame_bytes=1382400 dst=30180000 db=3047f000
=== G2N illegal misaligned src ===
PASS G2N misalign err
=== G0 engine COPY solo ===
PASS G0 copied=256 cyc=143 brd=32 bwr=33
=== G1 product quantum bounds m0 deny ===
PASS G1 max_m0_deny=17 grants=59 (bound 48 Q=8)
PASS G_NEG product_no_fault (FAULT twin run separately)
PASS ddr_publish_contended_tb all
- /home/flynnsbit/Projects/MisterPlex-wt-integ-product-v2/tests/rtl/ddr_publish_contended_tb.sv:339: Verilog $finish
- S i m u l a t i o n   R e p o r t: Verilator 5.051 devel
- Verilator: $finish at 6us; walltime 0.000 s; speed 15.599 ms/s
- Verilator: cpu 0.000 s on 1 threads; allocated 7 MB
product true rc=0
PASS test_ddr_publish_contended_rtl_sim
true rc=0
