=== trimmed: last 200 lines of make unit attempt 13 (full log 2.8MB, exceeded repo hygiene) ===
TraceEvent: cycle=167457 vsyncs=19 frames_done=4 prep_base_idx=8 target_y_idx_prep_c=8 target_y_prep_c=0 swap_pending=0 pending_ready=1
TraceVsync: n=20 cycle=171295 frames_done=4 disp_bank=0 pending_bank=0 swap_pending=0 pending_ready=0 prep_base_idx=8 target_y_idx_prep_c=8 target_y_prep_c=0
Raw: final assertion operands top.frames_done=4 frames_before_third_plus_one=3 swap_pending=0 pending_ready=0 cycle=175134
OK ddr_frame_store swap-livelock natural: third doorbell swapped without injection
make[2]: Entering directory '/home/flynnsbit/Projects/MisterPlex/.worktrees/w-swap-o5/build/verilator/ddr_frame_store_swap_livelock_fault'
make[2]: Nothing to be done for 'default'.
make[2]: Leaving directory '/home/flynnsbit/Projects/MisterPlex/.worktrees/w-swap-o5/build/verilator/ddr_frame_store_swap_livelock_fault'
- V e r i l a t i o n   R e p o r t: Verilator 5.051 devel rev v5.050-99-gf8fb1d664 (mod)
- Verilator: Built from 0.000 MB sources in 0 modules, into 0.000 MB in 0 C++ files needing 0.000 MB
- Verilator: Walltime 0.006 s (elab=0.000, cvt=0.000, bld=0.006); cpu 0.000 s on 1 threads; allocated 20.316 MB
Scope: ddr_frame_store natural frame-store swap livelock; cold reset, doorbells 0->1->0, full rd_y sweeps, no hierarchical y_valid/y_bank/y_line injection.
Audit: assertion compares top.frames_done after final doorbell against frames_before_third + 1; it does not cover pixel color correctness, ARM timeout timing, or injected stale-state recovery.
Raw: after first full sweep frames_done=1 disp_bank=0 prep_base_idx=0 cycle=81813
Raw: after second full sweep frames_done=2 disp_bank=1 prep_base_idx=8 cycle=98334
Trace: final-doorbell prep target by vsync (no injection)
TraceEvent: cycle=98335 vsyncs=0 frames_done=2 prep_base_idx=8 target_y_idx_prep_c=8 target_y_prep_c=0 swap_pending=0 pending_ready=0
TraceVsync: n=1 cycle=98335 frames_done=2 disp_bank=1 pending_bank=1 swap_pending=0 pending_ready=0 prep_base_idx=8 target_y_idx_prep_c=8 target_y_prep_c=0
TraceEvent: cycle=98504 vsyncs=1 frames_done=2 prep_base_idx=8 target_y_idx_prep_c=8 target_y_prep_c=1 swap_pending=1 pending_ready=0
TraceEvent: cycle=98506 vsyncs=1 frames_done=2 prep_base_idx=8 target_y_idx_prep_c=8 target_y_prep_c=0 swap_pending=1 pending_ready=0
TraceEvent: cycle=98542 vsyncs=1 frames_done=2 prep_base_idx=8 target_y_idx_prep_c=8 target_y_prep_c=1 swap_pending=1 pending_ready=0
TraceEvent: cycle=98544 vsyncs=1 frames_done=2 prep_base_idx=8 target_y_idx_prep_c=8 target_y_prep_c=0 swap_pending=1 pending_ready=0
TraceEvent: cycle=98580 vsyncs=1 frames_done=2 prep_base_idx=8 target_y_idx_prep_c=8 target_y_prep_c=1 swap_pending=1 pending_ready=0
TraceEvent: cycle=98582 vsyncs=1 frames_done=2 prep_base_idx=8 target_y_idx_prep_c=8 target_y_prep_c=0 swap_pending=1 pending_ready=0
TraceEvent: cycle=98618 vsyncs=1 frames_done=2 prep_base_idx=8 target_y_idx_prep_c=8 target_y_prep_c=1 swap_pending=1 pending_ready=0
TraceEvent: cycle=98620 vsyncs=1 frames_done=2 prep_base_idx=8 target_y_idx_prep_c=8 target_y_prep_c=0 swap_pending=1 pending_ready=0
TraceEvent: cycle=98656 vsyncs=1 frames_done=2 prep_base_idx=8 target_y_idx_prep_c=8 target_y_prep_c=1 swap_pending=1 pending_ready=0
TraceEvent: cycle=98658 vsyncs=1 frames_done=2 prep_base_idx=8 target_y_idx_prep_c=8 target_y_prep_c=0 swap_pending=1 pending_ready=0
TraceEvent: cycle=98694 vsyncs=1 frames_done=2 prep_base_idx=8 target_y_idx_prep_c=8 target_y_prep_c=1 swap_pending=1 pending_ready=0
TraceEvent: cycle=98696 vsyncs=1 frames_done=2 prep_base_idx=8 target_y_idx_prep_c=8 target_y_prep_c=0 swap_pending=1 pending_ready=0
TraceEvent: cycle=98732 vsyncs=1 frames_done=2 prep_base_idx=8 target_y_idx_prep_c=8 target_y_prep_c=1 swap_pending=1 pending_ready=0
TraceEvent: cycle=98734 vsyncs=1 frames_done=2 prep_base_idx=8 target_y_idx_prep_c=8 target_y_prep_c=0 swap_pending=1 pending_ready=0
TraceEvent: cycle=98770 vsyncs=1 frames_done=2 prep_base_idx=8 target_y_idx_prep_c=8 target_y_prep_c=1 swap_pending=1 pending_ready=0
TraceEvent: cycle=98772 vsyncs=1 frames_done=2 prep_base_idx=8 target_y_idx_prep_c=8 target_y_prep_c=0 swap_pending=1 pending_ready=0
TraceEvent: cycle=98808 vsyncs=1 frames_done=2 prep_base_idx=8 target_y_idx_prep_c=8 target_y_prep_c=1 swap_pending=1 pending_ready=0
TraceEvent: cycle=98810 vsyncs=1 frames_done=2 prep_base_idx=8 target_y_idx_prep_c=8 target_y_prep_c=0 swap_pending=1 pending_ready=0
TraceEvent: cycle=98846 vsyncs=1 frames_done=2 prep_base_idx=8 target_y_idx_prep_c=8 target_y_prep_c=1 swap_pending=1 pending_ready=0
TraceEvent: cycle=98848 vsyncs=1 frames_done=2 prep_base_idx=8 target_y_idx_prep_c=8 target_y_prep_c=0 swap_pending=1 pending_ready=0
TraceEvent: cycle=98884 vsyncs=1 frames_done=2 prep_base_idx=8 target_y_idx_prep_c=8 target_y_prep_c=1 swap_pending=1 pending_ready=0
TraceEvent: cycle=98886 vsyncs=1 frames_done=2 prep_base_idx=8 target_y_idx_prep_c=8 target_y_prep_c=0 swap_pending=1 pending_ready=0
TraceEvent: cycle=98922 vsyncs=1 frames_done=2 prep_base_idx=8 target_y_idx_prep_c=8 target_y_prep_c=1 swap_pending=1 pending_ready=0
TraceVsync: n=2 cycle=102175 frames_done=2 disp_bank=1 pending_bank=0 swap_pending=1 pending_ready=0 prep_base_idx=8 target_y_idx_prep_c=8 target_y_prep_c=0
TraceVsync: n=3 cycle=106015 frames_done=2 disp_bank=1 pending_bank=0 swap_pending=1 pending_ready=0 prep_base_idx=8 target_y_idx_prep_c=8 target_y_prep_c=0
TraceVsync: n=4 cycle=109855 frames_done=2 disp_bank=1 pending_bank=0 swap_pending=1 pending_ready=0 prep_base_idx=8 target_y_idx_prep_c=8 target_y_prep_c=0
TraceVsync: n=5 cycle=113695 frames_done=2 disp_bank=1 pending_bank=0 swap_pending=1 pending_ready=0 prep_base_idx=8 target_y_idx_prep_c=8 target_y_prep_c=0
TraceVsync: n=6 cycle=117535 frames_done=2 disp_bank=1 pending_bank=0 swap_pending=1 pending_ready=0 prep_base_idx=8 target_y_idx_prep_c=8 target_y_prep_c=0
TraceVsync: n=7 cycle=121375 frames_done=2 disp_bank=1 pending_bank=0 swap_pending=1 pending_ready=0 prep_base_idx=8 target_y_idx_prep_c=8 target_y_prep_c=0
TraceVsync: n=8 cycle=125215 frames_done=2 disp_bank=1 pending_bank=0 swap_pending=1 pending_ready=0 prep_base_idx=8 target_y_idx_prep_c=8 target_y_prep_c=0
TraceVsync: n=9 cycle=129055 frames_done=2 disp_bank=1 pending_bank=0 swap_pending=1 pending_ready=0 prep_base_idx=8 target_y_idx_prep_c=8 target_y_prep_c=0
TraceVsync: n=10 cycle=132895 frames_done=2 disp_bank=1 pending_bank=0 swap_pending=1 pending_ready=0 prep_base_idx=8 target_y_idx_prep_c=8 target_y_prep_c=1
TraceVsync: n=11 cycle=136735 frames_done=2 disp_bank=1 pending_bank=0 swap_pending=1 pending_ready=0 prep_base_idx=8 target_y_idx_prep_c=8 target_y_prep_c=0
TraceVsync: n=12 cycle=140575 frames_done=2 disp_bank=1 pending_bank=0 swap_pending=1 pending_ready=0 prep_base_idx=8 target_y_idx_prep_c=8 target_y_prep_c=0
TraceVsync: n=13 cycle=144415 frames_done=2 disp_bank=1 pending_bank=0 swap_pending=1 pending_ready=0 prep_base_idx=8 target_y_idx_prep_c=8 target_y_prep_c=0
TraceVsync: n=14 cycle=148255 frames_done=2 disp_bank=1 pending_bank=0 swap_pending=1 pending_ready=0 prep_base_idx=8 target_y_idx_prep_c=8 target_y_prep_c=0
TraceVsync: n=15 cycle=152095 frames_done=2 disp_bank=1 pending_bank=0 swap_pending=1 pending_ready=0 prep_base_idx=8 target_y_idx_prep_c=8 target_y_prep_c=0
TraceVsync: n=16 cycle=155935 frames_done=2 disp_bank=1 pending_bank=0 swap_pending=1 pending_ready=0 prep_base_idx=8 target_y_idx_prep_c=8 target_y_prep_c=0
TraceVsync: n=17 cycle=159775 frames_done=2 disp_bank=1 pending_bank=0 swap_pending=1 pending_ready=0 prep_base_idx=8 target_y_idx_prep_c=8 target_y_prep_c=0
TraceVsync: n=18 cycle=163615 frames_done=2 disp_bank=1 pending_bank=0 swap_pending=1 pending_ready=0 prep_base_idx=8 target_y_idx_prep_c=8 target_y_prep_c=0
TraceVsync: n=19 cycle=167455 frames_done=2 disp_bank=1 pending_bank=0 swap_pending=1 pending_ready=0 prep_base_idx=8 target_y_idx_prep_c=8 target_y_prep_c=0
TraceVsync: n=20 cycle=171295 frames_done=2 disp_bank=1 pending_bank=0 swap_pending=1 pending_ready=0 prep_base_idx=8 target_y_idx_prep_c=8 target_y_prep_c=0
Raw: final assertion operands top.frames_done=2 frames_before_third_plus_one=3 swap_pending=1 pending_ready=0 cycle=175134
FAIL ddr_frame_store swap-livelock natural: no third swap; assertion top.frames_done >= frames_before_third + 1 failed
OK ddr_frame_store swap-livelock red-check: prep invalid-only fault failed naturally
/home/flynnsbit/Projects/MisterPlex/.worktrees/w-swap-o5/scripts/rtl_lint.py
RTL lint: using Verilator 5.051 devel rev v5.050-99-gf8fb1d664 (mod)
RTL lint: parsed 76 Quartus RTL/context files; reporting 36 owned files
RTL lint: propagated QSF macros SDRAM_CLK_142=1 SDRAM_CL3=1 DDR_FRAME_STORE=1 DECODE_REAL_INTRA=0 FRAME_W=640 FRAME_H=480 FRAME_LINES_8=1
RTL lint warning counts (owned RTL only; vendor/generated excluded):
  110  fpga/Plex_MiSTer/rtl/h264_intra_pred.sv  WIDTHEXPAND=101 WIDTHTRUNC=9
   35  fpga/Plex_MiSTer/rtl/h264_iq_idct_4x4.sv  WIDTHEXPAND=33 WIDTHTRUNC=2
    3  fpga/Plex_MiSTer/rtl/sdram_memtest.sv  WIDTHTRUNC=3
    2  fpga/Plex_MiSTer/rtl/colorbars.sv  WIDTHEXPAND=1 WIDTHTRUNC=1
    1  fpga/Plex_MiSTer/rtl/frame_store.sv  WIDTHEXPAND=1
    1  fpga/Plex_MiSTer/rtl/present_cadence.sv  WIDTHEXPAND=1
    1  fpga/Plex_MiSTer/rtl/slice_hdr_parser.sv  WIDTHTRUNC=1
RTL lint: ignored 50 vendor/generated context errors; see build/rtl_lint_verilator.log
RTL lint: PASS no warning regressions above /home/flynnsbit/Projects/MisterPlex/.worktrees/w-swap-o5/tests/fixtures/rtl_lint_baseline.json
/home/flynnsbit/Projects/MisterPlex/.worktrees/w-swap-o5/tests/unit/test_h264_syntax_primitives_rtl_sim.sh
RTL SIM: using Verilator 5.051 devel rev v5.050-99-gf8fb1d664 (mod)
make[2]: Entering directory '/home/flynnsbit/Projects/MisterPlex/.worktrees/w-swap-o5/build/verilator/h264_syntax_primitives'
g++  -I.  -MMD -I/home/flynnsbit/.local/oss-cad-suite/share/verilator/include -I/home/flynnsbit/.local/oss-cad-suite/share/verilator/include/vltstd -DVERILATOR=1 -DVM_COVERAGE=0 -DVM_SC=0 -DVM_TIMING=0 -DVM_TRACE=0 -DVM_TRACE_FST=0 -DVM_TRACE_VCD=0 -DVM_TRACE_SAIF=0 -DVM_VPI=0 -faligned-new -fcf-protection=none -Wno-bool-operation -Wno-int-in-bool-context -Wno-shadow -Wno-sign-compare -Wno-subobject-linkage -Wno-tautological-compare -Wno-uninitialized -Wno-unused-but-set-parameter -Wno-unused-but-set-variable -Wno-unused-parameter -Wno-unused-variable    -std=c++17 -O2   -Os  -c -o h264_syntax_primitives_tb.o /home/flynnsbit/Projects/MisterPlex/.worktrees/w-swap-o5/tests/rtl/h264_syntax_primitives_tb.cpp
g++ -Os  -I.  -MMD -I/home/flynnsbit/.local/oss-cad-suite/share/verilator/include -I/home/flynnsbit/.local/oss-cad-suite/share/verilator/include/vltstd -DVERILATOR=1 -DVM_COVERAGE=0 -DVM_SC=0 -DVM_TIMING=0 -DVM_TRACE=0 -DVM_TRACE_FST=0 -DVM_TRACE_VCD=0 -DVM_TRACE_SAIF=0 -DVM_VPI=0 -faligned-new -fcf-protection=none -Wno-bool-operation -Wno-int-in-bool-context -Wno-shadow -Wno-sign-compare -Wno-subobject-linkage -Wno-tautological-compare -Wno-uninitialized -Wno-unused-but-set-parameter -Wno-unused-but-set-variable -Wno-unused-parameter -Wno-unused-variable    -std=c++17 -O2   -c -o verilated.o /home/flynnsbit/.local/oss-cad-suite/share/verilator/include/verilated.cpp
g++ -Os  -I.  -MMD -I/home/flynnsbit/.local/oss-cad-suite/share/verilator/include -I/home/flynnsbit/.local/oss-cad-suite/share/verilator/include/vltstd -DVERILATOR=1 -DVM_COVERAGE=0 -DVM_SC=0 -DVM_TIMING=0 -DVM_TRACE=0 -DVM_TRACE_FST=0 -DVM_TRACE_VCD=0 -DVM_TRACE_SAIF=0 -DVM_VPI=0 -faligned-new -fcf-protection=none -Wno-bool-operation -Wno-int-in-bool-context -Wno-shadow -Wno-sign-compare -Wno-subobject-linkage -Wno-tautological-compare -Wno-uninitialized -Wno-unused-but-set-parameter -Wno-unused-but-set-variable -Wno-unused-parameter -Wno-unused-variable    -std=c++17 -O2   -c -o verilated_threads.o /home/flynnsbit/.local/oss-cad-suite/share/verilator/include/verilated_threads.cpp
python3 /home/flynnsbit/.local/oss-cad-suite/share/verilator/bin/verilator_includer -DVL_INCLUDE_OPT=include Vh264_syntax_primitives_tb_top.cpp Vh264_syntax_primitives_tb_top___024root__0.cpp Vh264_syntax_primitives_tb_top___024root__Slow.cpp Vh264_syntax_primitives_tb_top___024root__0__Slow.cpp Vh264_syntax_primitives_tb_top__Syms__Slow.cpp > Vh264_syntax_primitives_tb_top__ALL.cpp
g++ -Os  -I.  -MMD -I/home/flynnsbit/.local/oss-cad-suite/share/verilator/include -I/home/flynnsbit/.local/oss-cad-suite/share/verilator/include/vltstd -DVERILATOR=1 -DVM_COVERAGE=0 -DVM_SC=0 -DVM_TIMING=0 -DVM_TRACE=0 -DVM_TRACE_FST=0 -DVM_TRACE_VCD=0 -DVM_TRACE_SAIF=0 -DVM_VPI=0 -faligned-new -fcf-protection=none -Wno-bool-operation -Wno-int-in-bool-context -Wno-shadow -Wno-sign-compare -Wno-subobject-linkage -Wno-tautological-compare -Wno-uninitialized -Wno-unused-but-set-parameter -Wno-unused-but-set-variable -Wno-unused-parameter -Wno-unused-variable    -std=c++17 -O2   -c -o Vh264_syntax_primitives_tb_top__ALL.o Vh264_syntax_primitives_tb_top__ALL.cpp
g++    h264_syntax_primitives_tb.o verilated.o verilated_threads.o Vh264_syntax_primitives_tb_top__ALL.a    -pthread -lpthread -latomic   -o Vh264_syntax_primitives_tb_top
rm Vh264_syntax_primitives_tb_top__ALL.verilator_deplist.tmp
make[2]: Leaving directory '/home/flynnsbit/Projects/MisterPlex/.worktrees/w-swap-o5/build/verilator/h264_syntax_primitives'
- V e r i l a t i o n   R e p o r t: Verilator 5.051 devel rev v5.050-99-gf8fb1d664 (mod)
- Verilator: Built from 0.087 MB sources in 6 modules, into 0.060 MB in 5 C++ files needing 0.000 MB
- Verilator: Walltime 6.047 s (elab=0.002, cvt=0.004, bld=6.034); cpu 0.014 s on 1 threads; allocated 23.906 MB
h264 syntax primitives RTL check PASS: EPB synthetic=6 real_epb_removed=2 ue=9 se=7 malformed_long=rejected offsets=RBSP-after-EPB
make[2]: Entering directory '/home/flynnsbit/Projects/MisterPlex/.worktrees/w-swap-o5/build/verilator/h264_syntax_primitives_epb_fault'
g++  -I.  -MMD -I/home/flynnsbit/.local/oss-cad-suite/share/verilator/include -I/home/flynnsbit/.local/oss-cad-suite/share/verilator/include/vltstd -DVERILATOR=1 -DVM_COVERAGE=0 -DVM_SC=0 -DVM_TIMING=0 -DVM_TRACE=0 -DVM_TRACE_FST=0 -DVM_TRACE_VCD=0 -DVM_TRACE_SAIF=0 -DVM_VPI=0 -faligned-new -fcf-protection=none -Wno-bool-operation -Wno-int-in-bool-context -Wno-shadow -Wno-sign-compare -Wno-subobject-linkage -Wno-tautological-compare -Wno-uninitialized -Wno-unused-but-set-parameter -Wno-unused-but-set-variable -Wno-unused-parameter -Wno-unused-variable    -std=c++17 -O2   -Os  -c -o h264_syntax_primitives_tb.o /home/flynnsbit/Projects/MisterPlex/.worktrees/w-swap-o5/tests/rtl/h264_syntax_primitives_tb.cpp
g++ -Os  -I.  -MMD -I/home/flynnsbit/.local/oss-cad-suite/share/verilator/include -I/home/flynnsbit/.local/oss-cad-suite/share/verilator/include/vltstd -DVERILATOR=1 -DVM_COVERAGE=0 -DVM_SC=0 -DVM_TIMING=0 -DVM_TRACE=0 -DVM_TRACE_FST=0 -DVM_TRACE_VCD=0 -DVM_TRACE_SAIF=0 -DVM_VPI=0 -faligned-new -fcf-protection=none -Wno-bool-operation -Wno-int-in-bool-context -Wno-shadow -Wno-sign-compare -Wno-subobject-linkage -Wno-tautological-compare -Wno-uninitialized -Wno-unused-but-set-parameter -Wno-unused-but-set-variable -Wno-unused-parameter -Wno-unused-variable    -std=c++17 -O2   -c -o verilated.o /home/flynnsbit/.local/oss-cad-suite/share/verilator/include/verilated.cpp
g++ -Os  -I.  -MMD -I/home/flynnsbit/.local/oss-cad-suite/share/verilator/include -I/home/flynnsbit/.local/oss-cad-suite/share/verilator/include/vltstd -DVERILATOR=1 -DVM_COVERAGE=0 -DVM_SC=0 -DVM_TIMING=0 -DVM_TRACE=0 -DVM_TRACE_FST=0 -DVM_TRACE_VCD=0 -DVM_TRACE_SAIF=0 -DVM_VPI=0 -faligned-new -fcf-protection=none -Wno-bool-operation -Wno-int-in-bool-context -Wno-shadow -Wno-sign-compare -Wno-subobject-linkage -Wno-tautological-compare -Wno-uninitialized -Wno-unused-but-set-parameter -Wno-unused-but-set-variable -Wno-unused-parameter -Wno-unused-variable    -std=c++17 -O2   -c -o verilated_threads.o /home/flynnsbit/.local/oss-cad-suite/share/verilator/include/verilated_threads.cpp
python3 /home/flynnsbit/.local/oss-cad-suite/share/verilator/bin/verilator_includer -DVL_INCLUDE_OPT=include Vh264_syntax_primitives_tb_top.cpp Vh264_syntax_primitives_tb_top___024root__0.cpp Vh264_syntax_primitives_tb_top___024root__Slow.cpp Vh264_syntax_primitives_tb_top___024root__0__Slow.cpp Vh264_syntax_primitives_tb_top__Syms__Slow.cpp > Vh264_syntax_primitives_tb_top__ALL.cpp
g++ -Os  -I.  -MMD -I/home/flynnsbit/.local/oss-cad-suite/share/verilator/include -I/home/flynnsbit/.local/oss-cad-suite/share/verilator/include/vltstd -DVERILATOR=1 -DVM_COVERAGE=0 -DVM_SC=0 -DVM_TIMING=0 -DVM_TRACE=0 -DVM_TRACE_FST=0 -DVM_TRACE_VCD=0 -DVM_TRACE_SAIF=0 -DVM_VPI=0 -faligned-new -fcf-protection=none -Wno-bool-operation -Wno-int-in-bool-context -Wno-shadow -Wno-sign-compare -Wno-subobject-linkage -Wno-tautological-compare -Wno-uninitialized -Wno-unused-but-set-parameter -Wno-unused-but-set-variable -Wno-unused-parameter -Wno-unused-variable    -std=c++17 -O2   -c -o Vh264_syntax_primitives_tb_top__ALL.o Vh264_syntax_primitives_tb_top__ALL.cpp
g++    h264_syntax_primitives_tb.o verilated.o verilated_threads.o Vh264_syntax_primitives_tb_top__ALL.a    -pthread -lpthread -latomic   -o Vh264_syntax_primitives_tb_top
rm Vh264_syntax_primitives_tb_top__ALL.verilator_deplist.tmp
make[2]: Leaving directory '/home/flynnsbit/Projects/MisterPlex/.worktrees/w-swap-o5/build/verilator/h264_syntax_primitives_epb_fault'
- V e r i l a t i o n   R e p o r t: Verilator 5.051 devel rev v5.050-99-gf8fb1d664 (mod)
- Verilator: Built from 0.087 MB sources in 6 modules, into 0.061 MB in 5 C++ files needing 0.000 MB
- Verilator: Walltime 5.774 s (elab=0.002, cvt=0.004, bld=5.763); cpu 0.012 s on 1 threads; allocated 23.906 MB
epb_00 got 0 0 3 want 0 0 0
epb_01 got 12 0 0 3 3 want 12 0 0 1 34
epb_02 got 0 0 3 want 0 0 2
real NAL still contains EPB at RBSP offset 10
h264 syntax primitives RTL check FAILED: 4 failures
OK h264_syntax_primitives red-check: EPB leak fault failed synthetic/real RBSP checks
make[2]: Entering directory '/home/flynnsbit/Projects/MisterPlex/.worktrees/w-swap-o5/build/verilator/h264_syntax_primitives_se_fault'
g++  -I.  -MMD -I/home/flynnsbit/.local/oss-cad-suite/share/verilator/include -I/home/flynnsbit/.local/oss-cad-suite/share/verilator/include/vltstd -DVERILATOR=1 -DVM_COVERAGE=0 -DVM_SC=0 -DVM_TIMING=0 -DVM_TRACE=0 -DVM_TRACE_FST=0 -DVM_TRACE_VCD=0 -DVM_TRACE_SAIF=0 -DVM_VPI=0 -faligned-new -fcf-protection=none -Wno-bool-operation -Wno-int-in-bool-context -Wno-shadow -Wno-sign-compare -Wno-subobject-linkage -Wno-tautological-compare -Wno-uninitialized -Wno-unused-but-set-parameter -Wno-unused-but-set-variable -Wno-unused-parameter -Wno-unused-variable    -std=c++17 -O2   -Os  -c -o h264_syntax_primitives_tb.o /home/flynnsbit/Projects/MisterPlex/.worktrees/w-swap-o5/tests/rtl/h264_syntax_primitives_tb.cpp
g++ -Os  -I.  -MMD -I/home/flynnsbit/.local/oss-cad-suite/share/verilator/include -I/home/flynnsbit/.local/oss-cad-suite/share/verilator/include/vltstd -DVERILATOR=1 -DVM_COVERAGE=0 -DVM_SC=0 -DVM_TIMING=0 -DVM_TRACE=0 -DVM_TRACE_FST=0 -DVM_TRACE_VCD=0 -DVM_TRACE_SAIF=0 -DVM_VPI=0 -faligned-new -fcf-protection=none -Wno-bool-operation -Wno-int-in-bool-context -Wno-shadow -Wno-sign-compare -Wno-subobject-linkage -Wno-tautological-compare -Wno-uninitialized -Wno-unused-but-set-parameter -Wno-unused-but-set-variable -Wno-unused-parameter -Wno-unused-variable    -std=c++17 -O2   -c -o verilated.o /home/flynnsbit/.local/oss-cad-suite/share/verilator/include/verilated.cpp
g++ -Os  -I.  -MMD -I/home/flynnsbit/.local/oss-cad-suite/share/verilator/include -I/home/flynnsbit/.local/oss-cad-suite/share/verilator/include/vltstd -DVERILATOR=1 -DVM_COVERAGE=0 -DVM_SC=0 -DVM_TIMING=0 -DVM_TRACE=0 -DVM_TRACE_FST=0 -DVM_TRACE_VCD=0 -DVM_TRACE_SAIF=0 -DVM_VPI=0 -faligned-new -fcf-protection=none -Wno-bool-operation -Wno-int-in-bool-context -Wno-shadow -Wno-sign-compare -Wno-subobject-linkage -Wno-tautological-compare -Wno-uninitialized -Wno-unused-but-set-parameter -Wno-unused-but-set-variable -Wno-unused-parameter -Wno-unused-variable    -std=c++17 -O2   -c -o verilated_threads.o /home/flynnsbit/.local/oss-cad-suite/share/verilator/include/verilated_threads.cpp
python3 /home/flynnsbit/.local/oss-cad-suite/share/verilator/bin/verilator_includer -DVL_INCLUDE_OPT=include Vh264_syntax_primitives_tb_top.cpp Vh264_syntax_primitives_tb_top___024root__0.cpp Vh264_syntax_primitives_tb_top___024root__Slow.cpp Vh264_syntax_primitives_tb_top___024root__0__Slow.cpp Vh264_syntax_primitives_tb_top__Syms__Slow.cpp > Vh264_syntax_primitives_tb_top__ALL.cpp
g++ -Os  -I.  -MMD -I/home/flynnsbit/.local/oss-cad-suite/share/verilator/include -I/home/flynnsbit/.local/oss-cad-suite/share/verilator/include/vltstd -DVERILATOR=1 -DVM_COVERAGE=0 -DVM_SC=0 -DVM_TIMING=0 -DVM_TRACE=0 -DVM_TRACE_FST=0 -DVM_TRACE_VCD=0 -DVM_TRACE_SAIF=0 -DVM_VPI=0 -faligned-new -fcf-protection=none -Wno-bool-operation -Wno-int-in-bool-context -Wno-shadow -Wno-sign-compare -Wno-subobject-linkage -Wno-tautological-compare -Wno-uninitialized -Wno-unused-but-set-parameter -Wno-unused-but-set-variable -Wno-unused-parameter -Wno-unused-variable    -std=c++17 -O2   -c -o Vh264_syntax_primitives_tb_top__ALL.o Vh264_syntax_primitives_tb_top__ALL.cpp
g++    h264_syntax_primitives_tb.o verilated.o verilated_threads.o Vh264_syntax_primitives_tb_top__ALL.a    -pthread -lpthread -latomic   -o Vh264_syntax_primitives_tb_top
rm Vh264_syntax_primitives_tb_top__ALL.verilator_deplist.tmp
make[2]: Leaving directory '/home/flynnsbit/Projects/MisterPlex/.worktrees/w-swap-o5/build/verilator/h264_syntax_primitives_se_fault'
- V e r i l a t i o n   R e p o r t: Verilator 5.051 devel rev v5.050-99-gf8fb1d664 (mod)
- Verilator: Built from 0.087 MB sources in 6 modules, into 0.061 MB in 5 C++ files needing 0.000 MB
- Verilator: Walltime 6.401 s (elab=0.002, cvt=0.006, bld=6.384); cpu 0.016 s on 1 threads; allocated 23.906 MB
se 1 failed got ok=1 se=-1 ue=1
se -1 failed got ok=1 se=1 ue=2
se 2 failed got ok=1 se=-2 ue=3
se -2 failed got ok=1 se=2 ue=4
se 3 failed got ok=1 se=-3 ue=5
se -3 failed got ok=1 se=3 ue=6
h264 syntax primitives RTL check FAILED: 6 failures
OK h264_syntax_primitives red-check: SE sign fault failed signed Exp-Golomb checks
/home/flynnsbit/Projects/MisterPlex/.worktrees/w-swap-o5/tests/unit/test_h264_sps_geometry_rtl_sim.sh
RTL SIM: using Verilator 5.051 devel rev v5.050-99-gf8fb1d664 (mod)
make[2]: Entering directory '/home/flynnsbit/Projects/MisterPlex/.worktrees/w-swap-o5/build/verilator/h264_sps_geometry'
g++  -I.  -MMD -I/home/flynnsbit/.local/oss-cad-suite/share/verilator/include -I/home/flynnsbit/.local/oss-cad-suite/share/verilator/include/vltstd -DVERILATOR=1 -DVM_COVERAGE=0 -DVM_SC=0 -DVM_TIMING=0 -DVM_TRACE=0 -DVM_TRACE_FST=0 -DVM_TRACE_VCD=0 -DVM_TRACE_SAIF=0 -DVM_VPI=0 -faligned-new -fcf-protection=none -Wno-bool-operation -Wno-int-in-bool-context -Wno-shadow -Wno-sign-compare -Wno-subobject-linkage -Wno-tautological-compare -Wno-uninitialized -Wno-unused-but-set-parameter -Wno-unused-but-set-variable -Wno-unused-parameter -Wno-unused-variable    -std=c++17 -O2 -I/home/flynnsbit/Projects/MisterPlex/.worktrees/w-swap-o5/host   -Os  -c -o h264_sps_geometry_tb.o /home/flynnsbit/Projects/MisterPlex/.worktrees/w-swap-o5/tests/rtl/h264_sps_geometry_tb.cpp
g++ -Os  -I.  -MMD -I/home/flynnsbit/.local/oss-cad-suite/share/verilator/include -I/home/flynnsbit/.local/oss-cad-suite/share/verilator/include/vltstd -DVERILATOR=1 -DVM_COVERAGE=0 -DVM_SC=0 -DVM_TIMING=0 -DVM_TRACE=0 -DVM_TRACE_FST=0 -DVM_TRACE_VCD=0 -DVM_TRACE_SAIF=0 -DVM_VPI=0 -faligned-new -fcf-protection=none -Wno-bool-operation -Wno-int-in-bool-context -Wno-shadow -Wno-sign-compare -Wno-subobject-linkage -Wno-tautological-compare -Wno-uninitialized -Wno-unused-but-set-parameter -Wno-unused-but-set-variable -Wno-unused-parameter -Wno-unused-variable    -std=c++17 -O2 -I/home/flynnsbit/Projects/MisterPlex/.worktrees/w-swap-o5/host   -c -o verilated.o /home/flynnsbit/.local/oss-cad-suite/share/verilator/include/verilated.cpp
g++ -Os  -I.  -MMD -I/home/flynnsbit/.local/oss-cad-suite/share/verilator/include -I/home/flynnsbit/.local/oss-cad-suite/share/verilator/include/vltstd -DVERILATOR=1 -DVM_COVERAGE=0 -DVM_SC=0 -DVM_TIMING=0 -DVM_TRACE=0 -DVM_TRACE_FST=0 -DVM_TRACE_VCD=0 -DVM_TRACE_SAIF=0 -DVM_VPI=0 -faligned-new -fcf-protection=none -Wno-bool-operation -Wno-int-in-bool-context -Wno-shadow -Wno-sign-compare -Wno-subobject-linkage -Wno-tautological-compare -Wno-uninitialized -Wno-unused-but-set-parameter -Wno-unused-but-set-variable -Wno-unused-parameter -Wno-unused-variable    -std=c++17 -O2 -I/home/flynnsbit/Projects/MisterPlex/.worktrees/w-swap-o5/host   -c -o verilated_threads.o /home/flynnsbit/.local/oss-cad-suite/share/verilator/include/verilated_threads.cpp
python3 /home/flynnsbit/.local/oss-cad-suite/share/verilator/bin/verilator_includer -DVL_INCLUDE_OPT=include Vh264_sps_geometry_tb_top.cpp Vh264_sps_geometry_tb_top___024root__0.cpp Vh264_sps_geometry_tb_top__ConstPool__0__Slow.cpp Vh264_sps_geometry_tb_top___024root__Slow.cpp Vh264_sps_geometry_tb_top___024root__0__Slow.cpp Vh264_sps_geometry_tb_top__Syms__Slow.cpp > Vh264_sps_geometry_tb_top__ALL.cpp
g++ -Os  -I.  -MMD -I/home/flynnsbit/.local/oss-cad-suite/share/verilator/include -I/home/flynnsbit/.local/oss-cad-suite/share/verilator/include/vltstd -DVERILATOR=1 -DVM_COVERAGE=0 -DVM_SC=0 -DVM_TIMING=0 -DVM_TRACE=0 -DVM_TRACE_FST=0 -DVM_TRACE_VCD=0 -DVM_TRACE_SAIF=0 -DVM_VPI=0 -faligned-new -fcf-protection=none -Wno-bool-operation -Wno-int-in-bool-context -Wno-shadow -Wno-sign-compare -Wno-subobject-linkage -Wno-tautological-compare -Wno-uninitialized -Wno-unused-but-set-parameter -Wno-unused-but-set-variable -Wno-unused-parameter -Wno-unused-variable    -std=c++17 -O2 -I/home/flynnsbit/Projects/MisterPlex/.worktrees/w-swap-o5/host   -c -o Vh264_sps_geometry_tb_top__ALL.o Vh264_sps_geometry_tb_top__ALL.cpp
g++    h264_sps_geometry_tb.o verilated.o verilated_threads.o Vh264_sps_geometry_tb_top__ALL.a    -pthread -lpthread -latomic   -o Vh264_sps_geometry_tb_top
rm Vh264_sps_geometry_tb_top__ALL.verilator_deplist.tmp
make[2]: Leaving directory '/home/flynnsbit/Projects/MisterPlex/.worktrees/w-swap-o5/build/verilator/h264_sps_geometry'
- V e r i l a t i o n   R e p o r t: Verilator 5.051 devel rev v5.050-99-gf8fb1d664 (mod)
- Verilator: Built from 0.085 MB sources in 6 modules, into 0.084 MB in 6 C++ files needing 0.001 MB
- Verilator: Walltime 6.011 s (elab=0.002, cvt=0.006, bld=5.994); cpu 0.017 s on 1 threads; allocated 24.020 MB
h264 SPS geometry RTL check PASS: baseline_320x240 and cropped coded=624x480 display=618x480 crop_right=3 log2_frame_num=7 poc_type=2
make[2]: Entering directory '/home/flynnsbit/Projects/MisterPlex/.worktrees/w-swap-o5/build/verilator/h264_sps_geometry_crop_fault'
g++  -I.  -MMD -I/home/flynnsbit/.local/oss-cad-suite/share/verilator/include -I/home/flynnsbit/.local/oss-cad-suite/share/verilator/include/vltstd -DVERILATOR=1 -DVM_COVERAGE=0 -DVM_SC=0 -DVM_TIMING=0 -DVM_TRACE=0 -DVM_TRACE_FST=0 -DVM_TRACE_VCD=0 -DVM_TRACE_SAIF=0 -DVM_VPI=0 -faligned-new -fcf-protection=none -Wno-bool-operation -Wno-int-in-bool-context -Wno-shadow -Wno-sign-compare -Wno-subobject-linkage -Wno-tautological-compare -Wno-uninitialized -Wno-unused-but-set-parameter -Wno-unused-but-set-variable -Wno-unused-parameter -Wno-unused-variable    -std=c++17 -O2 -I/home/flynnsbit/Projects/MisterPlex/.worktrees/w-swap-o5/host   -Os  -c -o h264_sps_geometry_tb.o /home/flynnsbit/Projects/MisterPlex/.worktrees/w-swap-o5/tests/rtl/h264_sps_geometry_tb.cpp
g++ -Os  -I.  -MMD -I/home/flynnsbit/.local/oss-cad-suite/share/verilator/include -I/home/flynnsbit/.local/oss-cad-suite/share/verilator/include/vltstd -DVERILATOR=1 -DVM_COVERAGE=0 -DVM_SC=0 -DVM_TIMING=0 -DVM_TRACE=0 -DVM_TRACE_FST=0 -DVM_TRACE_VCD=0 -DVM_TRACE_SAIF=0 -DVM_VPI=0 -faligned-new -fcf-protection=none -Wno-bool-operation -Wno-int-in-bool-context -Wno-shadow -Wno-sign-compare -Wno-subobject-linkage -Wno-tautological-compare -Wno-uninitialized -Wno-unused-but-set-parameter -Wno-unused-but-set-variable -Wno-unused-parameter -Wno-unused-variable    -std=c++17 -O2 -I/home/flynnsbit/Projects/MisterPlex/.worktrees/w-swap-o5/host   -c -o verilated.o /home/flynnsbit/.local/oss-cad-suite/share/verilator/include/verilated.cpp
g++ -Os  -I.  -MMD -I/home/flynnsbit/.local/oss-cad-suite/share/verilator/include -I/home/flynnsbit/.local/oss-cad-suite/share/verilator/include/vltstd -DVERILATOR=1 -DVM_COVERAGE=0 -DVM_SC=0 -DVM_TIMING=0 -DVM_TRACE=0 -DVM_TRACE_FST=0 -DVM_TRACE_VCD=0 -DVM_TRACE_SAIF=0 -DVM_VPI=0 -faligned-new -fcf-protection=none -Wno-bool-operation -Wno-int-in-bool-context -Wno-shadow -Wno-sign-compare -Wno-subobject-linkage -Wno-tautological-compare -Wno-uninitialized -Wno-unused-but-set-parameter -Wno-unused-but-set-variable -Wno-unused-parameter -Wno-unused-variable    -std=c++17 -O2 -I/home/flynnsbit/Projects/MisterPlex/.worktrees/w-swap-o5/host   -c -o verilated_threads.o /home/flynnsbit/.local/oss-cad-suite/share/verilator/include/verilated_threads.cpp
python3 /home/flynnsbit/.local/oss-cad-suite/share/verilator/bin/verilator_includer -DVL_INCLUDE_OPT=include Vh264_sps_geometry_tb_top.cpp Vh264_sps_geometry_tb_top___024root__0.cpp Vh264_sps_geometry_tb_top__ConstPool__0__Slow.cpp Vh264_sps_geometry_tb_top___024root__Slow.cpp Vh264_sps_geometry_tb_top___024root__0__Slow.cpp Vh264_sps_geometry_tb_top__Syms__Slow.cpp > Vh264_sps_geometry_tb_top__ALL.cpp
g++ -Os  -I.  -MMD -I/home/flynnsbit/.local/oss-cad-suite/share/verilator/include -I/home/flynnsbit/.local/oss-cad-suite/share/verilator/include/vltstd -DVERILATOR=1 -DVM_COVERAGE=0 -DVM_SC=0 -DVM_TIMING=0 -DVM_TRACE=0 -DVM_TRACE_FST=0 -DVM_TRACE_VCD=0 -DVM_TRACE_SAIF=0 -DVM_VPI=0 -faligned-new -fcf-protection=none -Wno-bool-operation -Wno-int-in-bool-context -Wno-shadow -Wno-sign-compare -Wno-subobject-linkage -Wno-tautological-compare -Wno-uninitialized -Wno-unused-but-set-parameter -Wno-unused-but-set-variable -Wno-unused-parameter -Wno-unused-variable    -std=c++17 -O2 -I/home/flynnsbit/Projects/MisterPlex/.worktrees/w-swap-o5/host   -c -o Vh264_sps_geometry_tb_top__ALL.o Vh264_sps_geometry_tb_top__ALL.cpp
g++    h264_sps_geometry_tb.o verilated.o verilated_threads.o Vh264_sps_geometry_tb_top__ALL.a    -pthread -lpthread -latomic   -o Vh264_sps_geometry_tb_top
rm Vh264_sps_geometry_tb_top__ALL.verilator_deplist.tmp
make[2]: Leaving directory '/home/flynnsbit/Projects/MisterPlex/.worktrees/w-swap-o5/build/verilator/h264_sps_geometry_crop_fault'
- V e r i l a t i o n   R e p o r t: Verilator 5.051 devel rev v5.050-99-gf8fb1d664 (mod)
- Verilator: Built from 0.085 MB sources in 6 modules, into 0.084 MB in 6 C++ files needing 0.001 MB
- Verilator: Walltime 5.841 s (elab=0.002, cvt=0.006, bld=5.825); cpu 0.016 s on 1 threads; allocated 24.027 MB
baseline_320x240 display geometry mismatch
baseline_320x240 crop_right mismatch
cropped_624_to_618 display geometry mismatch
cropped_624_to_618 crop_right mismatch
h264 SPS geometry RTL check FAILED: 4 failures
OK h264_sps_geometry red-check: crop/display perturbation failed geometry checks
/home/flynnsbit/Projects/MisterPlex/.worktrees/w-swap-o5/tests/unit/test_h264_baseline_syntax_rtl_sim.sh
RTL SIM: using Verilator 5.051 devel rev v5.050-99-gf8fb1d664 (mod)
make[2]: Entering directory '/home/flynnsbit/Projects/MisterPlex/.worktrees/w-swap-o5/build/verilator/h264_baseline_syntax'
g++  -I.  -MMD -I/home/flynnsbit/.local/oss-cad-suite/share/verilator/include -I/home/flynnsbit/.local/oss-cad-suite/share/verilator/include/vltstd -DVERILATOR=1 -DVM_COVERAGE=0 -DVM_SC=0 -DVM_TIMING=0 -DVM_TRACE=0 -DVM_TRACE_FST=0 -DVM_TRACE_VCD=0 -DVM_TRACE_SAIF=0 -DVM_VPI=0 -faligned-new -fcf-protection=none -Wno-bool-operation -Wno-int-in-bool-context -Wno-shadow -Wno-sign-compare -Wno-subobject-linkage -Wno-tautological-compare -Wno-uninitialized -Wno-unused-but-set-parameter -Wno-unused-but-set-variable -Wno-unused-parameter -Wno-unused-variable    -std=c++17 -O2 -I/home/flynnsbit/Projects/MisterPlex/.worktrees/w-swap-o5/host   -Os  -c -o h264_baseline_syntax_tb.o /home/flynnsbit/Projects/MisterPlex/.worktrees/w-swap-o5/tests/rtl/h264_baseline_syntax_tb.cpp
g++ -Os  -I.  -MMD -I/home/flynnsbit/.local/oss-cad-suite/share/verilator/include -I/home/flynnsbit/.local/oss-cad-suite/share/verilator/include/vltstd -DVERILATOR=1 -DVM_COVERAGE=0 -DVM_SC=0 -DVM_TIMING=0 -DVM_TRACE=0 -DVM_TRACE_FST=0 -DVM_TRACE_VCD=0 -DVM_TRACE_SAIF=0 -DVM_VPI=0 -faligned-new -fcf-protection=none -Wno-bool-operation -Wno-int-in-bool-context -Wno-shadow -Wno-sign-compare -Wno-subobject-linkage -Wno-tautological-compare -Wno-uninitialized -Wno-unused-but-set-parameter -Wno-unused-but-set-variable -Wno-unused-parameter -Wno-unused-variable    -std=c++17 -O2 -I/home/flynnsbit/Projects/MisterPlex/.worktrees/w-swap-o5/host   -c -o verilated.o /home/flynnsbit/.local/oss-cad-suite/share/verilator/include/verilated.cpp
g++ -Os  -I.  -MMD -I/home/flynnsbit/.local/oss-cad-suite/share/verilator/include -I/home/flynnsbit/.local/oss-cad-suite/share/verilator/include/vltstd -DVERILATOR=1 -DVM_COVERAGE=0 -DVM_SC=0 -DVM_TIMING=0 -DVM_TRACE=0 -DVM_TRACE_FST=0 -DVM_TRACE_VCD=0 -DVM_TRACE_SAIF=0 -DVM_VPI=0 -faligned-new -fcf-protection=none -Wno-bool-operation -Wno-int-in-bool-context -Wno-shadow -Wno-sign-compare -Wno-subobject-linkage -Wno-tautological-compare -Wno-uninitialized -Wno-unused-but-set-parameter -Wno-unused-but-set-variable -Wno-unused-parameter -Wno-unused-variable    -std=c++17 -O2 -I/home/flynnsbit/Projects/MisterPlex/.worktrees/w-swap-o5/host   -c -o verilated_threads.o /home/flynnsbit/.local/oss-cad-suite/share/verilator/include/verilated_threads.cpp
python3 /home/flynnsbit/.local/oss-cad-suite/share/verilator/bin/verilator_includer -DVL_INCLUDE_OPT=include Vh264_baseline_syntax_tb_top.cpp Vh264_baseline_syntax_tb_top___024root__0.cpp Vh264_baseline_syntax_tb_top__ConstPool__0__Slow.cpp Vh264_baseline_syntax_tb_top___024root__Slow.cpp Vh264_baseline_syntax_tb_top___024root__0__Slow.cpp Vh264_baseline_syntax_tb_top__Syms__Slow.cpp > Vh264_baseline_syntax_tb_top__ALL.cpp
g++ -Os  -I.  -MMD -I/home/flynnsbit/.local/oss-cad-suite/share/verilator/include -I/home/flynnsbit/.local/oss-cad-suite/share/verilator/include/vltstd -DVERILATOR=1 -DVM_COVERAGE=0 -DVM_SC=0 -DVM_TIMING=0 -DVM_TRACE=0 -DVM_TRACE_FST=0 -DVM_TRACE_VCD=0 -DVM_TRACE_SAIF=0 -DVM_VPI=0 -faligned-new -fcf-protection=none -Wno-bool-operation -Wno-int-in-bool-context -Wno-shadow -Wno-sign-compare -Wno-subobject-linkage -Wno-tautological-compare -Wno-uninitialized -Wno-unused-but-set-parameter -Wno-unused-but-set-variable -Wno-unused-parameter -Wno-unused-variable    -std=c++17 -O2 -I/home/flynnsbit/Projects/MisterPlex/.worktrees/w-swap-o5/host   -c -o Vh264_baseline_syntax_tb_top__ALL.o Vh264_baseline_syntax_tb_top__ALL.cpp
g++    h264_baseline_syntax_tb.o verilated.o verilated_threads.o Vh264_baseline_syntax_tb_top__ALL.a    -pthread -lpthread -latomic   -o Vh264_baseline_syntax_tb_top
rm Vh264_baseline_syntax_tb_top__ALL.verilator_deplist.tmp
make[2]: Leaving directory '/home/flynnsbit/Projects/MisterPlex/.worktrees/w-swap-o5/build/verilator/h264_baseline_syntax'
- V e r i l a t i o n   R e p o r t: Verilator 5.051 devel rev v5.050-99-gf8fb1d664 (mod)
- Verilator: Built from 0.090 MB sources in 6 modules, into 0.150 MB in 6 C++ files needing 0.000 MB
- Verilator: Walltime 6.552 s (elab=0.003, cvt=0.013, bld=6.528); cpu 0.023 s on 1 threads; allocated 26.672 MB
I-slice MB coverage: total=300 I_NxN=83 I16x16=217
h264 baseline syntax RTL check PASS: PPS, slice header/deblock offsets, 300/300 real I macroblocks, synthetic P_Skip/P16x16/rare P8x8
make[2]: Entering directory '/home/flynnsbit/Projects/MisterPlex/.worktrees/w-swap-o5/build/verilator/h264_baseline_syntax_p8_fault'
g++  -I.  -MMD -I/home/flynnsbit/.local/oss-cad-suite/share/verilator/include -I/home/flynnsbit/.local/oss-cad-suite/share/verilator/include/vltstd -DVERILATOR=1 -DVM_COVERAGE=0 -DVM_SC=0 -DVM_TIMING=0 -DVM_TRACE=0 -DVM_TRACE_FST=0 -DVM_TRACE_VCD=0 -DVM_TRACE_SAIF=0 -DVM_VPI=0 -faligned-new -fcf-protection=none -Wno-bool-operation -Wno-int-in-bool-context -Wno-shadow -Wno-sign-compare -Wno-subobject-linkage -Wno-tautological-compare -Wno-uninitialized -Wno-unused-but-set-parameter -Wno-unused-but-set-variable -Wno-unused-parameter -Wno-unused-variable    -std=c++17 -O2 -I/home/flynnsbit/Projects/MisterPlex/.worktrees/w-swap-o5/host   -Os  -c -o h264_baseline_syntax_tb.o /home/flynnsbit/Projects/MisterPlex/.worktrees/w-swap-o5/tests/rtl/h264_baseline_syntax_tb.cpp
g++ -Os  -I.  -MMD -I/home/flynnsbit/.local/oss-cad-suite/share/verilator/include -I/home/flynnsbit/.local/oss-cad-suite/share/verilator/include/vltstd -DVERILATOR=1 -DVM_COVERAGE=0 -DVM_SC=0 -DVM_TIMING=0 -DVM_TRACE=0 -DVM_TRACE_FST=0 -DVM_TRACE_VCD=0 -DVM_TRACE_SAIF=0 -DVM_VPI=0 -faligned-new -fcf-protection=none -Wno-bool-operation -Wno-int-in-bool-context -Wno-shadow -Wno-sign-compare -Wno-subobject-linkage -Wno-tautological-compare -Wno-uninitialized -Wno-unused-but-set-parameter -Wno-unused-but-set-variable -Wno-unused-parameter -Wno-unused-variable    -std=c++17 -O2 -I/home/flynnsbit/Projects/MisterPlex/.worktrees/w-swap-o5/host   -c -o verilated.o /home/flynnsbit/.local/oss-cad-suite/share/verilator/include/verilated.cpp
g++ -Os  -I.  -MMD -I/home/flynnsbit/.local/oss-cad-suite/share/verilator/include -I/home/flynnsbit/.local/oss-cad-suite/share/verilator/include/vltstd -DVERILATOR=1 -DVM_COVERAGE=0 -DVM_SC=0 -DVM_TIMING=0 -DVM_TRACE=0 -DVM_TRACE_FST=0 -DVM_TRACE_VCD=0 -DVM_TRACE_SAIF=0 -DVM_VPI=0 -faligned-new -fcf-protection=none -Wno-bool-operation -Wno-int-in-bool-context -Wno-shadow -Wno-sign-compare -Wno-subobject-linkage -Wno-tautological-compare -Wno-uninitialized -Wno-unused-but-set-parameter -Wno-unused-but-set-variable -Wno-unused-parameter -Wno-unused-variable    -std=c++17 -O2 -I/home/flynnsbit/Projects/MisterPlex/.worktrees/w-swap-o5/host   -c -o verilated_threads.o /home/flynnsbit/.local/oss-cad-suite/share/verilator/include/verilated_threads.cpp
python3 /home/flynnsbit/.local/oss-cad-suite/share/verilator/bin/verilator_includer -DVL_INCLUDE_OPT=include Vh264_baseline_syntax_tb_top.cpp Vh264_baseline_syntax_tb_top___024root__0.cpp Vh264_baseline_syntax_tb_top__ConstPool__0__Slow.cpp Vh264_baseline_syntax_tb_top___024root__Slow.cpp Vh264_baseline_syntax_tb_top___024root__0__Slow.cpp Vh264_baseline_syntax_tb_top__Syms__Slow.cpp > Vh264_baseline_syntax_tb_top__ALL.cpp
g++ -Os  -I.  -MMD -I/home/flynnsbit/.local/oss-cad-suite/share/verilator/include -I/home/flynnsbit/.local/oss-cad-suite/share/verilator/include/vltstd -DVERILATOR=1 -DVM_COVERAGE=0 -DVM_SC=0 -DVM_TIMING=0 -DVM_TRACE=0 -DVM_TRACE_FST=0 -DVM_TRACE_VCD=0 -DVM_TRACE_SAIF=0 -DVM_VPI=0 -faligned-new -fcf-protection=none -Wno-bool-operation -Wno-int-in-bool-context -Wno-shadow -Wno-sign-compare -Wno-subobject-linkage -Wno-tautological-compare -Wno-uninitialized -Wno-unused-but-set-parameter -Wno-unused-but-set-variable -Wno-unused-parameter -Wno-unused-variable    -std=c++17 -O2 -I/home/flynnsbit/Projects/MisterPlex/.worktrees/w-swap-o5/host   -c -o Vh264_baseline_syntax_tb_top__ALL.o Vh264_baseline_syntax_tb_top__ALL.cpp
g++    h264_baseline_syntax_tb.o verilated.o verilated_threads.o Vh264_baseline_syntax_tb_top__ALL.a    -pthread -lpthread -latomic   -o Vh264_baseline_syntax_tb_top
rm Vh264_baseline_syntax_tb_top__ALL.verilator_deplist.tmp
make[2]: Leaving directory '/home/flynnsbit/Projects/MisterPlex/.worktrees/w-swap-o5/build/verilator/h264_baseline_syntax_p8_fault'
- V e r i l a t i o n   R e p o r t: Verilator 5.051 devel rev v5.050-99-gf8fb1d664 (mod)
- Verilator: Built from 0.090 MB sources in 6 modules, into 0.150 MB in 6 C++ files needing 0.000 MB
- Verilator: Walltime 6.416 s (elab=0.003, cvt=0.015, bld=6.390); cpu 0.026 s on 1 threads; allocated 26.672 MB
I-slice MB coverage: total=300 I_NxN=83 I16x16=217
rare P8x8 partition did not execute
h264 baseline syntax RTL check FAILED: 1 failures
OK h264_baseline_syntax red-check: rare P8x8 perturbation failed partition check
make[1]: Leaving directory '/home/flynnsbit/Projects/MisterPlex/.worktrees/w-swap-o5'
GATE_SKIP_SUMMARY_BEGIN
GATE_SKIP_SUMMARY total=2 critical=1 high=1 advisory=0
GATE_SKIP CRITICAL live-pms-baseline-profile: reason=GATE_SKIP CRITICAL live-pms-baseline-profile: reason=SKIP-NOT-PASS test_pms_baseline_profile: set PLEX_BASE, PLEX_TOKEN, and MISTERPLEX_BASELINE_KEY for the live PMS Baseline check.; would_catch=PMS delivered-stream violations of Baseline/CAVLC/ref=1/no-B FPGA decode contract; source=log; would_catch=PMS delivered-stream violations of Baseline/CAVLC/ref=1/no-B FPGA decode contract; source=log
GATE_SKIP HIGH skip-not-pass: reason=OK red-check: live PMS wrapper missing deps return SKIP-NOT-PASS rc=77; would_catch=a named non-pass gate condition; source=log
GATE_SKIP_SUMMARY_END
