resource-preflight: waiting for exclusive heavy-validation slot: /home/flynnsbit/Projects/MisterPlex/.worktrees/w-swap-o5/build/resource-preflight.lock
resource-preflight: acquired slot for: python3 /home/flynnsbit/Projects/MisterPlex/.worktrees/w-swap-o5/scripts/run_with_skip_summary.py --label make-unit -- make unit-rollcall unit-unlocked
preflight: paging 0 pages/s over 2s (limit 200)
preflight: MemAvailable 72361MB (floor 4096MB)
preflight: SwapFree 7803MB (floor 32MB)
preflight OK: no local Quartus, no active paging, 72361MB available, 7803MB swap free
resource-preflight: preflight OK on attempt 1; running command
make[1]: Entering directory '/home/flynnsbit/Projects/MisterPlex/.worktrees/w-swap-o5'
python3 /home/flynnsbit/Projects/MisterPlex/.worktrees/w-swap-o5/tests/unit/test_unit_rollcall.py
UNIT_ROLLCALL_OK actual_prereqs=33 expected_prereqs=33 actual_commands=96 protected_commands=93 expected_commands=93 actual_ignored_commands=3 expected_ignored_commands=3 makefile=/home/flynnsbit/Projects/MisterPlex/.worktrees/w-swap-o5/Makefile
preflight: paging 0 pages/s over 2s (limit 200)
preflight: MemAvailable 72386MB (floor 4096MB)
... [middle of a 319KB log elided for repo hygiene; full run reproducible with 'make unit'] ...
make[2]: Leaving directory '/home/flynnsbit/Projects/MisterPlex/.worktrees/w-swap-o5/build/verilator/h264_syntax_primitives_se_fault'
- V e r i l a t i o n   R e p o r t: Verilator 5.051 devel rev v5.050-99-gf8fb1d664 (mod)
- Verilator: Built from 0.000 MB sources in 0 modules, into 0.000 MB in 0 C++ files needing 0.000 MB
- Verilator: Walltime 0.007 s (elab=0.000, cvt=0.000, bld=0.006); cpu 0.001 s on 1 threads; allocated 20.316 MB
se 1 failed got ok=1 se=-1 ue=1
se -1 failed got ok=1 se=1 ue=2
se 2 failed got ok=1 se=-2 ue=3
se -2 failed got ok=1 se=2 ue=4
se 3 failed got ok=1 se=-3 ue=5
se -3 failed got ok=1 se=3 ue=6
h264 syntax primitives RTL check FAILED: 6 failures
OK h264_syntax_primitives red-check: SE sign fault failed signed Exp-Golomb checks
/home/flynnsbit/Projects/MisterPlex/.worktrees/w-swap-o5/tests/unit/test_h264_sps_geometry_rtl_sim.sh
RTL SIM: using Verilator 5.051 devel rev v5.050-99-gf8fb1d664 (mod)
make[2]: Entering directory '/home/flynnsbit/Projects/MisterPlex/.worktrees/w-swap-o5/build/verilator/h264_sps_geometry'
make[2]: Nothing to be done for 'default'.
make[2]: Leaving directory '/home/flynnsbit/Projects/MisterPlex/.worktrees/w-swap-o5/build/verilator/h264_sps_geometry'
- V e r i l a t i o n   R e p o r t: Verilator 5.051 devel rev v5.050-99-gf8fb1d664 (mod)
- Verilator: Built from 0.000 MB sources in 0 modules, into 0.000 MB in 0 C++ files needing 0.000 MB
- Verilator: Walltime 0.007 s (elab=0.000, cvt=0.000, bld=0.006); cpu 0.001 s on 1 threads; allocated 20.316 MB
h264 SPS geometry RTL check PASS: baseline_320x240 and cropped coded=624x480 display=618x480 crop_right=3 log2_frame_num=7 poc_type=2
make[2]: Entering directory '/home/flynnsbit/Projects/MisterPlex/.worktrees/w-swap-o5/build/verilator/h264_sps_geometry_crop_fault'
make[2]: Nothing to be done for 'default'.
make[2]: Leaving directory '/home/flynnsbit/Projects/MisterPlex/.worktrees/w-swap-o5/build/verilator/h264_sps_geometry_crop_fault'
- V e r i l a t i o n   R e p o r t: Verilator 5.051 devel rev v5.050-99-gf8fb1d664 (mod)
- Verilator: Built from 0.000 MB sources in 0 modules, into 0.000 MB in 0 C++ files needing 0.000 MB
- Verilator: Walltime 0.007 s (elab=0.000, cvt=0.000, bld=0.006); cpu 0.001 s on 1 threads; allocated 20.316 MB
baseline_320x240 display geometry mismatch
baseline_320x240 crop_right mismatch
cropped_624_to_618 display geometry mismatch
cropped_624_to_618 crop_right mismatch
h264 SPS geometry RTL check FAILED: 4 failures
OK h264_sps_geometry red-check: crop/display perturbation failed geometry checks
/home/flynnsbit/Projects/MisterPlex/.worktrees/w-swap-o5/tests/unit/test_h264_baseline_syntax_rtl_sim.sh
RTL SIM: using Verilator 5.051 devel rev v5.050-99-gf8fb1d664 (mod)
make[2]: Entering directory '/home/flynnsbit/Projects/MisterPlex/.worktrees/w-swap-o5/build/verilator/h264_baseline_syntax'
make[2]: Nothing to be done for 'default'.
make[2]: Leaving directory '/home/flynnsbit/Projects/MisterPlex/.worktrees/w-swap-o5/build/verilator/h264_baseline_syntax'
- V e r i l a t i o n   R e p o r t: Verilator 5.051 devel rev v5.050-99-gf8fb1d664 (mod)
- Verilator: Built from 0.000 MB sources in 0 modules, into 0.000 MB in 0 C++ files needing 0.000 MB
- Verilator: Walltime 0.007 s (elab=0.000, cvt=0.000, bld=0.006); cpu 0.001 s on 1 threads; allocated 20.316 MB
I-slice MB coverage: total=300 I_NxN=83 I16x16=217
h264 baseline syntax RTL check PASS: PPS, slice header/deblock offsets, 300/300 real I macroblocks, synthetic P_Skip/P16x16/rare P8x8
make[2]: Entering directory '/home/flynnsbit/Projects/MisterPlex/.worktrees/w-swap-o5/build/verilator/h264_baseline_syntax_p8_fault'
make[2]: Nothing to be done for 'default'.
make[2]: Leaving directory '/home/flynnsbit/Projects/MisterPlex/.worktrees/w-swap-o5/build/verilator/h264_baseline_syntax_p8_fault'
- V e r i l a t i o n   R e p o r t: Verilator 5.051 devel rev v5.050-99-gf8fb1d664 (mod)
- Verilator: Built from 0.000 MB sources in 0 modules, into 0.000 MB in 0 C++ files needing 0.000 MB
- Verilator: Walltime 0.007 s (elab=0.000, cvt=0.000, bld=0.006); cpu 0.000 s on 1 threads; allocated 20.316 MB
I-slice MB coverage: total=300 I_NxN=83 I16x16=217
rare P8x8 partition did not execute
h264 baseline syntax RTL check FAILED: 1 failures
OK h264_baseline_syntax red-check: rare P8x8 perturbation failed partition check
make[1]: Leaving directory '/home/flynnsbit/Projects/MisterPlex/.worktrees/w-swap-o5'
GATE_SKIP_SUMMARY_BEGIN
GATE_SKIP_SUMMARY total=2 critical=1 high=1 advisory=0
GATE_SKIP CRITICAL live-pms-baseline-profile: reason=GATE_SKIP CRITICAL live-pms-baseline-profile: reason=SKIP-NOT-PASS test_pms_baseline_profile: set PLEX_BASE, PLEX_TOKEN, and MISTERPLEX_BASELINE_KEY for the live PMS Baseline check.; would_catch=PMS delivered-stream violations of Baseline/CAVLC/ref=1/no-B FPGA decode contract; source=log; would_catch=PMS delivered-stream violations of Baseline/CAVLC/ref=1/no-B FPGA decode contract; source=log
GATE_SKIP HIGH skip-not-pass: reason=OK red-check: live PMS wrapper missing deps return SKIP-NOT-PASS rc=77; would_catch=a named non-pass gate condition; source=log
GATE_SKIP_SUMMARY_END
MAKE_UNIT_RC=0
