=== test_ddr_frame_dma_contended_rtl_sim EXECUTED ===
RTL SIM: Verilator 5.051 devel rev v5.050-99-gf8fb1d664 (mod)
=== A) FAULT sticky-no-quantum (expect REPRO_OK) ===
%Warning-PINCONNECTEMPTY: /home/flynnsbit/Projects/MisterPlex-wt-integ-product-v2/fpga/Plex_MiSTer/rtl/ddr_bus_arbiter3.sv:220:4: Instance pin connected by name with empty reference: 'wr_almost_full'
  220 |   .wr_almost_full (),
      |    ^~~~~~~~~~~~~~
                          ... For warning description see https://verilator.org/warn/PINCONNECTEMPTY?v=5.051
                          ... Use "/* verilator lint_off PINCONNECTEMPTY */" and lint_on around source to disable this message.
%Warning-WIDTHTRUNC: /home/flynnsbit/Projects/MisterPlex-wt-integ-product-v2/tests/rtl/ddr_frame_dma_contended_tb.sv:349:3: Logical operator IF expects 1 bit on the If, but If's VARREF 'fail' generates 32 bits.
                                                                                                                          : ... note: In instance 'ddr_frame_dma_contended_tb'
  349 |   if (fail) begin $display("FAIL ddr_frame_dma_contended_tb"); $finish(1); end
      |   ^~
                     ... For warning description see https://verilator.org/warn/WIDTHTRUNC?v=5.051
                     ... Use "/* verilator lint_off WIDTHTRUNC */" and lint_on around source to disable this message.
%Warning-PROCASSINIT: /home/flynnsbit/Projects/MisterPlex-wt-integ-product-v2/tests/rtl/ddr_frame_dma_contended_tb.sv:21:12: Procedural assignment to declaration with initial value: 'clk'
                                                                                                                           : ... note: In instance 'ddr_frame_dma_contended_tb'
                                                                                                                           : ... Location of variable initialization
   21 |  reg clk = 0, clk_m1 = 0, reset = 1;
      |            ^
                      /home/flynnsbit/Projects/MisterPlex-wt-integ-product-v2/tests/rtl/ddr_frame_dma_contended_tb.sv:22:12: ... Location of variable process write
                                                                                                                           : ... Perhaps should initialize instead using a reset in this process
   22 |  always #5 clk = ~clk;
      |            ^~~
                      ... For warning description see https://verilator.org/warn/PROCASSINIT?v=5.051
                      ... Use "/* verilator lint_off PROCASSINIT */" and lint_on around source to disable this message.
%Warning-PROCASSINIT: /home/flynnsbit/Projects/MisterPlex-wt-integ-product-v2/tests/rtl/ddr_frame_dma_contended_tb.sv:21:24: Procedural assignment to declaration with initial value: 'clk_m1'
                                                                                                                           : ... note: In instance 'ddr_frame_dma_contended_tb'
                                                                                                                           : ... Location of variable initialization
   21 |  reg clk = 0, clk_m1 = 0, reset = 1;
      |                        ^
                      /home/flynnsbit/Projects/MisterPlex-wt-integ-product-v2/tests/rtl/ddr_frame_dma_contended_tb.sv:23:13: ... Location of variable process write
                                                                                                                           : ... Perhaps should initialize instead using a reset in this process
   23 |  always #25 clk_m1 = ~clk_m1;
      |             ^~~~~~
%Warning-UNUSEDPARAM: /home/flynnsbit/Projects/MisterPlex-wt-integ-product-v2/tests/rtl/ddr_frame_dma_contended_tb.sv:35:17: Parameter is not used: 'CLK_DDR_MHZ'
                                                                                                                           : ... note: In instance 'ddr_frame_dma_contended_tb'
   35 |  localparam int CLK_DDR_MHZ = 90;
      |                 ^~~~~~~~~~~
                      ... For warning description see https://verilator.org/warn/UNUSEDPARAM?v=5.051
                      ... Use "/* verilator lint_off UNUSEDPARAM */" and lint_on around source to disable this message.
%Warning-UNUSEDPARAM: /home/flynnsbit/Projects/MisterPlex-wt-integ-product-v2/tests/rtl/ddr_frame_dma_contended_tb.sv:37:17: Parameter is not used: 'QWORDS_FULL'
                                                                                                                           : ... note: In instance 'ddr_frame_dma_contended_tb'
   37 |  localparam int QWORDS_FULL = FRAME_BYTES_FULL / 8;
      |                 ^~~~~~~~~~~
%Warning-UNUSEDSIGNAL: /home/flynnsbit/Projects/MisterPlex-wt-integ-product-v2/tests/rtl/ddr_frame_dma_contended_tb.sv:50:13: Signal is not used: 'DDRAM_BE'
                                                                                                                            : ... note: In instance 'ddr_frame_dma_contended_tb'
   50 |  wire [7:0] DDRAM_BE;
      |             ^~~~~~~~
                       ... For warning description see https://verilator.org/warn/UNUSEDSIGNAL?v=5.051
                       ... Use "/* verilator lint_off UNUSEDSIGNAL */" and lint_on around source to disable this message.
%Warning-UNUSEDSIGNAL: /home/flynnsbit/Projects/MisterPlex-wt-integ-product-v2/tests/rtl/ddr_frame_dma_contended_tb.sv:56:14: Signal is not used: 'm0_dout'
                                                                                                                            : ... note: In instance 'ddr_frame_dma_contended_tb'
   56 |  wire [63:0] m0_dout;
      |              ^~~~~~~
%Warning-UNUSEDSIGNAL: /home/flynnsbit/Projects/MisterPlex-wt-integ-product-v2/tests/rtl/ddr_frame_dma_contended_tb.sv:57:13: Signal is not used: 'm0_dout_ready'
                                                                                                                            : ... note: In instance 'ddr_frame_dma_contended_tb'
   57 |  wire       m0_dout_ready;
      |             ^~~~~~~~~~~~~
%Warning-UNUSEDSIGNAL: /home/flynnsbit/Projects/MisterPlex-wt-integ-product-v2/tests/rtl/ddr_frame_dma_contended_tb.sv:62:23: Signal is not used: 'dma_done'
                                                                                                                            : ... note: In instance 'ddr_frame_dma_contended_tb'
   62 |  wire       dma_busy, dma_done, dma_err;
      |                       ^~~~~~~~
%Warning-UNUSEDSIGNAL: /home/flynnsbit/Projects/MisterPlex-wt-integ-product-v2/tests/rtl/ddr_frame_dma_contended_tb.sv:62:33: Signal is not used: 'dma_err'
                                                                                                                            : ... note: In instance 'ddr_frame_dma_contended_tb'
   62 |  wire       dma_busy, dma_done, dma_err;
      |                                 ^~~~~~~
%Warning-UNUSEDSIGNAL: /home/flynnsbit/Projects/MisterPlex-wt-integ-product-v2/tests/rtl/ddr_frame_dma_contended_tb.sv:63:14: Signal is not used: 'dma_rd_beats'
                                                                                                                            : ... note: In instance 'ddr_frame_dma_contended_tb'
   63 |  wire [31:0] dma_rd_beats, dma_wr_beats, dma_last_fb;
      |              ^~~~~~~~~~~~
%Warning-UNUSEDSIGNAL: /home/flynnsbit/Projects/MisterPlex-wt-integ-product-v2/tests/rtl/ddr_frame_dma_contended_tb.sv:63:28: Signal is not used: 'dma_wr_beats'
                                                                                                                            : ... note: In instance 'ddr_frame_dma_contended_tb'
   63 |  wire [31:0] dma_rd_beats, dma_wr_beats, dma_last_fb;
      |                            ^~~~~~~~~~~~
%Warning-UNUSEDSIGNAL: /home/flynnsbit/Projects/MisterPlex-wt-integ-product-v2/tests/rtl/ddr_frame_dma_contended_tb.sv:63:42: Signal is not used: 'dma_last_fb'
                                                                                                                            : ... note: In instance 'ddr_frame_dma_contended_tb'
   63 |  wire [31:0] dma_rd_beats, dma_wr_beats, dma_last_fb;
      |                                          ^~~~~~~~~~~
%Warning-UNUSEDSIGNAL: /home/flynnsbit/Projects/MisterPlex-wt-integ-product-v2/tests/rtl/ddr_frame_dma_contended_tb.sv:64:13: Signal is not used: 'dma_busy_o'
                                                                                                                            : ... note: In instance 'ddr_frame_dma_contended_tb'
   64 |  wire       dma_busy_o;
      |             ^~~~~~~~~~
%Warning-UNUSEDSIGNAL: /home/flynnsbit/Projects/MisterPlex-wt-integ-product-v2/tests/rtl/ddr_frame_dma_contended_tb.sv:68:13: Signal is not driven, nor used: 'dma_dout_ready'
                                                                                                                            : ... note: In instance 'ddr_frame_dma_contended_tb'
   68 |  wire       dma_dout_ready;
      |             ^~~~~~~~~~~~~~
%Warning-UNUSEDSIGNAL: /home/flynnsbit/Projects/MisterPlex-wt-integ-product-v2/tests/rtl/ddr_frame_dma_contended_tb.sv:102:7: Signal is not used: 'm1_busy'
                                                                                                                            : ... note: In instance 'ddr_frame_dma_contended_tb'
  102 |  wire m1_busy;
      |       ^~~~~~~
%Warning-UNUSEDSIGNAL: /home/flynnsbit/Projects/MisterPlex-wt-integ-product-v2/tests/rtl/ddr_frame_dma_contended_tb.sv:103:14: Signal is not used: 'm1_dout'
                                                                                                                             : ... note: In instance 'ddr_frame_dma_contended_tb'
  103 |  wire [63:0] m1_dout;
      |              ^~~~~~~
%Warning-UNUSEDSIGNAL: /home/flynnsbit/Projects/MisterPlex-wt-integ-product-v2/tests/rtl/ddr_frame_dma_contended_tb.sv:104:7: Signal is not used: 'm1_dout_ready'
                                                                                                                            : ... note: In instance 'ddr_frame_dma_contended_tb'
  104 |  wire m1_dout_ready;
      |       ^~~~~~~~~~~~~
%Warning-UNUSEDSIGNAL: /home/flynnsbit/Projects/MisterPlex-wt-integ-product-v2/tests/rtl/ddr_frame_dma_contended_tb.sv:170:10: Signal is not driven, nor used: 'present_div'
                                                                                                                             : ... note: In instance 'ddr_frame_dma_contended_tb'
  170 |  integer present_div;
      |          ^~~~~~~~~~~
%Warning-UNUSEDSIGNAL: /home/flynnsbit/Projects/MisterPlex-wt-integ-product-v2/tests/rtl/ddr_frame_dma_contended_tb.sv:171:6: Signal is not driven, nor used: 'present_need'
                                                                                                                            : ... note: In instance 'ddr_frame_dma_contended_tb'
  171 |  reg present_need;
      |      ^~~~~~~~~~~~
%Warning-UNUSEDSIGNAL: /home/flynnsbit/Projects/MisterPlex-wt-integ-product-v2/tests/rtl/ddr_frame_dma_contended_tb.sv:172:10: Signal is not driven, nor used: 'g_prev'
                                                                                                                             : ... note: In instance 'ddr_frame_dma_contended_tb'
  172 |  integer g_prev;
      |          ^~~~~~
%Warning-UNUSEDSIGNAL: /home/flynnsbit/Projects/MisterPlex-wt-integ-product-v2/tests/rtl/ddr_frame_dma_contended_tb.sv:173:10: Signal is not driven, nor used: 'dma_start_cyc'
                                                                                                                             : ... note: In instance 'ddr_frame_dma_contended_tb'
  173 |  integer dma_start_cyc, dma_done_cyc;
      |          ^~~~~~~~~~~~~
%Warning-UNUSEDSIGNAL: /home/flynnsbit/Projects/MisterPlex-wt-integ-product-v2/tests/rtl/ddr_frame_dma_contended_tb.sv:173:25: Signal is not driven, nor used: 'dma_done_cyc'
                                                                                                                             : ... note: In instance 'ddr_frame_dma_contended_tb'
  173 |  integer dma_start_cyc, dma_done_cyc;
      |                         ^~~~~~~~~~~~
%Warning-UNUSEDSIGNAL: /home/flynnsbit/Projects/MisterPlex-wt-integ-product-v2/tests/rtl/ddr_frame_dma_contended_tb.sv:174:10: Signal is not driven, nor used: 'solo_cyc'
                                                                                                                             : ... note: In instance 'ddr_frame_dma_contended_tb'
  174 |  integer solo_cyc, cont_cyc;
      |          ^~~~~~~~
%Warning-UNUSEDSIGNAL: /home/flynnsbit/Projects/MisterPlex-wt-integ-product-v2/tests/rtl/ddr_frame_dma_contended_tb.sv:174:20: Signal is not driven, nor used: 'cont_cyc'
                                                                                                                             : ... note: In instance 'ddr_frame_dma_contended_tb'
  174 |  integer solo_cyc, cont_cyc;
      |                    ^~~~~~~~
%Warning-UNUSEDSIGNAL: /home/flynnsbit/Projects/MisterPlex-wt-integ-product-v2/tests/rtl/ddr_frame_dma_contended_tb.sv:175:10: Signal is not driven, nor used: 't_solo_us_scaled'
                                                                                                                             : ... note: In instance 'ddr_frame_dma_contended_tb'
  175 |  integer t_solo_us_scaled, t_cont_us_scaled;
      |          ^~~~~~~~~~~~~~~~
%Warning-UNUSEDSIGNAL: /home/flynnsbit/Projects/MisterPlex-wt-integ-product-v2/tests/rtl/ddr_frame_dma_contended_tb.sv:175:28: Signal is not driven, nor used: 't_cont_us_scaled'
                                                                                                                             : ... note: In instance 'ddr_frame_dma_contended_tb'
  175 |  integer t_solo_us_scaled, t_cont_us_scaled;
      |                            ^~~~~~~~~~~~~~~~
%Warning-UNUSEDSIGNAL: /home/flynnsbit/Projects/MisterPlex-wt-integ-product-v2/tests/rtl/ddr_frame_dma_contended_tb.sv:177:6: Signal is not driven, nor used: 'local_fail'
                                                                                                                            : ... note: In instance 'ddr_frame_dma_contended_tb'
  177 |  reg local_fail;
      |      ^~~~~~~~~~
%Warning-UNUSEDSIGNAL: /home/flynnsbit/Projects/MisterPlex-wt-integ-product-v2/fpga/Plex_MiSTer/rtl/ddr_bus_arbiter3.sv:127:12: Signal is not used: 'm2_quantum_cnt'
                                                                                                                              : ... note: In instance 'ddr_frame_dma_contended_tb.u_arb'
  127 |  reg [7:0] m2_quantum_cnt;
      |            ^~~~~~~~~~~~~~
%Warning-SYNCASYNCNET: /home/flynnsbit/Projects/MisterPlex-wt-integ-product-v2/tests/rtl/ddr_frame_dma_contended_tb.sv:21:27: Signal flopped as both synchronous and async: 'ddr_frame_dma_contended_tb.reset'
                       /home/flynnsbit/Projects/MisterPlex-wt-integ-product-v2/fpga/Plex_MiSTer/rtl/ddr_bus_arbiter3.sv:94:7: ... Location of async usage
   94 |   if (reset) begin
      |       ^~~~~
                       /home/flynnsbit/Projects/MisterPlex-wt-integ-product-v2/tests/rtl/ddr_frame_dma_contended_tb.sv:203:7: ... Location of sync usage
  203 |   if (reset) begin
      |       ^~~~~
                       ... For warning description see https://verilator.org/warn/SYNCASYNCNET?v=5.051
                       ... Use "/* verilator lint_off SYNCASYNCNET */" and lint_on around source to disable this message.
make: Entering directory '/home/flynnsbit/Projects/MisterPlex-wt-integ-product-v2/build/verilator/ddr_frame_dma_contended/fault'
g++ -Os  -I.  -MMD -I/home/flynnsbit/.local/oss-cad-suite/share/verilator/include -I/home/flynnsbit/.local/oss-cad-suite/share/verilator/include/vltstd -DVERILATOR=1 -DVM_COVERAGE=0 -DVM_SC=0 -DVM_TIMING=1 -DVM_TRACE=0 -DVM_TRACE_FST=0 -DVM_TRACE_VCD=0 -DVM_TRACE_SAIF=0 -DVM_VPI=0 -faligned-new -fcf-protection=none -Wno-bool-operation -Wno-int-in-bool-context -Wno-shadow -Wno-sign-compare -Wno-subobject-linkage -Wno-tautological-compare -Wno-uninitialized -Wno-unused-but-set-parameter -Wno-unused-but-set-variable -Wno-unused-parameter -Wno-unused-variable    -DVL_TIME_CONTEXT   -fcoroutines -c -o verilated.o /home/flynnsbit/.local/oss-cad-suite/share/verilator/include/verilated.cpp
g++ -Os  -I.  -MMD -I/home/flynnsbit/.local/oss-cad-suite/share/verilator/include -I/home/flynnsbit/.local/oss-cad-suite/share/verilator/include/vltstd -DVERILATOR=1 -DVM_COVERAGE=0 -DVM_SC=0 -DVM_TIMING=1 -DVM_TRACE=0 -DVM_TRACE_FST=0 -DVM_TRACE_VCD=0 -DVM_TRACE_SAIF=0 -DVM_VPI=0 -faligned-new -fcf-protection=none -Wno-bool-operation -Wno-int-in-bool-context -Wno-shadow -Wno-sign-compare -Wno-subobject-linkage -Wno-tautological-compare -Wno-uninitialized -Wno-unused-but-set-parameter -Wno-unused-but-set-variable -Wno-unused-parameter -Wno-unused-variable    -DVL_TIME_CONTEXT   -fcoroutines -c -o verilated_timing.o /home/flynnsbit/.local/oss-cad-suite/share/verilator/include/verilated_timing.cpp
g++ -Os  -I.  -MMD -I/home/flynnsbit/.local/oss-cad-suite/share/verilator/include -I/home/flynnsbit/.local/oss-cad-suite/share/verilator/include/vltstd -DVERILATOR=1 -DVM_COVERAGE=0 -DVM_SC=0 -DVM_TIMING=1 -DVM_TRACE=0 -DVM_TRACE_FST=0 -DVM_TRACE_VCD=0 -DVM_TRACE_SAIF=0 -DVM_VPI=0 -faligned-new -fcf-protection=none -Wno-bool-operation -Wno-int-in-bool-context -Wno-shadow -Wno-sign-compare -Wno-subobject-linkage -Wno-tautological-compare -Wno-uninitialized -Wno-unused-but-set-parameter -Wno-unused-but-set-variable -Wno-unused-parameter -Wno-unused-variable    -DVL_TIME_CONTEXT   -fcoroutines -c -o verilated_threads.o /home/flynnsbit/.local/oss-cad-suite/share/verilator/include/verilated_threads.cpp
python3 /home/flynnsbit/.local/oss-cad-suite/share/verilator/bin/verilator_includer -DVL_INCLUDE_OPT=include Vddr_frame_dma_contended_tb.cpp Vddr_frame_dma_contended_tb___024root__0.cpp Vddr_frame_dma_contended_tb__main.cpp Vddr_frame_dma_contended_tb___024root__Slow.cpp Vddr_frame_dma_contended_tb___024root__0__Slow.cpp Vddr_frame_dma_contended_tb__Syms__Slow.cpp > Vddr_frame_dma_contended_tb__ALL.cpp
g++ -Os  -I.  -MMD -I/home/flynnsbit/.local/oss-cad-suite/share/verilator/include -I/home/flynnsbit/.local/oss-cad-suite/share/verilator/include/vltstd -DVERILATOR=1 -DVM_COVERAGE=0 -DVM_SC=0 -DVM_TIMING=1 -DVM_TRACE=0 -DVM_TRACE_FST=0 -DVM_TRACE_VCD=0 -DVM_TRACE_SAIF=0 -DVM_VPI=0 -faligned-new -fcf-protection=none -Wno-bool-operation -Wno-int-in-bool-context -Wno-shadow -Wno-sign-compare -Wno-subobject-linkage -Wno-tautological-compare -Wno-uninitialized -Wno-unused-but-set-parameter -Wno-unused-but-set-variable -Wno-unused-parameter -Wno-unused-variable    -DVL_TIME_CONTEXT   -fcoroutines -c -o Vddr_frame_dma_contended_tb__ALL.o Vddr_frame_dma_contended_tb__ALL.cpp
g++    verilated.o verilated_timing.o verilated_threads.o Vddr_frame_dma_contended_tb__ALL.a    -pthread -lpthread -latomic   -o Vdma_contended
rm Vddr_frame_dma_contended_tb__ALL.verilator_deplist.tmp
make: Leaving directory '/home/flynnsbit/Projects/MisterPlex-wt-integ-product-v2/build/verilator/ddr_frame_dma_contended/fault'
- V e r i l a t i o n   R e p o r t: Verilator 5.051 devel rev v5.050-99-gf8fb1d664 (mod)
- Verilator: Built from 0.157 MB sources in 5 modules, into 0.073 MB in 6 C++ files needing 0.000 MB
- Verilator: Walltime 5.663 s (elab=0.003, cvt=0.008, bld=5.644); cpu 0.018 s on 1 threads; allocated 23.684 MB
--- fault log ---
=== ddr_frame_dma_contended_tb EXECUTED USE_CWE=1 ===
PREREG arm=14978 ideal=3840 with_present=5760 m10k_dma=1 Q=8 cwe_deny=48 dma_deny=160
REPRO_OK FAULT max_deny=491 grants=8
PASS M10K_PREREG dma=1 arb3=1 (EST; fit UNVERIFIED)
PASS ddr_frame_dma_contended_tb all
DEVICE_BW_VERIFIED=0 CHECK=parent_fit_plus_hdmi_capture
- /home/flynnsbit/Projects/MisterPlex-wt-integ-product-v2/tests/rtl/ddr_frame_dma_contended_tb.sv:352: Verilog $finish
- S i m u l a t i o n   R e p o r t: Verilator 5.051 devel
- Verilator: $finish at 5us; walltime 0.000 s; speed 26.362 ms/s
- Verilator: cpu 0.000 s on 1 threads; allocated 7 MB
fault true rc=0
=== B) PRODUCT quantum (expect PASS all) ===
%Warning-PINCONNECTEMPTY: /home/flynnsbit/Projects/MisterPlex-wt-integ-product-v2/fpga/Plex_MiSTer/rtl/ddr_bus_arbiter3.sv:220:4: Instance pin connected by name with empty reference: 'wr_almost_full'
  220 |   .wr_almost_full (),
      |    ^~~~~~~~~~~~~~
                          ... For warning description see https://verilator.org/warn/PINCONNECTEMPTY?v=5.051
                          ... Use "/* verilator lint_off PINCONNECTEMPTY */" and lint_on around source to disable this message.
%Warning-WIDTHTRUNC: /home/flynnsbit/Projects/MisterPlex-wt-integ-product-v2/tests/rtl/ddr_frame_dma_contended_tb.sv:349:3: Logical operator IF expects 1 bit on the If, but If's VARREF 'fail' generates 32 bits.
                                                                                                                          : ... note: In instance 'ddr_frame_dma_contended_tb'
  349 |   if (fail) begin $display("FAIL ddr_frame_dma_contended_tb"); $finish(1); end
      |   ^~
                     ... For warning description see https://verilator.org/warn/WIDTHTRUNC?v=5.051
                     ... Use "/* verilator lint_off WIDTHTRUNC */" and lint_on around source to disable this message.
%Warning-PROCASSINIT: /home/flynnsbit/Projects/MisterPlex-wt-integ-product-v2/tests/rtl/ddr_frame_dma_contended_tb.sv:21:12: Procedural assignment to declaration with initial value: 'clk'
                                                                                                                           : ... note: In instance 'ddr_frame_dma_contended_tb'
                                                                                                                           : ... Location of variable initialization
   21 |  reg clk = 0, clk_m1 = 0, reset = 1;
      |            ^
                      /home/flynnsbit/Projects/MisterPlex-wt-integ-product-v2/tests/rtl/ddr_frame_dma_contended_tb.sv:22:12: ... Location of variable process write
                                                                                                                           : ... Perhaps should initialize instead using a reset in this process
   22 |  always #5 clk = ~clk;
      |            ^~~
                      ... For warning description see https://verilator.org/warn/PROCASSINIT?v=5.051
                      ... Use "/* verilator lint_off PROCASSINIT */" and lint_on around source to disable this message.
%Warning-PROCASSINIT: /home/flynnsbit/Projects/MisterPlex-wt-integ-product-v2/tests/rtl/ddr_frame_dma_contended_tb.sv:21:24: Procedural assignment to declaration with initial value: 'clk_m1'
                                                                                                                           : ... note: In instance 'ddr_frame_dma_contended_tb'
                                                                                                                           : ... Location of variable initialization
   21 |  reg clk = 0, clk_m1 = 0, reset = 1;
      |                        ^
                      /home/flynnsbit/Projects/MisterPlex-wt-integ-product-v2/tests/rtl/ddr_frame_dma_contended_tb.sv:23:13: ... Location of variable process write
                                                                                                                           : ... Perhaps should initialize instead using a reset in this process
   23 |  always #25 clk_m1 = ~clk_m1;
      |             ^~~~~~
%Warning-UNUSEDSIGNAL: /home/flynnsbit/Projects/MisterPlex-wt-integ-product-v2/tests/rtl/ddr_frame_dma_contended_tb.sv:50:13: Signal is not used: 'DDRAM_BE'
                                                                                                                            : ... note: In instance 'ddr_frame_dma_contended_tb'
   50 |  wire [7:0] DDRAM_BE;
      |             ^~~~~~~~
                       ... For warning description see https://verilator.org/warn/UNUSEDSIGNAL?v=5.051
                       ... Use "/* verilator lint_off UNUSEDSIGNAL */" and lint_on around source to disable this message.
%Warning-UNUSEDSIGNAL: /home/flynnsbit/Projects/MisterPlex-wt-integ-product-v2/tests/rtl/ddr_frame_dma_contended_tb.sv:56:14: Signal is not used: 'm0_dout'
                                                                                                                            : ... note: In instance 'ddr_frame_dma_contended_tb'
   56 |  wire [63:0] m0_dout;
      |              ^~~~~~~
%Warning-UNUSEDSIGNAL: /home/flynnsbit/Projects/MisterPlex-wt-integ-product-v2/tests/rtl/ddr_frame_dma_contended_tb.sv:57:13: Signal is not used: 'm0_dout_ready'
                                                                                                                            : ... note: In instance 'ddr_frame_dma_contended_tb'
   57 |  wire       m0_dout_ready;
      |             ^~~~~~~~~~~~~
%Warning-UNUSEDSIGNAL: /home/flynnsbit/Projects/MisterPlex-wt-integ-product-v2/tests/rtl/ddr_frame_dma_contended_tb.sv:63:42: Signal is not used: 'dma_last_fb'
                                                                                                                            : ... note: In instance 'ddr_frame_dma_contended_tb'
   63 |  wire [31:0] dma_rd_beats, dma_wr_beats, dma_last_fb;
      |                                          ^~~~~~~~~~~
%Warning-UNUSEDSIGNAL: /home/flynnsbit/Projects/MisterPlex-wt-integ-product-v2/tests/rtl/ddr_frame_dma_contended_tb.sv:64:13: Signal is not used: 'dma_busy_o'
                                                                                                                            : ... note: In instance 'ddr_frame_dma_contended_tb'
   64 |  wire       dma_busy_o;
      |             ^~~~~~~~~~
%Warning-UNUSEDSIGNAL: /home/flynnsbit/Projects/MisterPlex-wt-integ-product-v2/tests/rtl/ddr_frame_dma_contended_tb.sv:68:13: Signal is not driven, nor used: 'dma_dout_ready'
                                                                                                                            : ... note: In instance 'ddr_frame_dma_contended_tb'
   68 |  wire       dma_dout_ready;
      |             ^~~~~~~~~~~~~~
%Warning-UNUSEDSIGNAL: /home/flynnsbit/Projects/MisterPlex-wt-integ-product-v2/tests/rtl/ddr_frame_dma_contended_tb.sv:102:7: Signal is not used: 'm1_busy'
                                                                                                                            : ... note: In instance 'ddr_frame_dma_contended_tb'
  102 |  wire m1_busy;
      |       ^~~~~~~
%Warning-UNUSEDSIGNAL: /home/flynnsbit/Projects/MisterPlex-wt-integ-product-v2/tests/rtl/ddr_frame_dma_contended_tb.sv:103:14: Signal is not used: 'm1_dout'
                                                                                                                             : ... note: In instance 'ddr_frame_dma_contended_tb'
  103 |  wire [63:0] m1_dout;
      |              ^~~~~~~
%Warning-UNUSEDSIGNAL: /home/flynnsbit/Projects/MisterPlex-wt-integ-product-v2/tests/rtl/ddr_frame_dma_contended_tb.sv:104:7: Signal is not used: 'm1_dout_ready'
                                                                                                                            : ... note: In instance 'ddr_frame_dma_contended_tb'
  104 |  wire m1_dout_ready;
      |       ^~~~~~~~~~~~~
%Warning-UNUSEDSIGNAL: /home/flynnsbit/Projects/MisterPlex-wt-integ-product-v2/tests/rtl/ddr_frame_dma_contended_tb.sv:173:25: Signal is not driven, nor used: 'dma_done_cyc'
                                                                                                                             : ... note: In instance 'ddr_frame_dma_contended_tb'
  173 |  integer dma_start_cyc, dma_done_cyc;
      |                         ^~~~~~~~~~~~
%Warning-SYNCASYNCNET: /home/flynnsbit/Projects/MisterPlex-wt-integ-product-v2/tests/rtl/ddr_frame_dma_contended_tb.sv:21:27: Signal flopped as both synchronous and async: 'ddr_frame_dma_contended_tb.reset'
                       /home/flynnsbit/Projects/MisterPlex-wt-integ-product-v2/fpga/Plex_MiSTer/rtl/ddr_bus_arbiter3.sv:94:7: ... Location of async usage
   94 |   if (reset) begin
      |       ^~~~~
                       /home/flynnsbit/Projects/MisterPlex-wt-integ-product-v2/tests/rtl/ddr_frame_dma_contended_tb.sv:203:7: ... Location of sync usage
  203 |   if (reset) begin
      |       ^~~~~
                       ... For warning description see https://verilator.org/warn/SYNCASYNCNET?v=5.051
                       ... Use "/* verilator lint_off SYNCASYNCNET */" and lint_on around source to disable this message.
make: Entering directory '/home/flynnsbit/Projects/MisterPlex-wt-integ-product-v2/build/verilator/ddr_frame_dma_contended/product'
g++ -Os  -I.  -MMD -I/home/flynnsbit/.local/oss-cad-suite/share/verilator/include -I/home/flynnsbit/.local/oss-cad-suite/share/verilator/include/vltstd -DVERILATOR=1 -DVM_COVERAGE=0 -DVM_SC=0 -DVM_TIMING=1 -DVM_TRACE=0 -DVM_TRACE_FST=0 -DVM_TRACE_VCD=0 -DVM_TRACE_SAIF=0 -DVM_VPI=0 -faligned-new -fcf-protection=none -Wno-bool-operation -Wno-int-in-bool-context -Wno-shadow -Wno-sign-compare -Wno-subobject-linkage -Wno-tautological-compare -Wno-uninitialized -Wno-unused-but-set-parameter -Wno-unused-but-set-variable -Wno-unused-parameter -Wno-unused-variable    -DVL_TIME_CONTEXT   -fcoroutines -c -o verilated.o /home/flynnsbit/.local/oss-cad-suite/share/verilator/include/verilated.cpp
g++ -Os  -I.  -MMD -I/home/flynnsbit/.local/oss-cad-suite/share/verilator/include -I/home/flynnsbit/.local/oss-cad-suite/share/verilator/include/vltstd -DVERILATOR=1 -DVM_COVERAGE=0 -DVM_SC=0 -DVM_TIMING=1 -DVM_TRACE=0 -DVM_TRACE_FST=0 -DVM_TRACE_VCD=0 -DVM_TRACE_SAIF=0 -DVM_VPI=0 -faligned-new -fcf-protection=none -Wno-bool-operation -Wno-int-in-bool-context -Wno-shadow -Wno-sign-compare -Wno-subobject-linkage -Wno-tautological-compare -Wno-uninitialized -Wno-unused-but-set-parameter -Wno-unused-but-set-variable -Wno-unused-parameter -Wno-unused-variable    -DVL_TIME_CONTEXT   -fcoroutines -c -o verilated_timing.o /home/flynnsbit/.local/oss-cad-suite/share/verilator/include/verilated_timing.cpp
g++ -Os  -I.  -MMD -I/home/flynnsbit/.local/oss-cad-suite/share/verilator/include -I/home/flynnsbit/.local/oss-cad-suite/share/verilator/include/vltstd -DVERILATOR=1 -DVM_COVERAGE=0 -DVM_SC=0 -DVM_TIMING=1 -DVM_TRACE=0 -DVM_TRACE_FST=0 -DVM_TRACE_VCD=0 -DVM_TRACE_SAIF=0 -DVM_VPI=0 -faligned-new -fcf-protection=none -Wno-bool-operation -Wno-int-in-bool-context -Wno-shadow -Wno-sign-compare -Wno-subobject-linkage -Wno-tautological-compare -Wno-uninitialized -Wno-unused-but-set-parameter -Wno-unused-but-set-variable -Wno-unused-parameter -Wno-unused-variable    -DVL_TIME_CONTEXT   -fcoroutines -c -o verilated_threads.o /home/flynnsbit/.local/oss-cad-suite/share/verilator/include/verilated_threads.cpp
python3 /home/flynnsbit/.local/oss-cad-suite/share/verilator/bin/verilator_includer -DVL_INCLUDE_OPT=include Vddr_frame_dma_contended_tb.cpp Vddr_frame_dma_contended_tb___024root__0.cpp Vddr_frame_dma_contended_tb__main.cpp Vddr_frame_dma_contended_tb___024root__Slow.cpp Vddr_frame_dma_contended_tb___024root__0__Slow.cpp Vddr_frame_dma_contended_tb__Syms__Slow.cpp > Vddr_frame_dma_contended_tb__ALL.cpp
g++ -Os  -I.  -MMD -I/home/flynnsbit/.local/oss-cad-suite/share/verilator/include -I/home/flynnsbit/.local/oss-cad-suite/share/verilator/include/vltstd -DVERILATOR=1 -DVM_COVERAGE=0 -DVM_SC=0 -DVM_TIMING=1 -DVM_TRACE=0 -DVM_TRACE_FST=0 -DVM_TRACE_VCD=0 -DVM_TRACE_SAIF=0 -DVM_VPI=0 -faligned-new -fcf-protection=none -Wno-bool-operation -Wno-int-in-bool-context -Wno-shadow -Wno-sign-compare -Wno-subobject-linkage -Wno-tautological-compare -Wno-uninitialized -Wno-unused-but-set-parameter -Wno-unused-but-set-variable -Wno-unused-parameter -Wno-unused-variable    -DVL_TIME_CONTEXT   -fcoroutines -c -o Vddr_frame_dma_contended_tb__ALL.o Vddr_frame_dma_contended_tb__ALL.cpp
g++    verilated.o verilated_timing.o verilated_threads.o Vddr_frame_dma_contended_tb__ALL.a    -pthread -lpthread -latomic   -o Vdma_contended
rm Vddr_frame_dma_contended_tb__ALL.verilator_deplist.tmp
make: Leaving directory '/home/flynnsbit/Projects/MisterPlex-wt-integ-product-v2/build/verilator/ddr_frame_dma_contended/product'
- V e r i l a t i o n   R e p o r t: Verilator 5.051 devel rev v5.050-99-gf8fb1d664 (mod)
- Verilator: Built from 0.160 MB sources in 5 modules, into 0.143 MB in 6 C++ files needing 0.001 MB
- Verilator: Walltime 5.696 s (elab=0.003, cvt=0.011, bld=5.676); cpu 0.020 s on 1 threads; allocated 24.070 MB
--- product log ---
=== ddr_frame_dma_contended_tb EXECUTED USE_CWE=0 ===
PREREG arm=14978 ideal=3840 with_present=5760 m10k_dma=1 Q=8 cwe_deny=48 dma_deny=160
PASS G2 misalign err_align
PASS G0 solo copied=256 cyc=529 t_full_us_scaled=3967 (PR_ideal=3840)
PASS G1 max_deny=138 grants=23 t_cont_us_scaled=4620 (PR_with_present=5760 DMA_deny_bound=160)
PASS G1 fabric_contended_beats_arm margin_us=10358
MEASURE G1 vs PREREG ratio_x100=80 (100=match)
PASS G1b product CWE max_deny=1 grants=499 (quantum bound 48)
PASS M10K_PREREG dma=1 arb3=1 (EST; fit UNVERIFIED)
PASS ddr_frame_dma_contended_tb all
DEVICE_BW_VERIFIED=0 CHECK=parent_fit_plus_hdmi_capture
- /home/flynnsbit/Projects/MisterPlex-wt-integ-product-v2/tests/rtl/ddr_frame_dma_contended_tb.sv:352: Verilog $finish
- S i m u l a t i o n   R e p o r t: Verilator 5.051 devel
- Verilator: $finish at 17us; walltime 0.001 s; speed 30.149 ms/s
- Verilator: cpu 0.001 s on 1 threads; allocated 7 MB
product true rc=0
PASS test_ddr_frame_dma_contended_rtl_sim
true rc=0
