REAL_REF_MODE no_golden_prefill USE_REAL_REF_COMMIT=1
TRAV_CAP_START idr=1
I_RECON_ENTER trav_pend=0 store_pend=0
TRAV_CAP_EOP idr=1 len=4570 mb_w=20 mb_h=15
TRAV_START idr=1 len=4570
TRAV_HDR_OK i_slice=1 bit_pos=26 qp=27 pic_mbs=300 type=7
TRAV_RES_LAUNCH mb=0 res_i=0 i16=0 nC=0 max=16 abs_bit=79
TRAV_RES_OK mb=0 res_i=0 i16=0 tc=8 t1=3 tz=5 bit0=79 bit_end_abs=145 table=0 max=16
TRAV_RES_LAUNCH mb=0 res_i=1 i16=0 nC=8 max=16 abs_bit=145
TRAV_RES_OK mb=0 res_i=1 i16=0 tc=0 t1=0 tz=0 bit0=145 bit_end_abs=151 table=3 max=16
TRAV_RES_LAUNCH mb=0 res_i=2 i16=0 nC=8 max=16 abs_bit=151
TRAV_RES_OK mb=0 res_i=2 i16=0 tc=0 t1=0 tz=0 bit0=151 bit_end_abs=157 table=3 max=16
TRAV_RES_LAUNCH mb=0 res_i=3 i16=0 nC=0 max=16 abs_bit=157
TRAV_RES_OK mb=0 res_i=3 i16=0 tc=15 t1=0 tz=1 bit0=157 bit_end_abs=245 table=0 max=16
TRAV_RES_LAUNCH mb=0 res_i=4 i16=0 nC=0 max=16 abs_bit=245
TRAV_RES_OK mb=0 res_i=4 i16=0 tc=1 t1=0 tz=0 bit0=245 bit_end_abs=253 table=0 max=16
TRAV_RES_LAUNCH mb=0 res_i=5 i16=0 nC=1 max=16 abs_bit=253
TRAV_RES_OK mb=0 res_i=5 i16=0 tc=0 t1=0 tz=0 bit0=253 bit_end_abs=254 table=0 max=16
TRAV_RES_LAUNCH mb=0 res_i=6 i16=0 nC=8 max=16 abs_bit=254
TRAV_RES_OK mb=0 res_i=6 i16=0 tc=15 t1=3 tz=1 bit0=254 bit_end_abs=316 table=3 max=16
TRAV_RES_LAUNCH mb=0 res_i=7 i16=0 nC=8 max=16 abs_bit=316
TRAV_RES_OK mb=0 res_i=7 i16=0 tc=15 t1=1 tz=1 bit0=316 bit_end_abs=389 table=3 max=16
TRAV_RES_LAUNCH mb=0 res_i=8 i16=0 nC=0 max=16 abs_bit=389
TRAV_RES_OK mb=0 res_i=8 i16=0 tc=1 t1=0 tz=0 bit0=389 bit_end_abs=397 table=0 max=16
TRAV_RES_LAUNCH mb=0 res_i=9 i16=0 nC=8 max=16 abs_bit=397
TRAV_RES_OK mb=0 res_i=9 i16=0 tc=13 t1=1 tz=2 bit0=397 bit_end_abs=459 table=3 max=16
TRAV_RES_LAUNCH mb=0 res_i=10 i16=0 nC=1 max=16 abs_bit=459
TRAV_RES_OK mb=0 res_i=10 i16=0 tc=0 t1=0 tz=0 bit0=459 bit_end_abs=460 table=0 max=16
TRAV_RES_LAUNCH mb=0 res_i=11 i16=0 nC=7 max=16 abs_bit=460
TRAV_RES_OK mb=0 res_i=11 i16=0 tc=11 t1=0 tz=4 bit0=460 bit_end_abs=526 table=2 max=16
TRAV_RES_LAUNCH mb=0 res_i=12 i16=0 nC=14 max=16 abs_bit=526
TRAV_RES_OK mb=0 res_i=12 i16=0 tc=12 t1=2 tz=4 bit0=526 bit_end_abs=590 table=3 max=16
TRAV_RES_LAUNCH mb=0 res_i=13 i16=0 nC=14 max=16 abs_bit=590
TRAV_RES_OK mb=0 res_i=13 i16=0 tc=12 t1=2 tz=4 bit0=590 bit_end_abs=653 table=3 max=16
TRAV_RES_LAUNCH mb=0 res_i=14 i16=0 nC=12 max=16 abs_bit=653
TRAV_RES_OK mb=0 res_i=14 i16=0 tc=10 t1=0 tz=5 bit0=653 bit_end_abs=725 table=3 max=16
TRAV_RES_LAUNCH mb=0 res_i=15 i16=0 nC=11 max=16 abs_bit=725
TRAV_RES_OK mb=0 res_i=15 i16=0 tc=11 t1=0 tz=4 bit0=725 bit_end_abs=792 table=3 max=16
TRAV_RES_LAUNCH mb=0 res_i=16 i16=0 nC=0 max=4 abs_bit=792
TRAV_RES_OK mb=0 res_i=16 i16=0 tc=4 t1=0 tz=0 bit0=792 bit_end_abs=842 table=4 max=4
TRAV_RES_LAUNCH mb=0 res_i=17 i16=0 nC=0 max=4 abs_bit=842
TRAV_RES_OK mb=0 res_i=17 i16=0 tc=4 t1=0 tz=0 bit0=842 bit_end_abs=897 table=4 max=4
TRAV_RES_LAUNCH mb=0 res_i=18 i16=0 nC=0 max=15 abs_bit=897
TRAV_RES_OK mb=0 res_i=18 i16=0 tc=12 t1=2 tz=3 bit0=897 bit_end_abs=967 table=0 max=15
TRAV_RES_LAUNCH mb=0 res_i=19 i16=0 nC=12 max=15 abs_bit=967
TRAV_RES_OK mb=0 res_i=19 i16=0 tc=6 t1=2 tz=8 bit0=967 bit_end_abs=1003 table=3 max=15
TRAV_RES_LAUNCH mb=0 res_i=20 i16=0 nC=12 max=15 abs_bit=1003
TRAV_RES_OK mb=0 res_i=20 i16=0 tc=11 t1=0 tz=4 bit0=1003 bit_end_abs=1063 table=3 max=15
TRAV_RES_LAUNCH mb=0 res_i=21 i16=0 nC=9 max=15 abs_bit=1063
TRAV_RES_OK mb=0 res_i=21 i16=0 tc=7 t1=0 tz=7 bit0=1063 bit_end_abs=1112 table=3 max=15
TRAV_RES_LAUNCH mb=0 res_i=22 i16=0 nC=0 max=15 abs_bit=1112
TRAV_RES_OK mb=0 res_i=22 i16=0 tc=10 t1=2 tz=4 bit0=1112 bit_end_abs=1156 table=0 max=15
TRAV_RES_LAUNCH mb=0 res_i=23 i16=0 nC=10 max=15 abs_bit=1156
TRAV_RES_OK mb=0 res_i=23 i16=0 tc=6 t1=1 tz=5 bit0=1156 bit_end_abs=1198 table=3 max=15
TRAV_RES_LAUNCH mb=0 res_i=24 i16=0 nC=10 max=15 abs_bit=1198
TRAV_RES_OK mb=0 res_i=24 i16=0 tc=10 t1=3 tz=5 bit0=1198 bit_end_abs=1255 table=3 max=15
TRAV_RES_LAUNCH mb=0 res_i=25 i16=0 nC=8 max=15 abs_bit=1255
TRAV_RES_OK mb=0 res_i=25 i16=0 tc=6 t1=0 tz=8 bit0=1255 bit_end_abs=1298 table=3 max=15
TRAV_RES_LAUNCH mb=1 res_i=0 i16=0 nC=0 max=16 abs_bit=1354
TRAV_RES_OK mb=1 res_i=0 i16=0 tc=0 t1=0 tz=0 bit0=1354 bit_end_abs=1355 table=0 max=16
TRAV_RES_LAUNCH mb=1 res_i=1 i16=0 nC=0 max=16 abs_bit=1355
TRAV_RES_OK mb=1 res_i=1 i16=0 tc=0 t1=0 tz=0 bit0=1355 bit_end_abs=1356 table=0 max=16
TRAV_RES_LAUNCH mb=1 res_i=2 i16=0 nC=8 max=16 abs_bit=1356
TRAV_RES_OK mb=1 res_i=2 i16=0 tc=16 t1=3 tz=0 bit0=1356 bit_end_abs=1412 table=3 max=16
TRAV_RES_LAUNCH mb=1 res_i=3 i16=0 nC=8 max=16 abs_bit=1412
TRAV_RES_OK mb=1 res_i=3 i16=0 tc=0 t1=0 tz=0 bit0=1412 bit_end_abs=1418 table=3 max=16
TRAV_RES_LAUNCH mb=1 res_i=4 i16=0 nC=0 max=16 abs_bit=1418
TRAV_RES_OK mb=1 res_i=4 i16=0 tc=0 t1=0 tz=0 bit0=1418 bit_end_abs=1419 table=0 max=16
TRAV_RES_LAUNCH mb=1 res_i=5 i16=0 nC=0 max=16 abs_bit=1419
TRAV_RES_OK mb=1 res_i=5 i16=0 tc=0 t1=0 tz=0 bit0=1419 bit_end_abs=1420 table=0 max=16
TRAV_RES_LAUNCH mb=1 res_i=6 i16=0 nC=0 max=16 abs_bit=1420
TRAV_RES_OK mb=1 res_i=6 i16=0 tc=0 t1=0 tz=0 bit0=1420 bit_end_abs=1421 table=0 max=16
TRAV_RES_LAUNCH mb=1 res_i=7 i16=0 nC=0 max=16 abs_bit=1421
TRAV_RES_OK mb=1 res_i=7 i16=0 tc=15 t1=1 tz=1 bit0=1421 bit_end_abs=1504 table=0 max=16
TRAV_RES_LAUNCH mb=1 res_i=8 i16=0 nC=14 max=16 abs_bit=1504
TRAV_RES_OK mb=1 res_i=8 i16=0 tc=12 t1=2 tz=4 bit0=1504 bit_end_abs=1569 table=3 max=16
TRAV_RES_LAUNCH mb=1 res_i=9 i16=0 nC=6 max=16 abs_bit=1569
TRAV_RES_OK mb=1 res_i=9 i16=0 tc=11 t1=1 tz=4 bit0=1569 bit_end_abs=1628 table=2 max=16
TRAV_RES_LAUNCH mb=1 res_i=10 i16=0 nC=12 max=16 abs_bit=1628
TRAV_RES_OK mb=1 res_i=10 i16=0 tc=11 t1=0 tz=4 bit0=1628 bit_end_abs=1690 table=3 max=16
TRAV_RES_LAUNCH mb=1 res_i=11 i16=0 nC=11 max=16 abs_bit=1690
TRAV_RES_OK mb=1 res_i=11 i16=0 tc=8 t1=0 tz=6 bit0=1690 bit_end_abs=1741 table=3 max=16
TRAV_RES_LAUNCH mb=1 res_i=12 i16=0 nC=6 max=16 abs_bit=1741
TRAV_RES_OK mb=1 res_i=12 i16=0 tc=11 t1=2 tz=5 bit0=1741 bit_end_abs=1801 table=2 max=16
TRAV_RES_LAUNCH mb=1 res_i=13 i16=0 nC=13 max=16 abs_bit=1801
TRAV_RES_OK mb=1 res_i=13 i16=0 tc=12 t1=1 tz=3 bit0=1801 bit_end_abs=1866 table=3 max=16
TRAV_RES_LAUNCH mb=1 res_i=14 i16=0 nC=10 max=16 abs_bit=1866
TRAV_RES_OK mb=1 res_i=14 i16=0 tc=8 t1=0 tz=6 bit0=1866 bit_end_abs=1917 table=3 max=16
TRAV_RES_LAUNCH mb=1 res_i=15 i16=0 nC=10 max=16 abs_bit=1917
TRAV_RES_OK mb=1 res_i=15 i16=0 tc=11 t1=0 tz=4 bit0=1917 bit_end_abs=1974 table=3 max=16
TRAV_RES_LAUNCH mb=1 res_i=16 i16=0 nC=0 max=4 abs_bit=1974
TRAV_RES_OK mb=1 res_i=16 i16=0 tc=2 t1=0 tz=1 bit0=1974 bit_end_abs=1993 table=4 max=4
TRAV_RES_LAUNCH mb=1 res_i=17 i16=0 nC=0 max=4 abs_bit=1993
TRAV_RES_OK mb=1 res_i=17 i16=0 tc=2 t1=1 tz=1 bit0=1993 bit_end_abs=2005 table=4 max=4
TRAV_RES_LAUNCH mb=1 res_i=18 i16=0 nC=6 max=15 abs_bit=2005
TRAV_RES_OK mb=1 res_i=18 i16=0 tc=10 t1=3 tz=1 bit0=2005 bit_end_abs=2047 table=2 max=15
TRAV_RES_LAUNCH mb=1 res_i=19 i16=0 nC=10 max=15 abs_bit=2047
TRAV_RES_OK mb=1 res_i=19 i16=0 tc=10 t1=3 tz=1 bit0=2047 bit_end_abs=2087 table=3 max=15
TRAV_RES_LAUNCH mb=1 res_i=20 i16=0 nC=9 max=15 abs_bit=2087
TRAV_RES_OK mb=1 res_i=20 i16=0 tc=13 t1=0 tz=2 bit0=2087 bit_end_abs=2145 table=3 max=15
TRAV_RES_LAUNCH mb=1 res_i=21 i16=0 nC=12 max=15 abs_bit=2145
TRAV_RES_OK mb=1 res_i=21 i16=0 tc=12 t1=0 tz=3 bit0=2145 bit_end_abs=2207 table=3 max=15
TRAV_RES_LAUNCH mb=1 res_i=22 i16=0 nC=6 max=15 abs_bit=2207
TRAV_RES_OK mb=1 res_i=22 i16=0 tc=6 t1=0 tz=3 bit0=2207 bit_end_abs=2248 table=2 max=15
TRAV_RES_LAUNCH mb=1 res_i=23 i16=0 nC=6 max=15 abs_bit=2248
TRAV_RES_OK mb=1 res_i=23 i16=0 tc=6 t1=0 tz=3 bit0=2248 bit_end_abs=2288 table=2 max=15
TRAV_RES_LAUNCH mb=1 res_i=24 i16=0 nC=6 max=15 abs_bit=2288
TRAV_RES_OK mb=1 res_i=24 i16=0 tc=12 t1=3 tz=3 bit0=2288 bit_end_abs=2346 table=2 max=15
TRAV_RES_LAUNCH mb=1 res_i=25 i16=0 nC=9 max=15 abs_bit=2346
TRAV_RES_OK mb=1 res_i=25 i16=0 tc=13 t1=3 tz=2 bit0=2346 bit_end_abs=2396 table=3 max=15
TRAV_RES_LAUNCH mb=2 res_i=0 i16=0 nC=0 max=16 abs_bit=2460
TRAV_RES_OK mb=2 res_i=0 i16=0 tc=0 t1=0 tz=0 bit0=2460 bit_end_abs=2461 table=0 max=16
TRAV_RES_LAUNCH mb=2 res_i=1 i16=0 nC=0 max=16 abs_bit=2461
TRAV_RES_OK mb=2 res_i=1 i16=0 tc=0 t1=0 tz=0 bit0=2461 bit_end_abs=2462 table=0 max=16
TRAV_RES_LAUNCH mb=2 res_i=2 i16=0 nC=8 max=16 abs_bit=2462
TRAV_RES_OK mb=2 res_i=2 i16=0 tc=16 t1=1 tz=0 bit0=2462 bit_end_abs=2519 table=3 max=16
TRAV_RES_LAUNCH mb=2 res_i=3 i16=0 nC=8 max=16 abs_bit=2519
TRAV_RES_OK mb=2 res_i=3 i16=0 tc=15 t1=1 tz=1 bit0=2519 bit_end_abs=2592 table=3 max=16
TRAV_RES_LAUNCH mb=2 res_i=4 i16=0 nC=0 max=16 abs_bit=2592
TRAV_RES_OK mb=2 res_i=4 i16=0 tc=0 t1=0 tz=0 bit0=2592 bit_end_abs=2593 table=0 max=16
TRAV_RES_LAUNCH mb=2 res_i=5 i16=0 nC=0 max=16 abs_bit=2593
TRAV_RES_OK mb=2 res_i=5 i16=0 tc=0 t1=0 tz=0 bit0=2593 bit_end_abs=2594 table=0 max=16
TRAV_RES_LAUNCH mb=2 res_i=6 i16=0 nC=8 max=16 abs_bit=2594
TRAV_RES_OK mb=2 res_i=6 i16=0 tc=16 t1=1 tz=0 bit0=2594 bit_end_abs=2652 table=3 max=16
TRAV_RES_LAUNCH mb=2 res_i=7 i16=0 nC=8 max=16 abs_bit=2652
TRAV_RES_OK mb=2 res_i=7 i16=0 tc=0 t1=0 tz=0 bit0=2652 bit_end_abs=2658 table=3 max=16
TRAV_RES_LAUNCH mb=2 res_i=8 i16=0 nC=14 max=16 abs_bit=2658
TRAV_RES_OK mb=2 res_i=8 i16=0 tc=12 t1=2 tz=4 bit0=2658 bit_end_abs=2724 table=3 max=16
TRAV_RES_LAUNCH mb=2 res_i=9 i16=0 nC=14 max=16 abs_bit=2724
TRAV_RES_OK mb=2 res_i=9 i16=0 tc=14 t1=2 tz=1 bit0=2724 bit_end_abs=2788 table=3 max=16
TRAV_RES_LAUNCH mb=2 res_i=10 i16=0 nC=12 max=16 abs_bit=2788
TRAV_RES_OK mb=2 res_i=10 i16=0 tc=10 t1=0 tz=5 bit0=2788 bit_end_abs=2857 table=3 max=16
TRAV_RES_LAUNCH mb=2 res_i=11 i16=0 nC=12 max=16 abs_bit=2857
TRAV_RES_OK mb=2 res_i=11 i16=0 tc=9 t1=0 tz=6 bit0=2857 bit_end_abs=2919 table=3 max=16
TRAV_RES_LAUNCH mb=2 res_i=12 i16=0 nC=15 max=16 abs_bit=2919
TRAV_RES_OK mb=2 res_i=12 i16=0 tc=12 t1=2 tz=4 bit0=2919 bit_end_abs=2984 table=3 max=16
TRAV_RES_LAUNCH mb=2 res_i=13 i16=0 nC=6 max=16 abs_bit=2984
TRAV_RES_OK mb=2 res_i=13 i16=0 tc=12 t1=2 tz=4 bit0=2984 bit_end_abs=3048 table=2 max=16
TRAV_RES_LAUNCH mb=2 res_i=14 i16=0 nC=11 max=16 abs_bit=3048
TRAV_RES_OK mb=2 res_i=14 i16=0 tc=11 t1=0 tz=4 bit0=3048 bit_end_abs=3115 table=3 max=16
TRAV_RES_LAUNCH mb=2 res_i=15 i16=0 nC=12 max=16 abs_bit=3115
TRAV_RES_OK mb=2 res_i=15 i16=0 tc=8 t1=0 tz=6 bit0=3115 bit_end_abs=3167 table=3 max=16
TRAV_RES_LAUNCH mb=2 res_i=16 i16=0 nC=0 max=4 abs_bit=3167
TRAV_RES_OK mb=2 res_i=16 i16=0 tc=4 t1=0 tz=0 bit0=3167 bit_end_abs=3187 table=4 max=4
TRAV_RES_LAUNCH mb=2 res_i=17 i16=0 nC=0 max=4 abs_bit=3187
TRAV_RES_OK mb=2 res_i=17 i16=0 tc=4 t1=1 tz=0 bit0=3187 bit_end_abs=3205 table=4 max=4
TRAV_RES_LAUNCH mb=2 res_i=18 i16=0 nC=10 max=15 abs_bit=3205
TRAV_RES_OK mb=2 res_i=18 i16=0 tc=6 t1=2 tz=8 bit0=3205 bit_end_abs=3238 table=3 max=15
TRAV_RES_LAUNCH mb=2 res_i=19 i16=0 nC=6 max=15 abs_bit=3238
TRAV_RES_OK mb=2 res_i=19 i16=0 tc=10 t1=3 tz=1 bit0=3238 bit_end_abs=3281 table=2 max=15
TRAV_RES_LAUNCH mb=2 res_i=20 i16=0 nC=9 max=15 abs_bit=3281
TRAV_RES_OK mb=2 res_i=20 i16=0 tc=7 t1=0 tz=7 bit0=3281 bit_end_abs=3333 table=3 max=15
TRAV_RES_LAUNCH mb=2 res_i=21 i16=0 nC=9 max=15 abs_bit=3333
TRAV_RES_OK mb=2 res_i=21 i16=0 tc=15 t1=0 tz=0 bit0=3333 bit_end_abs=3390 table=3 max=15
TRAV_RES_LAUNCH mb=2 res_i=22 i16=0 nC=6 max=15 abs_bit=3390
TRAV_RES_OK mb=2 res_i=22 i16=0 tc=4 t1=3 tz=7 bit0=3390 bit_end_abs=3409 table=2 max=15
TRAV_RES_LAUNCH mb=2 res_i=23 i16=0 nC=4 max=15 abs_bit=3409
TRAV_RES_OK mb=2 res_i=23 i16=0 tc=5 t1=3 tz=3 bit0=3409 bit_end_abs=3426 table=2 max=15
TRAV_RES_LAUNCH mb=2 res_i=24 i16=0 nC=9 max=15 abs_bit=3426
TRAV_RES_OK mb=2 res_i=24 i16=0 tc=7 t1=0 tz=7 bit0=3426 bit_end_abs=3475 table=3 max=15
TRAV_RES_LAUNCH mb=2 res_i=25 i16=0 nC=6 max=15 abs_bit=3475
TRAV_RES_OK mb=2 res_i=25 i16=0 tc=13 t1=3 tz=2 bit0=3475 bit_end_abs=3529 table=2 max=15
TRAV_RES_LAUNCH mb=3 res_i=0 i16=0 nC=0 max=16 abs_bit=3582
TRAV_RES_OK mb=3 res_i=0 i16=0 tc=0 t1=0 tz=0 bit0=3582 bit_end_abs=3583 table=0 max=16
TRAV_RES_LAUNCH mb=3 res_i=1 i16=0 nC=0 max=16 abs_bit=3583
TRAV_RES_OK mb=3 res_i=1 i16=0 tc=8 t1=3 tz=5 bit0=3583 bit_end_abs=3629 table=0 max=16
TRAV_RES_LAUNCH mb=3 res_i=2 i16=0 nC=0 max=16 abs_bit=3629
TRAV_RES_OK mb=3 res_i=2 i16=0 tc=0 t1=0 tz=0 bit0=3629 bit_end_abs=3630 table=0 max=16
TRAV_RES_LAUNCH mb=3 res_i=3 i16=0 nC=4 max=16 abs_bit=3630
TRAV_RES_OK mb=3 res_i=3 i16=0 tc=14 t1=0 tz=2 bit0=3630 bit_end_abs=3707 table=2 max=16
TRAV_RES_LAUNCH mb=3 res_i=4 i16=0 nC=8 max=16 abs_bit=3707
TRAV_RES_OK mb=3 res_i=4 i16=0 tc=1 t1=1 tz=0 bit0=3707 bit_end_abs=3715 table=3 max=16
TRAV_RES_LAUNCH mb=3 res_i=5 i16=0 nC=1 max=16 abs_bit=3715
TRAV_RES_OK mb=3 res_i=5 i16=0 tc=0 t1=0 tz=0 bit0=3715 bit_end_abs=3716 table=0 max=16
TRAV_RES_LAUNCH mb=3 res_i=6 i16=0 nC=8 max=16 abs_bit=3716
TRAV_RES_OK mb=3 res_i=6 i16=0 tc=16 t1=3 tz=0 bit0=3716 bit_end_abs=3768 table=3 max=16
TRAV_RES_LAUNCH mb=3 res_i=7 i16=0 nC=8 max=16 abs_bit=3768
TRAV_RES_OK mb=3 res_i=7 i16=0 tc=15 t1=1 tz=1 bit0=3768 bit_end_abs=3839 table=3 max=16
TRAV_RES_LAUNCH mb=3 res_i=8 i16=0 nC=6 max=16 abs_bit=3839
TRAV_RES_OK mb=3 res_i=8 i16=0 tc=15 t1=2 tz=1 bit0=3839 bit_end_abs=3895 table=2 max=16
TRAV_RES_LAUNCH mb=3 res_i=9 i16=0 nC=15 max=16 abs_bit=3895
TRAV_RES_OK mb=3 res_i=9 i16=0 tc=13 t1=1 tz=2 bit0=3895 bit_end_abs=3956 table=3 max=16
TRAV_RES_LAUNCH mb=3 res_i=10 i16=0 nC=12 max=16 abs_bit=3956
TRAV_RES_OK mb=3 res_i=10 i16=0 tc=8 t1=0 tz=6 bit0=3956 bit_end_abs=4008 table=3 max=16
TRAV_RES_LAUNCH mb=3 res_i=11 i16=0 nC=11 max=16 abs_bit=4008
TRAV_RES_OK mb=3 res_i=11 i16=0 tc=11 t1=0 tz=4 bit0=4008 bit_end_abs=4069 table=3 max=16
TRAV_RES_LAUNCH mb=3 res_i=12 i16=0 nC=15 max=16 abs_bit=4069
TRAV_RES_OK mb=3 res_i=12 i16=0 tc=11 t1=1 tz=4 bit0=4069 bit_end_abs=4128 table=3 max=16
TRAV_RES_LAUNCH mb=3 res_i=13 i16=0 nC=13 max=16 abs_bit=4128
TRAV_RES_OK mb=3 res_i=13 i16=0 tc=11 t1=1 tz=4 bit0=4128 bit_end_abs=4187 table=3 max=16
TRAV_RES_LAUNCH mb=3 res_i=14 i16=0 nC=11 max=16 abs_bit=4187
TRAV_RES_OK mb=3 res_i=14 i16=0 tc=11 t1=0 tz=4 bit0=4187 bit_end_abs=4252 table=3 max=16
TRAV_RES_LAUNCH mb=3 res_i=15 i16=0 nC=11 max=16 abs_bit=4252
TRAV_RES_OK mb=3 res_i=15 i16=0 tc=11 t1=0 tz=4 bit0=4252 bit_end_abs=4317 table=3 max=16
TRAV_RES_LAUNCH mb=3 res_i=16 i16=0 nC=0 max=4 abs_bit=4317
TRAV_RES_OK mb=3 res_i=16 i16=0 tc=2 t1=0 tz=0 bit0=4317 bit_end_abs=4341 table=4 max=4
TRAV_RES_LAUNCH mb=3 res_i=17 i16=0 nC=0 max=4 abs_bit=4341
TRAV_RES_OK mb=3 res_i=17 i16=0 tc=4 t1=0 tz=0 bit0=4341 bit_end_abs=4390 table=4 max=4
TRAV_RES_LAUNCH mb=3 res_i=18 i16=0 nC=10 max=15 abs_bit=4390
TRAV_RES_OK mb=3 res_i=18 i16=0 tc=9 t1=2 tz=2 bit0=4390 bit_end_abs=4427 table=3 max=15
TRAV_RES_LAUNCH mb=3 res_i=19 i16=0 nC=9 max=15 abs_bit=4427
TRAV_RES_OK mb=3 res_i=19 i16=0 tc=7 t1=3 tz=7 bit0=4427 bit_end_abs=4470 table=3 max=15
TRAV_RES_LAUNCH mb=3 res_i=20 i16=0 nC=12 max=15 abs_bit=4470
TRAV_RES_OK mb=3 res_i=20 i16=0 tc=12 t1=0 tz=3 bit0=4470 bit_end_abs=4530 table=3 max=15
TRAV_RES_LAUNCH mb=3 res_i=21 i16=0 nC=10 max=15 abs_bit=4530
TRAV_RES_OK mb=3 res_i=21 i16=0 tc=7 t1=0 tz=7 bit0=4530 bit_end_abs=4579 table=3 max=15
TRAV_RES_LAUNCH mb=3 res_i=22 i16=0 nC=5 max=15 abs_bit=4579
TRAV_RES_OK mb=3 res_i=22 i16=0 tc=15 t1=0 tz=0 bit0=4579 bit_end_abs=4649 table=2 max=15
TRAV_RES_LAUNCH mb=3 res_i=23 i16=0 nC=15 max=15 abs_bit=4649
TRAV_RES_OK mb=3 res_i=23 i16=0 tc=7 t1=1 tz=7 bit0=4649 bit_end_abs=4699 table=3 max=15
TRAV_RES_LAUNCH mb=3 res_i=24 i16=0 nC=14 max=15 abs_bit=4699
TRAV_RES_OK mb=3 res_i=24 i16=0 tc=12 t1=0 tz=3 bit0=4699 bit_end_abs=4763 table=3 max=15
TRAV_RES_LAUNCH mb=3 res_i=25 i16=0 nC=10 max=15 abs_bit=4763
TRAV_RES_OK mb=3 res_i=25 i16=0 tc=7 t1=0 tz=7 bit0=4763 bit_end_abs=4821 table=3 max=15
TRAV_RES_LAUNCH mb=4 res_i=0 i16=0 nC=0 max=16 abs_bit=4868
TRAV_RES_OK mb=4 res_i=0 i16=0 tc=0 t1=0 tz=0 bit0=4868 bit_end_abs=4869 table=0 max=16
TRAV_RES_LAUNCH mb=4 res_i=1 i16=0 nC=0 max=16 abs_bit=4869
TRAV_RES_OK mb=4 res_i=1 i16=0 tc=0 t1=0 tz=0 bit0=4869 bit_end_abs=4870 table=0 max=16
TRAV_RES_LAUNCH mb=4 res_i=2 i16=0 nC=8 max=16 abs_bit=4870
TRAV_RES_OK mb=4 res_i=2 i16=0 tc=15 t1=3 tz=1 bit0=4870 bit_end_abs=4932 table=3 max=16
TRAV_RES_LAUNCH mb=4 res_i=3 i16=0 nC=8 max=16 abs_bit=4932
TRAV_RES_OK mb=4 res_i=3 i16=0 tc=0 t1=0 tz=0 bit0=4932 bit_end_abs=4938 table=3 max=16
TRAV_RES_LAUNCH mb=4 res_i=4 i16=0 nC=0 max=16 abs_bit=4938
TRAV_RES_OK mb=4 res_i=4 i16=0 tc=0 t1=0 tz=0 bit0=4938 bit_end_abs=4939 table=0 max=16
TRAV_RES_LAUNCH mb=4 res_i=5 i16=0 nC=0 max=16 abs_bit=4939
TRAV_RES_OK mb=4 res_i=5 i16=0 tc=0 t1=0 tz=0 bit0=4939 bit_end_abs=4940 table=0 max=16
TRAV_RES_LAUNCH mb=4 res_i=6 i16=0 nC=0 max=16 abs_bit=4940
TRAV_RES_OK mb=4 res_i=6 i16=0 tc=0 t1=0 tz=0 bit0=4940 bit_end_abs=4941 table=0 max=16
TRAV_RES_LAUNCH mb=4 res_i=7 i16=0 nC=0 max=16 abs_bit=4941
TRAV_RES_OK mb=4 res_i=7 i16=0 tc=15 t1=1 tz=1 bit0=4941 bit_end_abs=5022 table=0 max=16
TRAV_RES_LAUNCH mb=4 res_i=8 i16=0 nC=13 max=16 abs_bit=5022
TRAV_RES_OK mb=4 res_i=8 i16=0 tc=11 t1=1 tz=4 bit0=5022 bit_end_abs=5081 table=3 max=16
TRAV_RES_LAUNCH mb=4 res_i=9 i16=0 nC=6 max=16 abs_bit=5081
TRAV_RES_OK mb=4 res_i=9 i16=0 tc=0 t1=0 tz=0 bit0=5081 bit_end_abs=5085 table=2 max=16
TRAV_RES_LAUNCH mb=4 res_i=10 i16=0 nC=11 max=16 abs_bit=5085
TRAV_RES_OK mb=4 res_i=10 i16=0 tc=10 t1=0 tz=5 bit0=5085 bit_end_abs=5154 table=3 max=16
TRAV_RES_LAUNCH mb=4 res_i=11 i16=0 nC=5 max=16 abs_bit=5154
TRAV_RES_OK mb=4 res_i=11 i16=0 tc=11 t1=1 tz=4 bit0=5154 bit_end_abs=5210 table=2 max=16
TRAV_RES_LAUNCH mb=4 res_i=12 i16=0 nC=0 max=16 abs_bit=5210
TRAV_RES_OK mb=4 res_i=12 i16=0 tc=0 t1=0 tz=0 bit0=5210 bit_end_abs=5211 table=0 max=16
TRAV_RES_LAUNCH mb=4 res_i=13 i16=0 nC=8 max=16 abs_bit=5211
TRAV_RES_OK mb=4 res_i=13 i16=0 tc=12 t1=1 tz=3 bit0=5211 bit_end_abs=5271 table=3 max=16
TRAV_RES_LAUNCH mb=4 res_i=14 i16=0 nC=6 max=16 abs_bit=5271
TRAV_RES_OK mb=4 res_i=14 i16=0 tc=13 t1=2 tz=2 bit0=5271 bit_end_abs=5314 table=2 max=16
TRAV_RES_LAUNCH mb=4 res_i=15 i16=0 nC=13 max=16 abs_bit=5314
TRAV_RES_OK mb=4 res_i=15 i16=0 tc=10 t1=0 tz=5 bit0=5314 bit_end_abs=5376 table=3 max=16
TRAV_RES_LAUNCH mb=4 res_i=16 i16=0 nC=0 max=4 abs_bit=5376
TRAV_RES_OK mb=4 res_i=16 i16=0 tc=2 t1=0 tz=1 bit0=5376 bit_end_abs=5390 table=4 max=4
TRAV_RES_LAUNCH mb=4 res_i=17 i16=0 nC=0 max=4 abs_bit=5390
TRAV_RES_OK mb=4 res_i=17 i16=0 tc=2 t1=0 tz=1 bit0=5390 bit_end_abs=5411 table=4 max=4
TRAV_RES_LAUNCH mb=4 res_i=18 i16=0 nC=7 max=15 abs_bit=5411
TRAV_RES_OK mb=4 res_i=18 i16=0 tc=10 t1=2 tz=1 bit0=5411 bit_end_abs=5457 table=2 max=15
TRAV_RES_LAUNCH mb=4 res_i=19 i16=0 nC=10 max=15 abs_bit=5457
TRAV_RES_OK mb=4 res_i=19 i16=0 tc=10 t1=2 tz=1 bit0=5457 bit_end_abs=5501 table=3 max=15
TRAV_RES_LAUNCH mb=4 res_i=20 i16=0 nC=9 max=15 abs_bit=5501
TRAV_RES_OK mb=4 res_i=20 i16=0 tc=13 t1=1 tz=2 bit0=5501 bit_end_abs=5557 table=3 max=15
TRAV_RES_LAUNCH mb=4 res_i=21 i16=0 nC=12 max=15 abs_bit=5557
TRAV_RES_OK mb=4 res_i=21 i16=0 tc=13 t1=1 tz=2 bit0=5557 bit_end_abs=5613 table=3 max=15
TRAV_RES_LAUNCH mb=4 res_i=22 i16=0 nC=7 max=15 abs_bit=5613
TRAV_RES_OK mb=4 res_i=22 i16=0 tc=10 t1=2 tz=1 bit0=5613 bit_end_abs=5670 table=2 max=15
TRAV_RES_LAUNCH mb=4 res_i=23 i16=0 nC=10 max=15 abs_bit=5670
TRAV_RES_OK mb=4 res_i=23 i16=0 tc=10 t1=2 tz=1 bit0=5670 bit_end_abs=5725 table=3 max=15
TRAV_RES_LAUNCH mb=4 res_i=24 i16=0 nC=9 max=15 abs_bit=5725
TRAV_RES_OK mb=4 res_i=24 i16=0 tc=13 t1=0 tz=2 bit0=5725 bit_end_abs=5794 table=3 max=15
TRAV_RES_LAUNCH mb=4 res_i=25 i16=0 nC=12 max=15 abs_bit=5794
TRAV_RES_OK mb=4 res_i=25 i16=0 tc=13 t1=0 tz=2 bit0=5794 bit_end_abs=5863 table=3 max=15
TRAV_RES_LAUNCH mb=5 res_i=0 i16=0 nC=0 max=16 abs_bit=5924
TRAV_RES_OK mb=5 res_i=0 i16=0 tc=0 t1=0 tz=0 bit0=5924 bit_end_abs=5925 table=0 max=16
TRAV_RES_LAUNCH mb=5 res_i=1 i16=0 nC=0 max=16 abs_bit=5925
TRAV_RES_OK mb=5 res_i=1 i16=0 tc=0 t1=0 tz=0 bit0=5925 bit_end_abs=5926 table=0 max=16
TRAV_RES_LAUNCH mb=5 res_i=2 i16=0 nC=8 max=16 abs_bit=5926
TRAV_RES_OK mb=5 res_i=2 i16=0 tc=12 t1=3 tz=3 bit0=5926 bit_end_abs=5964 table=3 max=16
TRAV_RES_LAUNCH mb=5 res_i=3 i16=0 nC=6 max=16 abs_bit=5964
TRAV_RES_OK mb=5 res_i=3 i16=0 tc=11 t1=1 tz=4 bit0=5964 bit_end_abs=6015 table=2 max=16
TRAV_RES_LAUNCH mb=5 res_i=4 i16=0 nC=0 max=16 abs_bit=6015
TRAV_RES_OK mb=5 res_i=4 i16=0 tc=0 t1=0 tz=0 bit0=6015 bit_end_abs=6016 table=0 max=16
TRAV_RES_LAUNCH mb=5 res_i=5 i16=0 nC=0 max=16 abs_bit=6016
TRAV_RES_OK mb=5 res_i=5 i16=0 tc=0 t1=0 tz=0 bit0=6016 bit_end_abs=6017 table=0 max=16
TRAV_RES_LAUNCH mb=5 res_i=6 i16=0 nC=6 max=16 abs_bit=6017
TRAV_RES_OK mb=5 res_i=6 i16=0 tc=12 t1=3 tz=3 bit0=6017 bit_end_abs=6057 table=2 max=16
TRAV_RES_LAUNCH mb=5 res_i=7 i16=0 nC=6 max=16 abs_bit=6057
TRAV_RES_OK mb=5 res_i=7 i16=0 tc=11 t1=1 tz=4 bit0=6057 bit_end_abs=6106 table=2 max=16
TRAV_RES_LAUNCH mb=5 res_i=8 i16=0 nC=12 max=16 abs_bit=6106
TRAV_RES_OK mb=5 res_i=8 i16=0 tc=9 t1=2 tz=4 bit0=6106 bit_end_abs=6147 table=3 max=16
TRAV_RES_LAUNCH mb=5 res_i=9 i16=0 nC=10 max=16 abs_bit=6147
TRAV_RES_OK mb=5 res_i=9 i16=0 tc=11 t1=3 tz=2 bit0=6147 bit_end_abs=6186 table=3 max=16
TRAV_RES_LAUNCH mb=5 res_i=10 i16=0 nC=10 max=16 abs_bit=6186
TRAV_RES_OK mb=5 res_i=10 i16=0 tc=8 t1=0 tz=7 bit0=6186 bit_end_abs=6236 table=3 max=16
TRAV_RES_LAUNCH mb=5 res_i=11 i16=0 nC=10 max=16 abs_bit=6236
TRAV_RES_OK mb=5 res_i=11 i16=0 tc=10 t1=0 tz=5 bit0=6236 bit_end_abs=6286 table=3 max=16
TRAV_RES_LAUNCH mb=5 res_i=12 i16=0 nC=12 max=16 abs_bit=6286
TRAV_RES_OK mb=5 res_i=12 i16=0 tc=10 t1=3 tz=3 bit0=6286 bit_end_abs=6322 table=3 max=16
TRAV_RES_LAUNCH mb=5 res_i=13 i16=0 nC=11 max=16 abs_bit=6322
TRAV_RES_OK mb=5 res_i=13 i16=0 tc=9 t1=2 tz=4 bit0=6322 bit_end_abs=6363 table=3 max=16
TRAV_RES_LAUNCH mb=5 res_i=14 i16=0 nC=10 max=16 abs_bit=6363
TRAV_RES_OK mb=5 res_i=14 i16=0 tc=8 t1=0 tz=7 bit0=6363 bit_end_abs=6413 table=3 max=16
TRAV_RES_LAUNCH mb=5 res_i=15 i16=0 nC=9 max=16 abs_bit=6413
TRAV_RES_OK mb=5 res_i=15 i16=0 tc=10 t1=0 tz=5 bit0=6413 bit_end_abs=6463 table=3 max=16
TRAV_RES_LAUNCH mb=5 res_i=16 i16=0 nC=0 max=4 abs_bit=6463
TRAV_RES_OK mb=5 res_i=16 i16=0 tc=2 t1=0 tz=1 bit0=6463 bit_end_abs=6478 table=4 max=4
TRAV_RES_LAUNCH mb=5 res_i=17 i16=0 nC=0 max=4 abs_bit=6478
TRAV_RES_OK mb=5 res_i=17 i16=0 tc=2 t1=0 tz=1 bit0=6478 bit_end_abs=6499 table=4 max=4
TRAV_RES_LAUNCH mb=5 res_i=18 i16=0 nC=10 max=15 abs_bit=6499
TRAV_RES_OK mb=5 res_i=18 i16=0 tc=3 t1=3 tz=4 bit0=6499 bit_end_abs=6516 table=3 max=15
TRAV_RES_LAUNCH mb=5 res_i=19 i16=0 nC=3 max=15 abs_bit=6516
TRAV_RES_OK mb=5 res_i=19 i16=0 tc=3 t1=3 tz=4 bit0=6516 bit_end_abs=6531 table=1 max=15
TRAV_RES_LAUNCH mb=5 res_i=20 i16=0 nC=8 max=15 abs_bit=6531
TRAV_RES_OK mb=5 res_i=20 i16=0 tc=7 t1=0 tz=7 bit0=6531 bit_end_abs=6571 table=3 max=15
TRAV_RES_LAUNCH mb=5 res_i=21 i16=0 nC=5 max=15 abs_bit=6571
TRAV_RES_OK mb=5 res_i=21 i16=0 tc=7 t1=0 tz=7 bit0=6571 bit_end_abs=6612 table=2 max=15
TRAV_RES_LAUNCH mb=5 res_i=22 i16=0 nC=10 max=15 abs_bit=6612
TRAV_RES_OK mb=5 res_i=22 i16=0 tc=5 t1=3 tz=6 bit0=6612 bit_end_abs=6636 table=3 max=15
TRAV_RES_LAUNCH mb=5 res_i=23 i16=0 nC=5 max=15 abs_bit=6636
TRAV_RES_OK mb=5 res_i=23 i16=0 tc=5 t1=3 tz=6 bit0=6636 bit_end_abs=6658 table=2 max=15
TRAV_RES_LAUNCH mb=5 res_i=24 i16=0 nC=9 max=15 abs_bit=6658
TRAV_RES_OK mb=5 res_i=24 i16=0 tc=7 t1=0 tz=7 bit0=6658 bit_end_abs=6707 table=3 max=15
TRAV_RES_LAUNCH mb=5 res_i=25 i16=0 nC=6 max=15 abs_bit=6707
TRAV_RES_OK mb=5 res_i=25 i16=0 tc=7 t1=0 tz=7 bit0=6707 bit_end_abs=6757 table=2 max=15
TRAV_DONE mb_count=300 err=0 unsup=0
TRAV_CY_BREAKDOWN total=397217 win=8910 wait=67287 hold=294064 setup=8321 other=18635 win_loads=135 win_reuse=1762 zero_exp=4020
DELIVERED_MB_BITMAP unique=300 dup=0 oob=0 expected=300 fault_drop=0 real_ref=1
I_RECON_DONE mb_written=299 blk_applied=5020 luma_nz_peak=373
STORE_MB_BITMAP unique=299 dup=0 oob=0 expected=300 fault_dup=0
SINK_CY_BREAKDOWN total=411248 idle_wb=39922 idle_pend=300 idle_ready=70314 init=0 settle=5917 i16nb=10176 i16pred=57239 had=4199 i4nb=41029 iq=14400 apply=83872 dump=83659
RECON_STORE_COUNTS frame_paint=1 total=300 idr=300 p=0 p_inter_ok=0 p_inter_fail=0 idr_mb0_store_enqueues=0
STORE_MB_BITMAP unique=300 dup=0 oob=0 expected=300 fault_dup=0
TRAV_CAP_START idr=0
TRAV_CAP_EOP idr=0 len=2304 mb_w=20 mb_h=15
TRAV_START idr=0 len=2304
TRAV_HDR_OK i_slice=0 bit_pos=24 qp=27 pic_mbs=300 type=5
TRAV_DONE mb_count=300 err=0 unsup=0
TRAV_CY_BREAKDOWN total=296541 win=4422 wait=36977 hold=1181 setup=17114 other=236847 win_loads=67 win_reuse=1114 zero_exp=0
DELIVERED_MB_BITMAP unique=300 dup=0 oob=0 expected=300 fault_drop=0 real_ref=1
RECON_STORE_COUNTS frame_paint=2 total=600 idr=300 p=300 p_inter_ok=300 p_inter_fail=0 idr_mb0_store_enqueues=0
STORE_MB_BITMAP unique=300 dup=0 oob=0 expected=300 fault_dup=0
TRAV_CAP_START idr=0
TRAV_CAP_EOP idr=0 len=1818 mb_w=20 mb_h=15
TRAV_START idr=0 len=1818
TRAV_HDR_OK i_slice=0 bit_pos=24 qp=27 pic_mbs=300 type=5
TRAV_DONE mb_count=300 err=0 unsup=0
TRAV_CY_BREAKDOWN total=296709 win=3564 wait=29224 hold=896 setup=20184 other=242841 win_loads=54 win_reuse=842 zero_exp=0
DELIVERED_MB_BITMAP unique=300 dup=0 oob=0 expected=300 fault_drop=0 real_ref=1
RECON_STORE_COUNTS frame_paint=3 total=900 idr=300 p=600 p_inter_ok=600 p_inter_fail=0 idr_mb0_store_enqueues=0
STORE_MB_BITMAP unique=300 dup=0 oob=0 expected=300 fault_dup=0
TRAV_CAP_START idr=0
TRAV_CAP_EOP idr=0 len=2340 mb_w=20 mb_h=15
TRAV_START idr=0 len=2340
TRAV_HDR_OK i_slice=0 bit_pos=24 qp=27 pic_mbs=300 type=5
TRAV_DONE mb_count=300 err=0 unsup=0
TRAV_CY_BREAKDOWN total=296807 win=4554 wait=38372 hold=1287 setup=16881 other=235713 win_loads=69 win_reuse=1218 zero_exp=0
DELIVERED_MB_BITMAP unique=300 dup=0 oob=0 expected=300 fault_drop=0 real_ref=1
RECON_STORE_COUNTS frame_paint=4 total=1200 idr=300 p=900 p_inter_ok=900 p_inter_fail=0 idr_mb0_store_enqueues=0
STORE_MB_BITMAP unique=300 dup=0 oob=0 expected=300 fault_dup=0
TRAV_CAP_START idr=0
TRAV_CAP_EOP idr=0 len=2469 mb_w=20 mb_h=15
TRAV_START idr=0 len=2469
TRAV_HDR_OK i_slice=0 bit_pos=24 qp=27 pic_mbs=300 type=5
TRAV_DONE mb_count=300 err=0 unsup=0
TRAV_CY_BREAKDOWN total=296329 win=4818 wait=39753 hold=1296 setup=24853 other=225609 win_loads=73 win_reuse=1223 zero_exp=0
DELIVERED_MB_BITMAP unique=300 dup=0 oob=0 expected=300 fault_drop=0 real_ref=1
RECON_STORE_COUNTS frame_paint=5 total=1500 idr=300 p=1200 p_inter_ok=1200 p_inter_fail=0 idr_mb0_store_enqueues=0
STORE_MB_BITMAP unique=300 dup=0 oob=0 expected=300 fault_dup=0
TRAV_CAP_START idr=0
TRAV_CAP_EOP idr=0 len=1886 mb_w=20 mb_h=15
TRAV_START idr=0 len=1886
TRAV_HDR_OK i_slice=0 bit_pos=24 qp=28 pic_mbs=300 type=5
TRAV_DONE mb_count=300 err=0 unsup=0
TRAV_CY_BREAKDOWN total=296577 win=3696 wait=30238 hold=901 setup=9570 other=252172 win_loads=56 win_reuse=845 zero_exp=0
DELIVERED_MB_BITMAP unique=300 dup=0 oob=0 expected=300 fault_drop=0 real_ref=1
RECON_STORE_COUNTS frame_paint=6 total=1800 idr=300 p=1500 p_inter_ok=1500 p_inter_fail=0 idr_mb0_store_enqueues=0
STORE_MB_BITMAP unique=300 dup=0 oob=0 expected=300 fault_dup=0
TRAV_CAP_START idr=0
TRAV_CAP_EOP idr=0 len=2360 mb_w=20 mb_h=15
TRAV_START idr=0 len=2360
TRAV_HDR_OK i_slice=0 bit_pos=24 qp=28 pic_mbs=300 type=5
TRAV_DONE mb_count=300 err=0 unsup=0
TRAV_CY_BREAKDOWN total=296798 win=4554 wait=37850 hold=1208 setup=13719 other=239467 win_loads=69 win_reuse=1139 zero_exp=0
DELIVERED_MB_BITMAP unique=300 dup=0 oob=0 expected=300 fault_drop=0 real_ref=1
RECON_STORE_COUNTS frame_paint=7 total=2100 idr=300 p=1800 p_inter_ok=1800 p_inter_fail=0 idr_mb0_store_enqueues=0
STORE_MB_BITMAP unique=300 dup=0 oob=0 expected=300 fault_dup=0
TRAV_CAP_START idr=0
TRAV_CAP_EOP idr=0 len=2233 mb_w=20 mb_h=15
TRAV_START idr=0 len=2233
TRAV_HDR_OK i_slice=0 bit_pos=24 qp=29 pic_mbs=300 type=5
TRAV_DONE mb_count=300 err=0 unsup=0
TRAV_CY_BREAKDOWN total=297122 win=4356 wait=36246 hold=1204 setup=15605 other=239711 win_loads=66 win_reuse=1138 zero_exp=0
DELIVERED_MB_BITMAP unique=300 dup=0 oob=0 expected=300 fault_drop=0 real_ref=1
RECON_STORE_COUNTS frame_paint=8 total=2400 idr=300 p=2100 p_inter_ok=2100 p_inter_fail=0 idr_mb0_store_enqueues=0
STORE_MB_BITMAP unique=300 dup=0 oob=0 expected=300 fault_dup=0
TRAV_CAP_START idr=0
TRAV_CAP_EOP idr=0 len=1535 mb_w=20 mb_h=15
TRAV_START idr=0 len=1535
TRAV_HDR_OK i_slice=0 bit_pos=24 qp=29 pic_mbs=300 type=5
TRAV_DONE mb_count=300 err=0 unsup=0
TRAV_CY_BREAKDOWN total=296185 win=2970 wait=24290 hold=702 setup=7758 other=260465 win_loads=45 win_reuse=657 zero_exp=0
DELIVERED_MB_BITMAP unique=300 dup=0 oob=0 expected=300 fault_drop=0 real_ref=1
RECON_STORE_COUNTS frame_paint=9 total=2700 idr=300 p=2400 p_inter_ok=2400 p_inter_fail=0 idr_mb0_store_enqueues=0
STORE_MB_BITMAP unique=300 dup=0 oob=0 expected=300 fault_dup=0
TRAV_CAP_START idr=0
TRAV_CAP_EOP idr=0 len=1937 mb_w=20 mb_h=15
TRAV_START idr=0 len=1937
TRAV_HDR_OK i_slice=0 bit_pos=24 qp=30 pic_mbs=300 type=5
TRAV_DONE mb_count=300 err=0 unsup=0
TRAV_CY_BREAKDOWN total=295926 win=3762 wait=30868 hold=1004 setup=14831 other=245461 win_loads=57 win_reuse=947 zero_exp=0
DELIVERED_MB_BITMAP unique=300 dup=0 oob=0 expected=300 fault_drop=0 real_ref=1
RECON_STORE_COUNTS frame_paint=10 total=3000 idr=300 p=2700 p_inter_ok=2700 p_inter_fail=0 idr_mb0_store_enqueues=0
STORE_MB_BITMAP unique=300 dup=0 oob=0 expected=300 fault_dup=0
TRAV_CAP_START idr=0
TRAV_CAP_EOP idr=0 len=2103 mb_w=20 mb_h=15
TRAV_START idr=0 len=2103
TRAV_HDR_OK i_slice=0 bit_pos=26 qp=31 pic_mbs=300 type=5
TRAV_DONE mb_count=300 err=0 unsup=0
TRAV_CY_BREAKDOWN total=296479 win=4092 wait=33639 hold=1059 setup=21493 other=236196 win_loads=62 win_reuse=997 zero_exp=0
DELIVERED_MB_BITMAP unique=300 dup=0 oob=0 expected=300 fault_drop=0 real_ref=1
RECON_STORE_COUNTS frame_paint=11 total=3300 idr=300 p=3000 p_inter_ok=3000 p_inter_fail=0 idr_mb0_store_enqueues=0
STORE_MB_BITMAP unique=300 dup=0 oob=0 expected=300 fault_dup=0
TRAV_CAP_START idr=0
TRAV_CAP_EOP idr=0 len=1383 mb_w=20 mb_h=15
TRAV_START idr=0 len=1383
TRAV_HDR_OK i_slice=0 bit_pos=26 qp=33 pic_mbs=300 type=5
TRAV_DONE mb_count=300 err=0 unsup=0
TRAV_CY_BREAKDOWN total=295929 win=2640 wait=21939 hold=649 setup=10797 other=259904 win_loads=40 win_reuse=609 zero_exp=0
DELIVERED_MB_BITMAP unique=300 dup=0 oob=0 expected=300 fault_drop=0 real_ref=1
RECON_STORE_COUNTS frame_paint=12 total=3600 idr=300 p=3300 p_inter_ok=3300 p_inter_fail=0 idr_mb0_store_enqueues=0
STORE_MB_BITMAP unique=300 dup=0 oob=0 expected=300 fault_dup=0
MB0_PIPELINE_TRACE cycle=528568 qp=27 total_coeff=8 trailing_ones=3 residual_dc=-19 residual_csum=0x10 coeff=[-19,3,3,0,-3,0,-1,0,0,-1,1,0,1,0,0,0] dequant=[-4256,864,0,-288,864,-1104,0,368,0,0,0,0,-288,368,0,0] idct=[-55,-57,-54,-55,-57,-54,-56,-54,-54,-56,-99,-102,-55,-54,-102,-100] recon=[73,71,74,73,71,74,72,74,74,72,29,26,73,74,26,28]
FULL_FRAME_COMPARE raw frame=0 colorspace=I420_FROM_RGB565 plane=Y exact=1078 pixels=76800 mae=76.605599 max_abs=194
FULL_FRAME_COMPARE first_bad frame=0 colorspace=I420_FROM_RGB565 plane=Y x=1 y=0 mb_x=0 mb_y=0 pixel_in_mb_x=1 pixel_in_mb_y=0 got=68 ref=71 abs=3
FULL_FRAME_COMPARE raw frame=0 colorspace=I420_FROM_RGB565 plane=U exact=70 pixels=19200 mae=74.763698 max_abs=180
FULL_FRAME_COMPARE first_bad frame=0 colorspace=I420_FROM_RGB565 plane=U x=0 y=0 mb_x=0 mb_y=0 pixel_in_mb_x=0 pixel_in_mb_y=0 got=128 ref=218 abs=90
FULL_FRAME_COMPARE raw frame=0 colorspace=I420_FROM_RGB565 plane=V exact=160 pixels=19200 mae=75.252813 max_abs=211
FULL_FRAME_COMPARE first_bad frame=0 colorspace=I420_FROM_RGB565 plane=V x=0 y=0 mb_x=0 mb_y=0 pixel_in_mb_x=0 pixel_in_mb_y=0 got=128 ref=165 abs=37
FULL_FRAME_COMPARE mb frame=0 exact=0 total=300
FULL_FRAME_COMPARE raw frame=1 colorspace=I420_FROM_RGB565 plane=Y exact=905 pixels=76800 mae=77.307227 max_abs=204
FULL_FRAME_COMPARE first_bad frame=1 colorspace=I420_FROM_RGB565 plane=Y x=0 y=0 mb_x=0 mb_y=0 pixel_in_mb_x=0 pixel_in_mb_y=0 got=145 ref=80 abs=65
FULL_FRAME_COMPARE raw frame=1 colorspace=I420_FROM_RGB565 plane=U exact=158 pixels=19200 mae=74.592292 max_abs=183
FULL_FRAME_COMPARE first_bad frame=1 colorspace=I420_FROM_RGB565 plane=U x=0 y=0 mb_x=0 mb_y=0 pixel_in_mb_x=0 pixel_in_mb_y=0 got=176 ref=89 abs=87
FULL_FRAME_COMPARE raw frame=1 colorspace=I420_FROM_RGB565 plane=V exact=20 pixels=19200 mae=72.675573 max_abs=211
FULL_FRAME_COMPARE first_bad frame=1 colorspace=I420_FROM_RGB565 plane=V x=0 y=0 mb_x=0 mb_y=0 pixel_in_mb_x=0 pixel_in_mb_y=0 got=36 ref=245 abs=209
FULL_FRAME_COMPARE mb frame=1 exact=0 total=300
FULL_FRAME_COMPARE raw frame=2 colorspace=I420_FROM_RGB565 plane=Y exact=451 pixels=76800 mae=77.264792 max_abs=204
FULL_FRAME_COMPARE first_bad frame=2 colorspace=I420_FROM_RGB565 plane=Y x=0 y=0 mb_x=0 mb_y=0 pixel_in_mb_x=0 pixel_in_mb_y=0 got=145 ref=80 abs=65
FULL_FRAME_COMPARE raw frame=2 colorspace=I420_FROM_RGB565 plane=U exact=105 pixels=19200 mae=75.221458 max_abs=183
FULL_FRAME_COMPARE first_bad frame=2 colorspace=I420_FROM_RGB565 plane=U x=0 y=0 mb_x=0 mb_y=0 pixel_in_mb_x=0 pixel_in_mb_y=0 got=176 ref=92 abs=84
FULL_FRAME_COMPARE raw frame=2 colorspace=I420_FROM_RGB565 plane=V exact=22 pixels=19200 mae=72.482083 max_abs=211
FULL_FRAME_COMPARE first_bad frame=2 colorspace=I420_FROM_RGB565 plane=V x=0 y=0 mb_x=0 mb_y=0 pixel_in_mb_x=0 pixel_in_mb_y=0 got=36 ref=247 abs=211
FULL_FRAME_COMPARE mb frame=2 exact=0 total=300
FULL_FRAME_COMPARE raw frame=3 colorspace=I420_FROM_RGB565 plane=Y exact=281 pixels=76800 mae=77.078438 max_abs=204
FULL_FRAME_COMPARE first_bad frame=3 colorspace=I420_FROM_RGB565 plane=Y x=0 y=0 mb_x=0 mb_y=0 pixel_in_mb_x=0 pixel_in_mb_y=0 got=145 ref=80 abs=65
FULL_FRAME_COMPARE raw frame=3 colorspace=I420_FROM_RGB565 plane=U exact=77 pixels=19200 mae=75.881146 max_abs=187
FULL_FRAME_COMPARE first_bad frame=3 colorspace=I420_FROM_RGB565 plane=U x=0 y=0 mb_x=0 mb_y=0 pixel_in_mb_x=0 pixel_in_mb_y=0 got=176 ref=92 abs=84
FULL_FRAME_COMPARE raw frame=3 colorspace=I420_FROM_RGB565 plane=V exact=16 pixels=19200 mae=72.198542 max_abs=210
FULL_FRAME_COMPARE first_bad frame=3 colorspace=I420_FROM_RGB565 plane=V x=0 y=0 mb_x=0 mb_y=0 pixel_in_mb_x=0 pixel_in_mb_y=0 got=36 ref=244 abs=208
FULL_FRAME_COMPARE mb frame=3 exact=0 total=300
FULL_FRAME_COMPARE raw frame=4 colorspace=I420_FROM_RGB565 plane=Y exact=330 pixels=76800 mae=76.959089 max_abs=204
FULL_FRAME_COMPARE first_bad frame=4 colorspace=I420_FROM_RGB565 plane=Y x=0 y=0 mb_x=0 mb_y=0 pixel_in_mb_x=0 pixel_in_mb_y=0 got=145 ref=80 abs=65
FULL_FRAME_COMPARE raw frame=4 colorspace=I420_FROM_RGB565 plane=U exact=46 pixels=19200 mae=76.557187 max_abs=187
FULL_FRAME_COMPARE first_bad frame=4 colorspace=I420_FROM_RGB565 plane=U x=0 y=0 mb_x=0 mb_y=0 pixel_in_mb_x=0 pixel_in_mb_y=0 got=176 ref=91 abs=85
FULL_FRAME_COMPARE raw frame=4 colorspace=I420_FROM_RGB565 plane=V exact=16 pixels=19200 mae=71.945417 max_abs=210
FULL_FRAME_COMPARE first_bad frame=4 colorspace=I420_FROM_RGB565 plane=V x=0 y=0 mb_x=0 mb_y=0 pixel_in_mb_x=0 pixel_in_mb_y=0 got=36 ref=245 abs=209
FULL_FRAME_COMPARE mb frame=4 exact=0 total=300
FULL_FRAME_COMPARE raw frame=5 colorspace=I420_FROM_RGB565 plane=Y exact=296 pixels=76800 mae=76.804102 max_abs=204
FULL_FRAME_COMPARE first_bad frame=5 colorspace=I420_FROM_RGB565 plane=Y x=0 y=0 mb_x=0 mb_y=0 pixel_in_mb_x=0 pixel_in_mb_y=0 got=145 ref=80 abs=65
FULL_FRAME_COMPARE raw frame=5 colorspace=I420_FROM_RGB565 plane=U exact=68 pixels=19200 mae=77.241979 max_abs=202
FULL_FRAME_COMPARE first_bad frame=5 colorspace=I420_FROM_RGB565 plane=U x=0 y=0 mb_x=0 mb_y=0 pixel_in_mb_x=0 pixel_in_mb_y=0 got=176 ref=91 abs=85
FULL_FRAME_COMPARE raw frame=5 colorspace=I420_FROM_RGB565 plane=V exact=19 pixels=19200 mae=71.723750 max_abs=210
FULL_FRAME_COMPARE first_bad frame=5 colorspace=I420_FROM_RGB565 plane=V x=0 y=0 mb_x=0 mb_y=0 pixel_in_mb_x=0 pixel_in_mb_y=0 got=36 ref=245 abs=209
FULL_FRAME_COMPARE mb frame=5 exact=0 total=300
FULL_FRAME_COMPARE raw frame=6 colorspace=I420_FROM_RGB565 plane=Y exact=363 pixels=76800 mae=76.588568 max_abs=204
FULL_FRAME_COMPARE first_bad frame=6 colorspace=I420_FROM_RGB565 plane=Y x=0 y=0 mb_x=0 mb_y=0 pixel_in_mb_x=0 pixel_in_mb_y=0 got=145 ref=80 abs=65
FULL_FRAME_COMPARE raw frame=6 colorspace=I420_FROM_RGB565 plane=U exact=78 pixels=19200 mae=77.958177 max_abs=202
FULL_FRAME_COMPARE first_bad frame=6 colorspace=I420_FROM_RGB565 plane=U x=0 y=0 mb_x=0 mb_y=0 pixel_in_mb_x=0 pixel_in_mb_y=0 got=176 ref=91 abs=85
FULL_FRAME_COMPARE raw frame=6 colorspace=I420_FROM_RGB565 plane=V exact=33 pixels=19200 mae=71.671562 max_abs=210
FULL_FRAME_COMPARE first_bad frame=6 colorspace=I420_FROM_RGB565 plane=V x=0 y=0 mb_x=0 mb_y=0 pixel_in_mb_x=0 pixel_in_mb_y=0 got=36 ref=245 abs=209
FULL_FRAME_COMPARE mb frame=6 exact=0 total=300
FULL_FRAME_COMPARE raw frame=7 colorspace=I420_FROM_RGB565 plane=Y exact=286 pixels=76800 mae=76.368359 max_abs=204
FULL_FRAME_COMPARE first_bad frame=7 colorspace=I420_FROM_RGB565 plane=Y x=0 y=0 mb_x=0 mb_y=0 pixel_in_mb_x=0 pixel_in_mb_y=0 got=145 ref=80 abs=65
FULL_FRAME_COMPARE raw frame=7 colorspace=I420_FROM_RGB565 plane=U exact=86 pixels=19200 mae=78.523854 max_abs=206
FULL_FRAME_COMPARE first_bad frame=7 colorspace=I420_FROM_RGB565 plane=U x=0 y=0 mb_x=0 mb_y=0 pixel_in_mb_x=0 pixel_in_mb_y=0 got=176 ref=91 abs=85
FULL_FRAME_COMPARE raw frame=7 colorspace=I420_FROM_RGB565 plane=V exact=35 pixels=19200 mae=71.491458 max_abs=210
FULL_FRAME_COMPARE first_bad frame=7 colorspace=I420_FROM_RGB565 plane=V x=0 y=0 mb_x=0 mb_y=0 pixel_in_mb_x=0 pixel_in_mb_y=0 got=36 ref=245 abs=209
FULL_FRAME_COMPARE mb frame=7 exact=0 total=300
FULL_FRAME_COMPARE raw frame=8 colorspace=I420_FROM_RGB565 plane=Y exact=248 pixels=76800 mae=76.192552 max_abs=204
FULL_FRAME_COMPARE first_bad frame=8 colorspace=I420_FROM_RGB565 plane=Y x=0 y=0 mb_x=0 mb_y=0 pixel_in_mb_x=0 pixel_in_mb_y=0 got=145 ref=80 abs=65
FULL_FRAME_COMPARE raw frame=8 colorspace=I420_FROM_RGB565 plane=U exact=106 pixels=19200 mae=79.382865 max_abs=206
FULL_FRAME_COMPARE first_bad frame=8 colorspace=I420_FROM_RGB565 plane=U x=0 y=0 mb_x=0 mb_y=0 pixel_in_mb_x=0 pixel_in_mb_y=0 got=176 ref=91 abs=85
FULL_FRAME_COMPARE raw frame=8 colorspace=I420_FROM_RGB565 plane=V exact=42 pixels=19200 mae=71.341562 max_abs=210
FULL_FRAME_COMPARE first_bad frame=8 colorspace=I420_FROM_RGB565 plane=V x=0 y=0 mb_x=0 mb_y=0 pixel_in_mb_x=0 pixel_in_mb_y=0 got=36 ref=245 abs=209
FULL_FRAME_COMPARE mb frame=8 exact=0 total=300
FULL_FRAME_COMPARE raw frame=9 colorspace=I420_FROM_RGB565 plane=Y exact=281 pixels=76800 mae=75.996562 max_abs=204
FULL_FRAME_COMPARE first_bad frame=9 colorspace=I420_FROM_RGB565 plane=Y x=0 y=0 mb_x=0 mb_y=0 pixel_in_mb_x=0 pixel_in_mb_y=0 got=145 ref=80 abs=65
FULL_FRAME_COMPARE raw frame=9 colorspace=I420_FROM_RGB565 plane=U exact=124 pixels=19200 mae=80.215208 max_abs=208
FULL_FRAME_COMPARE first_bad frame=9 colorspace=I420_FROM_RGB565 plane=U x=0 y=0 mb_x=0 mb_y=0 pixel_in_mb_x=0 pixel_in_mb_y=0 got=176 ref=91 abs=85
FULL_FRAME_COMPARE raw frame=9 colorspace=I420_FROM_RGB565 plane=V exact=36 pixels=19200 mae=71.256510 max_abs=210
FULL_FRAME_COMPARE first_bad frame=9 colorspace=I420_FROM_RGB565 plane=V x=0 y=0 mb_x=0 mb_y=0 pixel_in_mb_x=0 pixel_in_mb_y=0 got=36 ref=245 abs=209
FULL_FRAME_COMPARE mb frame=9 exact=0 total=300
FULL_FRAME_COMPARE raw frame=10 colorspace=I420_FROM_RGB565 plane=Y exact=301 pixels=76800 mae=75.859544 max_abs=204
FULL_FRAME_COMPARE first_bad frame=10 colorspace=I420_FROM_RGB565 plane=Y x=0 y=0 mb_x=0 mb_y=0 pixel_in_mb_x=0 pixel_in_mb_y=0 got=145 ref=80 abs=65
FULL_FRAME_COMPARE raw frame=10 colorspace=I420_FROM_RGB565 plane=U exact=125 pixels=19200 mae=81.038698 max_abs=208
FULL_FRAME_COMPARE first_bad frame=10 colorspace=I420_FROM_RGB565 plane=U x=0 y=0 mb_x=0 mb_y=0 pixel_in_mb_x=0 pixel_in_mb_y=0 got=176 ref=91 abs=85
FULL_FRAME_COMPARE raw frame=10 colorspace=I420_FROM_RGB565 plane=V exact=33 pixels=19200 mae=71.225885 max_abs=210
FULL_FRAME_COMPARE first_bad frame=10 colorspace=I420_FROM_RGB565 plane=V x=0 y=0 mb_x=0 mb_y=0 pixel_in_mb_x=0 pixel_in_mb_y=0 got=36 ref=245 abs=209
FULL_FRAME_COMPARE mb frame=10 exact=0 total=300
FULL_FRAME_COMPARE raw frame=11 colorspace=I420_FROM_RGB565 plane=Y exact=324 pixels=76800 mae=75.846510 max_abs=204
FULL_FRAME_COMPARE first_bad frame=11 colorspace=I420_FROM_RGB565 plane=Y x=0 y=0 mb_x=0 mb_y=0 pixel_in_mb_x=0 pixel_in_mb_y=0 got=145 ref=80 abs=65
FULL_FRAME_COMPARE raw frame=11 colorspace=I420_FROM_RGB565 plane=U exact=99 pixels=19200 mae=82.049635 max_abs=212
FULL_FRAME_COMPARE first_bad frame=11 colorspace=I420_FROM_RGB565 plane=U x=0 y=0 mb_x=0 mb_y=0 pixel_in_mb_x=0 pixel_in_mb_y=0 got=176 ref=91 abs=85
FULL_FRAME_COMPARE raw frame=11 colorspace=I420_FROM_RGB565 plane=V exact=42 pixels=19200 mae=71.127865 max_abs=210
FULL_FRAME_COMPARE first_bad frame=11 colorspace=I420_FROM_RGB565 plane=V x=0 y=0 mb_x=0 mb_y=0 pixel_in_mb_x=0 pixel_in_mb_y=0 got=36 ref=245 abs=209
FULL_FRAME_COMPARE mb frame=11 exact=0 total=300
DEGENERACY_WARNING inter_captures_constant_y=2398/3300 (partial DPB corruption)
STAGE_CYCLES frame=0 parse_cycles=289 paint_cycles=602980 parse_per_mb=0.963 paint_per_mb=2009.933
STAGE_CYCLES frame=1 parse_cycles=413697 paint_cycles=76800 parse_per_mb=1378.990 paint_per_mb=256.000
STAGE_CYCLES frame=2 parse_cycles=413867 paint_cycles=76800 parse_per_mb=1379.557 paint_per_mb=256.000
STAGE_CYCLES frame=3 parse_cycles=413965 paint_cycles=76800 parse_per_mb=1379.883 paint_per_mb=256.000
STAGE_CYCLES frame=4 parse_cycles=413487 paint_cycles=76800 parse_per_mb=1378.290 paint_per_mb=256.000
STAGE_CYCLES frame=5 parse_cycles=413753 paint_cycles=76800 parse_per_mb=1379.177 paint_per_mb=256.000
STAGE_CYCLES frame=6 parse_cycles=413974 paint_cycles=76800 parse_per_mb=1379.913 paint_per_mb=256.000
STAGE_CYCLES frame=7 parse_cycles=414298 paint_cycles=76800 parse_per_mb=1380.993 paint_per_mb=256.000
STAGE_CYCLES frame=8 parse_cycles=413361 paint_cycles=76800 parse_per_mb=1377.870 paint_per_mb=256.000
STAGE_CYCLES frame=9 parse_cycles=413102 paint_cycles=76800 parse_per_mb=1377.007 paint_per_mb=256.000
STAGE_CYCLES frame=10 parse_cycles=413652 paint_cycles=76800 parse_per_mb=1378.840 paint_per_mb=256.000
STAGE_CYCLES frame=11 parse_cycles=413102 paint_cycles=76800 parse_per_mb=1377.007 paint_per_mb=256.000
STAGE_CYCLES_TOTAL frames=12 parse_total=4550547 paint_total=1447780 injection_total=55306 nonvcl_idle_total=768 reset_total=12 parse_per_mb=1264.041 paint_per_mb=402.161 injection_per_mb=15.363
FULL_FRAME_COMPARE summary width=320 height=240 frames=12 nals=15 idr=1 p=11 bytes=27653 p_mb_count_max=300 p_slice_done_pulses=12 traversed/total=300/300 native_inter_mb_captures=3300 native_inter_ignored=0 native_i420_dpb_writes=1382400 cycles=6071531 first_bad_frame=0 strict_pass=0 mode=expect-red
OK full-frame expected-red: strict reference comparison diverged at frame 0
