misterplexd: MATCH_SOURCE_HZ=off SOURCE_FPS=auto (cadence/OSD path; switchres TODO)
misterplexd: CLI_DECODE_WINS --decode 1280x720 (conf DECODE=320x240 ignored)
misterplexd: FFMPEG_SWS_FLAGS=fast_bilinear
misterplexd: FFMPEG_FPS_FILTER=off
misterplexd: GLASS-MAX glass=L4 bank=1280x720 doorbell=0x3047F000
misterplexd: SKIP_FORWARD_MS=30000 SKIP_BACK_MS=10000
misterplexd: AUDIO_DELAY_MS=0 (0=fresh, no hardcoded lag)
misterplexd: AUDIO_CLOCK_PPM=-638
misterplexd: AV_PRESENT_LEAD_MS=40 AV_RESYNC_DROP_MS=0
misterplexd: OSD_CONTROL=1
misterplexd: IDLE_SCREEN=logo AV_OFFSET_MS=0
misterplexd: DDR_MEM_SYNC=1 DDR_MEM_FLUSH=0
misterplexd: DDR_FRAME_FORMAT=yuv420p
misterplexd: PRESENT_PROFILE=0
media: FPGA frame path OK (PRESENT=fpga → DDR YUV420p only)
media: fabric_direct=0 (MPX_FABRIC_DIRECT env/compile; 720p may poke PLXP)
media: stick_i420=1 (MPX_STICK_I420 env/compile; 720p may skip 0x30180000 memcpy)
media: audio device /dev/MrAudio OK (s16le stereo @ 48k → FPGA)
misterplexd: LAB play-file=/media/fat/misterplex/clips/real720p_1500k_av.mp4 seconds=15 decode=1280x720 doorbell=0x3047F000 PLXJ=0x3047F130 L4
media: display raster 480p → video_mode 5
media: OSD word=0xa010 av_offset_ms=0 clock_ppm=-638 resync=on content_res=480p display_res=480p decode=1280x720
media: idle screen painted (mode=0)
media: source aspect publish optional-continue: sendSourceAspect: PLXJ ACK timeout want=16:9 token=1 last=4:3 token=0
media: FPGA frame path OK (PRESENT=fpga → DDR YUV420p only)
media: fabric_direct=0 (MPX_FABRIC_DIRECT env/compile; 720p may poke PLXP)
media: stick_i420=1 (MPX_STICK_I420 env/compile; 720p may skip 0x30180000 memcpy)
media: audio device /dev/MrAudio OK (s16le stereo @ 48k → FPGA)
media: MiSTer pid=30833 nice=19 (was 0)
media: scale/pad skipped (local_identity_file coded=1280x720 scale=bypass)
media: content fps UNKNOWN — pacing at 24/1 and relying on drift correction
media: STREAM=0 rawvideo(yuv420p)→F1 PRESENT=fpga decode=1280x720 coded=1280x720 display=1280x720 clock=wall-48k-audio+every-frame-present
media: video_pipe_sz want=4194304 set0=4194304 set1=4194304 get=4194304
media: spawn 720p split A/V (video -an + audio-only) — hypothesized audio backpressure relief
media: spawn 720p video /media/fat/misterplex_v2/bin/ffmpeg -hide_banner -loglevel error -nostdin -threads 2 -sws_flags fast_bilinear -i /media/fat/misterplex/clips/real720p_1500k_av.mp4 -map 0:v:0 -an -f rawvideo -pix_fmt yuv420p pipe:1
media: DDR layout coded=1280x720 frame_bytes=1382400 direct_ingest=on
media: MrAudio open — software-paced 48kHz delay_ms=0 clock_ppm=-638 (adelay in ffmpeg if >0)
media: A/V origin armed audio_active=1 waited_ms=2
media: present_pipeline=2slot_cached_ring frame_bytes=1382400 true480_exact_gate=0 strict_ddr_gate=1 fabric_direct=0 stick_i420=1
media: fabric_direct src_phys=STUB slots=0x00000000,0x00000000 alloc=stub
media: MrAudio playback position available — video now paces off what is HEARD, not what is sent
media: audio latency 0ms queued=0B rptr=30720 wptr=30720
media: DDR_PIPE A/V resync drop frame=1 drift_ms=142 drops=1
misterplexd: PLXD wait_us=3000000 (720p MPX_PLXD_WAIT_US)
media: frames=11 vfps=10.5 pfps=4.80 audio_s=0.985 wall_s=1.041 audio=on clock=av-lock av_drift_ms=446 drops=6 hw_presents=unavailable hw_presents_src=plxd_swap_count fps=24/1 decode=1280x720 pipe=1
media: frames=25 vfps=11.9 pfps=5.74 audio_s=2.025 wall_s=2.088 audio=on clock=av-lock av_drift_ms=897 drops=13 hw_presents=unavailable hw_presents_src=plxd_swap_count fps=24/1 decode=1280x720 pipe=1
media: frames=39 vfps=12.5 pfps=6.09 audio_s=3.065 wall_s=3.117 audio=on clock=av-lock av_drift_ms=1352 drops=20 hw_presents=unavailable hw_presents_src=plxd_swap_count fps=24/1 decode=1280x720 pipe=1
media: DDR_PIPE A/V resync drop frame=49 drift_ms=1534 drops=25
media: frames=55 vfps=13.2 pfps=6.48 audio_s=4.105 wall_s=4.163 audio=on clock=av-lock av_drift_ms=1724 drops=28 hw_presents=unavailable hw_presents_src=plxd_swap_count fps=24/1 decode=1280x720 pipe=1
media: audio latency 90ms queued=17457B rptr=457624 wptr=475136
media: frames=71 vfps=13.5 pfps=6.66 audio_s=5.185 wall_s=5.252 audio=on clock=av-lock av_drift_ms=2136 drops=36 hw_presents=unavailable hw_presents_src=plxd_swap_count fps=24/1 decode=1280x720 pipe=1
media: frames=87 vfps=13.8 pfps=6.82 audio_s=6.245 wall_s=6.300 audio=on clock=av-lock av_drift_ms=2528 drops=44 hw_presents=unavailable hw_presents_src=plxd_swap_count fps=24/1 decode=1280x720 pipe=1
media: fpga frame_tx ok via DDR_PIPE presents=48 frames=96 ms=7 prep_us=3841 copy_us=0 plxd_us=1158 total_us=7594 fabric=stick
media: DDR_PIPE A/V resync drop frame=97 drift_ms=2730 drops=49
media: frames=103 vfps=14.0 pfps=6.94 audio_s=7.285 wall_s=7.343 audio=on clock=av-lock av_drift_ms=2900 drops=52 hw_presents=unavailable hw_presents_src=plxd_swap_count fps=24/1 decode=1280x720 pipe=1
media: frames=119 vfps=14.1 pfps=6.99 audio_s=8.365 wall_s=8.430 audio=on clock=av-lock av_drift_ms=3312 drops=60 hw_presents=unavailable hw_presents_src=plxd_swap_count fps=24/1 decode=1280x720 pipe=1
media: frames=135 vfps=14.1 pfps=7.04 audio_s=9.465 wall_s=9.514 audio=on clock=av-lock av_drift_ms=3745 drops=68 hw_presents=unavailable hw_presents_src=plxd_swap_count fps=24/1 decode=1280x720 pipe=1
media: DDR_PIPE A/V resync drop frame=145 drift_ms=3968 drops=73
media: audio latency 95ms queued=18296B rptr=375920 wptr=394240
media: frames=151 vfps=14.2 pfps=7.07 audio_s=10.54 wall_s=10.60 audio=on clock=av-lock av_drift_ms=4158 drops=76 hw_presents=unavailable hw_presents_src=plxd_swap_count fps=24/1 decode=1280x720 pipe=1
media: frames=167 vfps=14.2 pfps=7.08 audio_s=11.64 wall_s=11.71 audio=on clock=av-lock av_drift_ms=4590 drops=84 hw_presents=unavailable hw_presents_src=plxd_swap_count fps=24/1 decode=1280x720 pipe=1
media: frames=183 vfps=14.3 pfps=7.11 audio_s=12.74 wall_s=12.79 audio=on clock=av-lock av_drift_ms=5023 drops=92 hw_presents=unavailable hw_presents_src=plxd_swap_count fps=24/1 decode=1280x720 pipe=1
media: fpga frame_tx ok via DDR_PIPE presents=96 frames=192 ms=7 prep_us=3851 copy_us=0 plxd_us=1142 total_us=7532 fabric=stick
media: DDR_PIPE A/V resync drop frame=193 drift_ms=5226 drops=97
media: frames=199 vfps=14.3 pfps=7.15 audio_s=13.78 wall_s=13.83 audio=on clock=av-lock av_drift_ms=5396 drops=100 hw_presents=unavailable hw_presents_src=plxd_swap_count fps=24/1 decode=1280x720 pipe=1
media: frames=215 vfps=14.4 pfps=7.18 audio_s=14.84 wall_s=14.90 audio=on clock=av-lock av_drift_ms=5789 drops=108 hw_presents=unavailable hw_presents_src=plxd_swap_count fps=24/1 decode=1280x720 pipe=1
media: audio pump end bytes=2850304 f2=0
media: pipeline short read got=524288/1382400
media: session end frames=215 recon=0 cabac=0 stream=off rawvideo=on true480_pipeline_aborted=0 present=fpga skip_rgb=0
media: MiSTer nice restored
misterplexd: LAB play-file done frames=215 presented=107 recon=0 totalBytes=297740288
